Archive member included to satisfy reference by file (symbol)

d:/software/gcc-arm-none-eabi-10.3-2021.10/bin/../lib/gcc/arm-none-eabi/10.3.1/thumb/v7-m/nofp\libgcc.a(_arm_mulsf3.o)
                              CMakeFiles/HelloWord-Keyboard-fw.elf.dir/HelloWord/hw_keyboard.cpp.obj (__aeabi_fmul)
d:/software/gcc-arm-none-eabi-10.3-2021.10/bin/../lib/gcc/arm-none-eabi/10.3.1/thumb/v7-m/nofp\libgcc.a(_arm_addsubdf3.o)
                              CMakeFiles/HelloWord-Keyboard-fw.elf.dir/UserApp/main.cpp.obj (__aeabi_f2d)
d:/software/gcc-arm-none-eabi-10.3-2021.10/bin/../lib/gcc/arm-none-eabi/10.3.1/thumb/v7-m/nofp\libgcc.a(_arm_cmpdf2.o)
                              CMakeFiles/HelloWord-Keyboard-fw.elf.dir/UserApp/main.cpp.obj (__aeabi_dcmplt)
d:/software/gcc-arm-none-eabi-10.3-2021.10/bin/../lib/gcc/arm-none-eabi/10.3.1/thumb/v7-m/nofp\libgcc.a(_arm_addsubsf3.o)
                              CMakeFiles/HelloWord-Keyboard-fw.elf.dir/UserApp/main.cpp.obj (__aeabi_fsub)
d:/software/gcc-arm-none-eabi-10.3-2021.10/bin/../lib/gcc/arm-none-eabi/10.3.1/thumb/v7-m/nofp\libgcc.a(_arm_cmpsf2.o)
                              CMakeFiles/HelloWord-Keyboard-fw.elf.dir/UserApp/main.cpp.obj (__aeabi_fcmplt)
d:/software/gcc-arm-none-eabi-10.3-2021.10/bin/../lib/gcc/arm-none-eabi/10.3.1/thumb/v7-m/nofp\libgcc.a(_arm_fixunssfsi.o)
                              CMakeFiles/HelloWord-Keyboard-fw.elf.dir/HelloWord/hw_keyboard.cpp.obj (__aeabi_f2uiz)
d:/software/gcc-arm-none-eabi-10.3-2021.10/bin/../lib/gcc/arm-none-eabi/10.3.1/../../../../arm-none-eabi/lib/thumb/v7-m/nofp\libg.a(lib_a-errno.o)
                              CMakeFiles/HelloWord-Keyboard-fw.elf.dir/Core/Src/syscalls.c.obj (__errno)
d:/software/gcc-arm-none-eabi-10.3-2021.10/bin/../lib/gcc/arm-none-eabi/10.3.1/../../../../arm-none-eabi/lib/thumb/v7-m/nofp\libg.a(lib_a-exit.o)
                              d:/software/gcc-arm-none-eabi-10.3-2021.10/bin/../lib/gcc/arm-none-eabi/10.3.1/../../../../arm-none-eabi/lib/thumb/v7-m/nofp/crt0.o (exit)
d:/software/gcc-arm-none-eabi-10.3-2021.10/bin/../lib/gcc/arm-none-eabi/10.3.1/../../../../arm-none-eabi/lib/thumb/v7-m/nofp\libg.a(lib_a-impure.o)
                              d:/software/gcc-arm-none-eabi-10.3-2021.10/bin/../lib/gcc/arm-none-eabi/10.3.1/../../../../arm-none-eabi/lib/thumb/v7-m/nofp\libg.a(lib_a-exit.o) (_global_impure_ptr)
d:/software/gcc-arm-none-eabi-10.3-2021.10/bin/../lib/gcc/arm-none-eabi/10.3.1/../../../../arm-none-eabi/lib/thumb/v7-m/nofp\libg.a(lib_a-init.o)
                              d:/software/gcc-arm-none-eabi-10.3-2021.10/bin/../lib/gcc/arm-none-eabi/10.3.1/../../../../arm-none-eabi/lib/thumb/v7-m/nofp/crt0.o (__libc_init_array)
d:/software/gcc-arm-none-eabi-10.3-2021.10/bin/../lib/gcc/arm-none-eabi/10.3.1/../../../../arm-none-eabi/lib/thumb/v7-m/nofp\libg.a(lib_a-memcpy.o)
                              CMakeFiles/HelloWord-Keyboard-fw.elf.dir/HelloWord/Utils/Memory/random_flash_utils.cpp.obj (memcpy)
d:/software/gcc-arm-none-eabi-10.3-2021.10/bin/../lib/gcc/arm-none-eabi/10.3.1/../../../../arm-none-eabi/lib/thumb/v7-m/nofp\libg.a(lib_a-memset.o)
                              d:/software/gcc-arm-none-eabi-10.3-2021.10/bin/../lib/gcc/arm-none-eabi/10.3.1/../../../../arm-none-eabi/lib/thumb/v7-m/nofp/crt0.o (memset)
d:/software/gcc-arm-none-eabi-10.3-2021.10/bin/../lib/gcc/arm-none-eabi/10.3.1/../../../../arm-none-eabi/lib/thumb/v7-m/nofp\libg.a(lib_a-setvbuf.o)
                              CMakeFiles/HelloWord-Keyboard-fw.elf.dir/HelloWord/Utils/retarget.c.obj (setvbuf)
d:/software/gcc-arm-none-eabi-10.3-2021.10/bin/../lib/gcc/arm-none-eabi/10.3.1/../../../../arm-none-eabi/lib/thumb/v7-m/nofp\libg.a(lib_a-__call_atexit.o)
                              d:/software/gcc-arm-none-eabi-10.3-2021.10/bin/../lib/gcc/arm-none-eabi/10.3.1/../../../../arm-none-eabi/lib/thumb/v7-m/nofp\libg.a(lib_a-exit.o) (__call_exitprocs)
d:/software/gcc-arm-none-eabi-10.3-2021.10/bin/../lib/gcc/arm-none-eabi/10.3.1/../../../../arm-none-eabi/lib/thumb/v7-m/nofp\libg.a(lib_a-atexit.o)
                              d:/software/gcc-arm-none-eabi-10.3-2021.10/bin/../lib/gcc/arm-none-eabi/10.3.1/../../../../arm-none-eabi/lib/thumb/v7-m/nofp\libg.a(lib_a-__call_atexit.o) (atexit)
d:/software/gcc-arm-none-eabi-10.3-2021.10/bin/../lib/gcc/arm-none-eabi/10.3.1/../../../../arm-none-eabi/lib/thumb/v7-m/nofp\libg.a(lib_a-fflush.o)
                              d:/software/gcc-arm-none-eabi-10.3-2021.10/bin/../lib/gcc/arm-none-eabi/10.3.1/../../../../arm-none-eabi/lib/thumb/v7-m/nofp\libg.a(lib_a-setvbuf.o) (_fflush_r)
d:/software/gcc-arm-none-eabi-10.3-2021.10/bin/../lib/gcc/arm-none-eabi/10.3.1/../../../../arm-none-eabi/lib/thumb/v7-m/nofp\libg.a(lib_a-findfp.o)
                              d:/software/gcc-arm-none-eabi-10.3-2021.10/bin/../lib/gcc/arm-none-eabi/10.3.1/../../../../arm-none-eabi/lib/thumb/v7-m/nofp\libg.a(lib_a-setvbuf.o) (__sinit)
[...]
Memory Configuration

Name             Origin             Length             Attributes
RAM              0x20000000         0x00005000         xrw
FLASH            0x08004000         0x0001c000         xr
*default*        0x00000000         0xffffffff

Linker script and memory map

LOAD d:/software/gcc-arm-none-eabi-10.3-2021.10/bin/../lib/gcc/arm-none-eabi/10.3.1/thumb/v7-m/nofp/crti.o
LOAD d:/software/gcc-arm-none-eabi-10.3-2021.10/bin/../lib/gcc/arm-none-eabi/10.3.1/thumb/v7-m/nofp/crtbegin.o
LOAD d:/software/gcc-arm-none-eabi-10.3-2021.10/bin/../lib/gcc/arm-none-eabi/10.3.1/../../../../arm-none-eabi/lib/thumb/v7-m/nofp/crt0.o
LOAD CMakeFiles/HelloWord-Keyboard-fw.elf.dir/Core/Src/dma.c.obj
LOAD CMakeFiles/HelloWord-Keyboard-fw.elf.dir/Core/Src/gpio.c.obj
LOAD CMakeFiles/HelloWord-Keyboard-fw.elf.dir/Core/Src/main.c.obj
LOAD CMakeFiles/HelloWord-Keyboard-fw.elf.dir/Core/Src/spi.c.obj
LOAD CMakeFiles/HelloWord-Keyboard-fw.elf.dir/Core/Src/stm32f1xx_hal_msp.c.obj
LOAD CMakeFiles/HelloWord-Keyboard-fw.elf.dir/Core/Src/stm32f1xx_it.c.obj
LOAD CMakeFiles/HelloWord-Keyboard-fw.elf.dir/Core/Src/syscalls.c.obj
LOAD CMakeFiles/HelloWord-Keyboard-fw.elf.dir/Core/Src/system_stm32f1xx.c.obj
LOAD CMakeFiles/HelloWord-Keyboard-fw.elf.dir/Core/Src/tim.c.obj
LOAD CMakeFiles/HelloWord-Keyboard-fw.elf.dir/Core/Src/usart.c.obj
LOAD CMakeFiles/HelloWord-Keyboard-fw.elf.dir/Drivers/STM32F1xx_HAL_Driver/Src/stm32f1xx_hal.c.obj
LOAD CMakeFiles/HelloWord-Keyboard-fw.elf.dir/Drivers/STM32F1xx_HAL_Driver/Src/stm32f1xx_hal_cortex.c.obj
LOAD CMakeFiles/HelloWord-Keyboard-fw.elf.dir/Drivers/STM32F1xx_HAL_Driver/Src/stm32f1xx_hal_dma.c.obj
LOAD CMakeFiles/HelloWord-Keyboard-fw.elf.dir/Drivers/STM32F1xx_HAL_Driver/Src/stm32f1xx_hal_exti.c.obj
LOAD CMakeFiles/HelloWord-Keyboard-fw.elf.dir/Drivers/STM32F1xx_HAL_Driver/Src/stm32f1xx_hal_flash.c.obj
LOAD CMakeFiles/HelloWord-Keyboard-fw.elf.dir/Drivers/STM32F1xx_HAL_Driver/Src/stm32f1xx_hal_flash_ex.c.obj
LOAD CMakeFiles/HelloWord-Keyboard-fw.elf.dir/Drivers/STM32F1xx_HAL_Driver/Src/stm32f1xx_hal_gpio.c.obj
LOAD CMakeFiles/HelloWord-Keyboard-fw.elf.dir/Drivers/STM32F1xx_HAL_Driver/Src/stm32f1xx_hal_gpio_ex.c.obj
LOAD CMakeFiles/HelloWord-Keyboard-fw.elf.dir/Drivers/STM32F1xx_HAL_Driver/Src/stm32f1xx_hal_pcd.c.obj
LOAD CMakeFiles/HelloWord-Keyboard-fw.elf.dir/Drivers/STM32F1xx_HAL_Driver/Src/stm32f1xx_hal_pcd_ex.c.obj
LOAD CMakeFiles/HelloWord-Keyboard-fw.elf.dir/Drivers/STM32F1xx_HAL_Driver/Src/stm32f1xx_hal_pwr.c.obj
LOAD CMakeFiles/HelloWord-Keyboard-fw.elf.dir/Drivers/STM32F1xx_HAL_Driver/Src/stm32f1xx_hal_rcc.c.obj
LOAD CMakeFiles/HelloWord-Keyboard-fw.elf.dir/Drivers/STM32F1xx_HAL_Driver/Src/stm32f1xx_hal_rcc_ex.c.obj
LOAD CMakeFiles/HelloWord-Keyboard-fw.elf.dir/Drivers/STM32F1xx_HAL_Driver/Src/stm32f1xx_hal_spi.c.obj
LOAD CMakeFiles/HelloWord-Keyboard-fw.elf.dir/Drivers/STM32F1xx_HAL_Driver/Src/stm32f1xx_hal_tim.c.obj
LOAD CMakeFiles/HelloWord-Keyboard-fw.elf.dir/Drivers/STM32F1xx_HAL_Driver/Src/stm32f1xx_hal_tim_ex.c.obj
LOAD CMakeFiles/HelloWord-Keyboard-fw.elf.dir/Drivers/STM32F1xx_HAL_Driver/Src/stm32f1xx_hal_uart.c.obj
LOAD CMakeFiles/HelloWord-Keyboard-fw.elf.dir/Drivers/STM32F1xx_HAL_Driver/Src/stm32f1xx_ll_usb.c.obj
LOAD CMakeFiles/HelloWord-Keyboard-fw.elf.dir/HelloWord/Utils/Memory/random_flash_utils.cpp.obj
LOAD CMakeFiles/HelloWord-Keyboard-fw.elf.dir/HelloWord/Utils/retarget.c.obj
LOAD CMakeFiles/HelloWord-Keyboard-fw.elf.dir/HelloWord/Utils/st_hardware.c.obj
LOAD CMakeFiles/HelloWord-Keyboard-fw.elf.dir/HelloWord/hw_keyboard.cpp.obj
LOAD CMakeFiles/HelloWord-Keyboard-fw.elf.dir/Middlewares/ST/STM32_USB_Device_Library/Class/CustomHID/Src/usbd_customhid.c.obj
LOAD CMakeFiles/HelloWord-Keyboard-fw.elf.dir/Middlewares/ST/STM32_USB_Device_Library/Core/Src/usbd_core.c.obj
LOAD CMakeFiles/HelloWord-Keyboard-fw.elf.dir/Middlewares/ST/STM32_USB_Device_Library/Core/Src/usbd_ctlreq.c.obj
LOAD CMakeFiles/HelloWord-Keyboard-fw.elf.dir/Middlewares/ST/STM32_USB_Device_Library/Core/Src/usbd_ioreq.c.obj
LOAD CMakeFiles/HelloWord-Keyboard-fw.elf.dir/USB_DEVICE/App/usb_device.c.obj
LOAD CMakeFiles/HelloWord-Keyboard-fw.elf.dir/USB_DEVICE/App/usbd_custom_hid_if.c.obj
LOAD CMakeFiles/HelloWord-Keyboard-fw.elf.dir/USB_DEVICE/App/usbd_desc.c.obj
LOAD CMakeFiles/HelloWord-Keyboard-fw.elf.dir/USB_DEVICE/Target/usbd_conf.c.obj
LOAD CMakeFiles/HelloWord-Keyboard-fw.elf.dir/UserApp/Protocols/interface_uart.cpp.obj
LOAD CMakeFiles/HelloWord-Keyboard-fw.elf.dir/UserApp/main.cpp.obj
LOAD CMakeFiles/HelloWord-Keyboard-fw.elf.dir/startup/startup_stm32f103xb.s.obj
LOAD d:/software/gcc-arm-none-eabi-10.3-2021.10/bin/../lib/gcc/arm-none-eabi/10.3.1/../../../../arm-none-eabi/lib/thumb/v7-m/nofp\libstdc++.a
LOAD d:/software/gcc-arm-none-eabi-10.3-2021.10/bin/../lib/gcc/arm-none-eabi/10.3.1/../../../../arm-none-eabi/lib/thumb/v7-m/nofp\libm.a
START GROUP
LOAD d:/software/gcc-arm-none-eabi-10.3-2021.10/bin/../lib/gcc/arm-none-eabi/10.3.1/thumb/v7-m/nofp\libgcc.a
LOAD d:/software/gcc-arm-none-eabi-10.3-2021.10/bin/../lib/gcc/arm-none-eabi/10.3.1/../../../../arm-none-eabi/lib/thumb/v7-m/nofp\libg.a
LOAD d:/software/gcc-arm-none-eabi-10.3-2021.10/bin/../lib/gcc/arm-none-eabi/10.3.1/../../../../arm-none-eabi/lib/thumb/v7-m/nofp\libc.a
END GROUP
LOAD d:/software/gcc-arm-none-eabi-10.3-2021.10/bin/../lib/gcc/arm-none-eabi/10.3.1/thumb/v7-m/nofp/crtend.o
LOAD d:/software/gcc-arm-none-eabi-10.3-2021.10/bin/../lib/gcc/arm-none-eabi/10.3.1/thumb/v7-m/nofp/crtn.o
                0x20005000                _estack = 0x20005000
                0x00000200                _Min_Heap_Size = 0x200
                0x00000800                _Min_Stack_Size = 0x800

.isr_vector     0x08004000      0x10c
                0x08004000                . = ALIGN (0x4)
 *(.isr_vector)
 .isr_vector    0x08004000      0x10c CMakeFiles/HelloWord-Keyboard-fw.elf.dir/startup/startup_stm32f103xb.s.obj
                0x08004000                g_pfnVectors
                0x0800410c                . = ALIGN (0x4)

.text           0x08004110     0x70cc
                0x08004110                . = ALIGN (0x4)
 *(.text)
 .text          0x08004110       0x40 d:/software/gcc-arm-none-eabi-10.3-2021.10/bin/../lib/gcc/arm-none-eabi/10.3.1/thumb/v7-m/nofp/crtbegin.o
 .text          0x08004150      0x168 d:/software/gcc-arm-none-eabi-10.3-2021.10/bin/../lib/gcc/arm-none-eabi/10.3.1/thumb/v7-m/nofp\libgcc.a(_arm_mulsf3.o)
                0x08004150                __aeabi_fmul
                0x08004150                __mulsf3
 .text          0x080042b8      0x378 d:/software/gcc-arm-none-eabi-10.3-2021.10/bin/../lib/gcc/arm-none-eabi/10.3.1/thumb/v7-m/nofp\libgcc.a(_arm_addsubdf3.o)
                0x080042b8                __aeabi_drsub
                0x080042c0                __aeabi_dsub
                0x080042c0                __subdf3
                0x080042c4                __aeabi_dadd
                0x080042c4                __adddf3
                0x0800453c                __floatunsidf
                0x0800453c                __aeabi_ui2d
                0x0800455c                __floatsidf
                0x0800455c                __aeabi_i2d
                0x08004580                __aeabi_f2d
                0x08004580                __extendsfdf2
                0x080045c4                __floatundidf
                0x080045c4                __aeabi_ul2d
                0x080045d4                __floatdidf
                0x080045d4                __aeabi_l2d
 .text          0x08004630      0x110 d:/software/gcc-arm-none-eabi-10.3-2021.10/bin/../lib/gcc/arm-none-eabi/10.3.1/thumb/v7-m/nofp\libgcc.a(_arm_cmpdf2.o)
                0x08004630                __gtdf2
                0x08004630                __gedf2
                0x08004638                __ltdf2
                0x08004638                __ledf2
                0x08004640                __nedf2
                0x08004640                __eqdf2
                0x08004640                __cmpdf2
                0x080046bc                __aeabi_cdrcmple
                0x080046cc                __aeabi_cdcmpeq
                0x080046cc                __aeabi_cdcmple
                0x080046dc                __aeabi_dcmpeq
                0x080046f0                __aeabi_dcmplt
                0x08004704                __aeabi_dcmple
                0x08004718                __aeabi_dcmpge
                0x0800472c                __aeabi_dcmpgt
 .text          0x08004740      0x21c d:/software/gcc-arm-none-eabi-10.3-2021.10/bin/../lib/gcc/arm-none-eabi/10.3.1/thumb/v7-m/nofp\libgcc.a(_arm_addsubsf3.o)
                0x08004740                __aeabi_frsub
                0x08004748                __subsf3
                0x08004748                __aeabi_fsub
                0x0800474c                __aeabi_fadd
                0x0800474c                __addsf3
                0x080048ac                __aeabi_ui2f
                0x080048ac                __floatunsisf
                0x080048b4                __aeabi_i2f
                0x080048b4                __floatsisf
                0x080048d0                __aeabi_ul2f
                0x080048d0                __floatundisf
                0x080048e0                __aeabi_l2f
                0x080048e0                __floatdisf
 .text          0x0800495c       0xec d:/software/gcc-arm-none-eabi-10.3-2021.10/bin/../lib/gcc/arm-none-eabi/10.3.1/thumb/v7-m/nofp\libgcc.a(_arm_cmpsf2.o)
                0x0800495c                __gesf2
                0x0800495c                __gtsf2
                0x08004964                __lesf2
                0x08004964                __ltsf2
                0x0800496c                __nesf2
                0x0800496c                __eqsf2
                0x0800496c                __cmpsf2
                0x080049cc                __aeabi_cfrcmple
                0x080049d4                __aeabi_cfcmpeq
                0x080049d4                __aeabi_cfcmple
                0x080049e4                __aeabi_fcmpeq
                0x080049f8                __aeabi_fcmplt
                0x08004a0c                __aeabi_fcmple
                0x08004a20                __aeabi_fcmpge
                0x08004a34                __aeabi_fcmpgt
 .text          0x08004a48       0x40 d:/software/gcc-arm-none-eabi-10.3-2021.10/bin/../lib/gcc/arm-none-eabi/10.3.1/thumb/v7-m/nofp\libgcc.a(_arm_fixunssfsi.o)
                0x08004a48                __fixunssfsi
                0x08004a48                __aeabi_f2uiz
 .text          0x08004a88       0xec d:/software/gcc-arm-none-eabi-10.3-2021.10/bin/../lib/gcc/arm-none-eabi/10.3.1/../../../../arm-none-eabi/lib/thumb/v7-m/nofp\libg.a(lib_a-memcpy.o)
                0x08004a88                memcpy
 *(.text*)
 .text.MX_DMA_Init
                0x08004b74       0x44 CMakeFiles/HelloWord-Keyboard-fw.elf.dir/Core/Src/dma.c.obj
                0x08004b74                MX_DMA_Init
 .text.MX_GPIO_Init
                0x08004bb8       0xe4 CMakeFiles/HelloWord-Keyboard-fw.elf.dir/Core/Src/gpio.c.obj
                0x08004bb8                MX_GPIO_Init
 .text.Error_Handler
                0x08004c9c        0x4 CMakeFiles/HelloWord-Keyboard-fw.elf.dir/Core/Src/main.c.obj
                0x08004c9c                Error_Handler
 .text.SystemClock_Config
                0x08004ca0       0x82 CMakeFiles/HelloWord-Keyboard-fw.elf.dir/Core/Src/main.c.obj
                0x08004ca0                SystemClock_Config
 .text.main     0x08004d22       0x34 CMakeFiles/HelloWord-Keyboard-fw.elf.dir/Core/Src/main.c.obj
                0x08004d22                main
 *fill*         0x08004d56        0x2 
 .text.MX_SPI1_Init
                0x08004d58       0x48 CMakeFiles/HelloWord-Keyboard-fw.elf.dir/Core/Src/spi.c.obj
                0x08004d58                MX_SPI1_Init
 .text.MX_SPI2_Init
                0x08004da0       0x44 CMakeFiles/HelloWord-Keyboard-fw.elf.dir/Core/Src/spi.c.obj
                0x08004da0                MX_SPI2_Init
 .text.HAL_SPI_MspInit
                0x08004de4      0x150 CMakeFiles/HelloWord-Keyboard-fw.elf.dir/Core/Src/spi.c.obj
                0x08004de4                HAL_SPI_MspInit
 .text.HAL_MspInit
                0x08004f34       0x44 CMakeFiles/HelloWord-Keyboard-fw.elf.dir/Core/Src/stm32f1xx_hal_msp.c.obj
                0x08004f34                HAL_MspInit
 .text.NMI_Handler
                0x08004f78        0x2 CMakeFiles/HelloWord-Keyboard-fw.elf.dir/Core/Src/stm32f1xx_it.c.obj
                0x08004f78                NMI_Handler
 .text.HardFault_Handler
                0x08004f7a        0x2 CMakeFiles/HelloWord-Keyboard-fw.elf.dir/Core/Src/stm32f1xx_it.c.obj
                0x08004f7a                HardFault_Handler
 .text.MemManage_Handler
                0x08004f7c        0x2 CMakeFiles/HelloWord-Keyboard-fw.elf.dir/Core/Src/stm32f1xx_it.c.obj
                0x08004f7c                MemManage_Handler
 .text.BusFault_Handler
                0x08004f7e        0x2 CMakeFiles/HelloWord-Keyboard-fw.elf.dir/Core/Src/stm32f1xx_it.c.obj
                0x08004f7e                BusFault_Handler
 .text.UsageFault_Handler
                0x08004f80        0x2 CMakeFiles/HelloWord-Keyboard-fw.elf.dir/Core/Src/stm32f1xx_it.c.obj
                0x08004f80                UsageFault_Handler
 .text.SVC_Handler
                0x08004f82        0x2 CMakeFiles/HelloWord-Keyboard-fw.elf.dir/Core/Src/stm32f1xx_it.c.obj
                0x08004f82                SVC_Handler
 .text.DebugMon_Handler
                0x08004f84        0x2 CMakeFiles/HelloWord-Keyboard-fw.elf.dir/Core/Src/stm32f1xx_it.c.obj
                0x08004f84                DebugMon_Handler
 .text.PendSV_Handler
                0x08004f86        0x2 CMakeFiles/HelloWord-Keyboard-fw.elf.dir/Core/Src/stm32f1xx_it.c.obj
                0x08004f86                PendSV_Handler
 .text.SysTick_Handler
                0x08004f88        0x8 CMakeFiles/HelloWord-Keyboard-fw.elf.dir/Core/Src/stm32f1xx_it.c.obj
                0x08004f88                SysTick_Handler
 .text.DMA1_Channel2_IRQHandler
                0x08004f90       0x10 CMakeFiles/HelloWord-Keyboard-fw.elf.dir/Core/Src/stm32f1xx_it.c.obj
                0x08004f90                DMA1_Channel2_IRQHandler
 .text.DMA1_Channel5_IRQHandler
                0x08004fa0       0x10 CMakeFiles/HelloWord-Keyboard-fw.elf.dir/Core/Src/stm32f1xx_it.c.obj
                0x08004fa0                DMA1_Channel5_IRQHandler
 .text.USB_LP_CAN1_RX0_IRQHandler
                0x08004fb0       0x10 CMakeFiles/HelloWord-Keyboard-fw.elf.dir/Core/Src/stm32f1xx_it.c.obj
                0x08004fb0                USB_LP_CAN1_RX0_IRQHandler
 .text.TIM4_IRQHandler
                0x08004fc0       0x14 CMakeFiles/HelloWord-Keyboard-fw.elf.dir/Core/Src/stm32f1xx_it.c.obj
                0x08004fc0                TIM4_IRQHandler
 .text.SPI1_IRQHandler
                0x08004fd4       0x10 CMakeFiles/HelloWord-Keyboard-fw.elf.dir/Core/Src/stm32f1xx_it.c.obj
                0x08004fd4                SPI1_IRQHandler
 .text.SPI2_IRQHandler
                0x08004fe4       0x10 CMakeFiles/HelloWord-Keyboard-fw.elf.dir/Core/Src/stm32f1xx_it.c.obj
                0x08004fe4                SPI2_IRQHandler
 .text.USART1_IRQHandler
                0x08004ff4       0x10 CMakeFiles/HelloWord-Keyboard-fw.elf.dir/Core/Src/stm32f1xx_it.c.obj
                0x08004ff4                USART1_IRQHandler
 .text.SystemInit
                0x08005004       0x10 CMakeFiles/HelloWord-Keyboard-fw.elf.dir/Core/Src/system_stm32f1xx.c.obj
                0x08005004                SystemInit
 .text.MX_TIM4_Init
                0x08005014       0x70 CMakeFiles/HelloWord-Keyboard-fw.elf.dir/Core/Src/tim.c.obj
                0x08005014                MX_TIM4_Init
 .text.HAL_TIM_Base_MspInit
                0x08005084       0x40 CMakeFiles/HelloWord-Keyboard-fw.elf.dir/Core/Src/tim.c.obj
                0x08005084                HAL_TIM_Base_MspInit
 .text.MX_USART1_UART_Init
                0x080050c4       0x44 CMakeFiles/HelloWord-Keyboard-fw.elf.dir/Core/Src/usart.c.obj
                0x080050c4                MX_USART1_UART_Init
 .text.HAL_UART_MspInit
                0x08005108       0x88 CMakeFiles/HelloWord-Keyboard-fw.elf.dir/Core/Src/usart.c.obj
                0x08005108                HAL_UART_MspInit
 .text.Uart_IDLE_Init
                0x08005190       0x18 CMakeFiles/HelloWord-Keyboard-fw.elf.dir/Core/Src/usart.c.obj
                0x08005190                Uart_IDLE_Init
 .text.HAL_UARTEx_RxEventCallback
                0x080051a8       0x24 CMakeFiles/HelloWord-Keyboard-fw.elf.dir/Core/Src/usart.c.obj
                0x080051a8                HAL_UARTEx_RxEventCallback
 .text.HAL_InitTick
                0x080051cc       0x4c CMakeFiles/HelloWord-Keyboard-fw.elf.dir/Drivers/STM32F1xx_HAL_Driver/Src/stm32f1xx_hal.c.obj
                0x080051cc                HAL_InitTick
 .text.HAL_Init
                0x08005218       0x24 CMakeFiles/HelloWord-Keyboard-fw.elf.dir/Drivers/STM32F1xx_HAL_Driver/Src/stm32f1xx_hal.c.obj
                0x08005218                HAL_Init
 .text.HAL_IncTick
                0x0800523c       0x18 CMakeFiles/HelloWord-Keyboard-fw.elf.dir/Drivers/STM32F1xx_HAL_Driver/Src/stm32f1xx_hal.c.obj
                0x0800523c                HAL_IncTick
 .text.HAL_GetTick
                0x08005254        0xc CMakeFiles/HelloWord-Keyboard-fw.elf.dir/Drivers/STM32F1xx_HAL_Driver/Src/stm32f1xx_hal.c.obj
                0x08005254                HAL_GetTick
 .text.HAL_Delay
                0x08005260       0x28 CMakeFiles/HelloWord-Keyboard-fw.elf.dir/Drivers/STM32F1xx_HAL_Driver/Src/stm32f1xx_hal.c.obj
                0x08005260                HAL_Delay
 .text.HAL_NVIC_SetPriorityGrouping
                0x08005288       0x24 CMakeFiles/HelloWord-Keyboard-fw.elf.dir/Drivers/STM32F1xx_HAL_Driver/Src/stm32f1xx_hal_cortex.c.obj
                0x08005288                HAL_NVIC_SetPriorityGrouping
 .text.HAL_NVIC_SetPriority
                0x080052ac       0x70 CMakeFiles/HelloWord-Keyboard-fw.elf.dir/Drivers/STM32F1xx_HAL_Driver/Src/stm32f1xx_hal_cortex.c.obj
                0x080052ac                HAL_NVIC_SetPriority
 .text.HAL_NVIC_EnableIRQ
                0x0800531c       0x1c CMakeFiles/HelloWord-Keyboard-fw.elf.dir/Drivers/STM32F1xx_HAL_Driver/Src/stm32f1xx_hal_cortex.c.obj
                0x0800531c                HAL_NVIC_EnableIRQ
 .text.HAL_SYSTICK_Config
                0x08005338       0x28 CMakeFiles/HelloWord-Keyboard-fw.elf.dir/Drivers/STM32F1xx_HAL_Driver/Src/stm32f1xx_hal_cortex.c.obj
                0x08005338                HAL_SYSTICK_Config
 .text.DMA_SetConfig
                0x08005360       0x2c CMakeFiles/HelloWord-Keyboard-fw.elf.dir/Drivers/STM32F1xx_HAL_Driver/Src/stm32f1xx_hal_dma.c.obj
 .text.HAL_DMA_Init
                0x0800538c       0x6c CMakeFiles/HelloWord-Keyboard-fw.elf.dir/Drivers/STM32F1xx_HAL_Driver/Src/stm32f1xx_hal_dma.c.obj
                0x0800538c                HAL_DMA_Init
 .text.HAL_DMA_Start_IT
                0x080053f8       0x74 CMakeFiles/HelloWord-Keyboard-fw.elf.dir/Drivers/STM32F1xx_HAL_Driver/Src/stm32f1xx_hal_dma.c.obj
                0x080053f8                HAL_DMA_Start_IT
 .text.HAL_DMA_Abort
                0x0800546c       0x44 CMakeFiles/HelloWord-Keyboard-fw.elf.dir/Drivers/STM32F1xx_HAL_Driver/Src/stm32f1xx_hal_dma.c.obj
                0x0800546c                HAL_DMA_Abort
 .text.HAL_DMA_Abort_IT
                0x080054b0       0x98 CMakeFiles/HelloWord-Keyboard-fw.elf.dir/Drivers/STM32F1xx_HAL_Driver/Src/stm32f1xx_hal_dma.c.obj
                0x080054b0                HAL_DMA_Abort_IT
 .text.HAL_DMA_IRQHandler
                0x08005548      0x144 CMakeFiles/HelloWord-Keyboard-fw.elf.dir/Drivers/STM32F1xx_HAL_Driver/Src/stm32f1xx_hal_dma.c.obj
                0x08005548                HAL_DMA_IRQHandler
 .text.FLASH_Program_HalfWord
                0x0800568c       0x1c CMakeFiles/HelloWord-Keyboard-fw.elf.dir/Drivers/STM32F1xx_HAL_Driver/Src/stm32f1xx_hal_flash.c.obj
 .text.FLASH_SetErrorCode
                0x080056a8       0x70 CMakeFiles/HelloWord-Keyboard-fw.elf.dir/Drivers/STM32F1xx_HAL_Driver/Src/stm32f1xx_hal_flash.c.obj
 .text.HAL_FLASH_Unlock
                0x08005718       0x34 CMakeFiles/HelloWord-Keyboard-fw.elf.dir/Drivers/STM32F1xx_HAL_Driver/Src/stm32f1xx_hal_flash.c.obj
                0x08005718                HAL_FLASH_Unlock
 .text.HAL_FLASH_Lock
                0x0800574c       0x14 CMakeFiles/HelloWord-Keyboard-fw.elf.dir/Drivers/STM32F1xx_HAL_Driver/Src/stm32f1xx_hal_flash.c.obj
                0x0800574c                HAL_FLASH_Lock
 .text.FLASH_WaitForLastOperation
                0x08005760       0x68 CMakeFiles/HelloWord-Keyboard-fw.elf.dir/Drivers/STM32F1xx_HAL_Driver/Src/stm32f1xx_hal_flash.c.obj
                0x08005760                FLASH_WaitForLastOperation
 .text.HAL_FLASH_Program
                0x080057c8       0xa0 CMakeFiles/HelloWord-Keyboard-fw.elf.dir/Drivers/STM32F1xx_HAL_Driver/Src/stm32f1xx_hal_flash.c.obj
                0x080057c8                HAL_FLASH_Program
 .text.FLASH_MassErase
                0x08005868       0x24 CMakeFiles/HelloWord-Keyboard-fw.elf.dir/Drivers/STM32F1xx_HAL_Driver/Src/stm32f1xx_hal_flash_ex.c.obj
 .text.FLASH_PageErase
                0x0800588c       0x24 CMakeFiles/HelloWord-Keyboard-fw.elf.dir/Drivers/STM32F1xx_HAL_Driver/Src/stm32f1xx_hal_flash_ex.c.obj
                0x0800588c                FLASH_PageErase
 .text.HAL_FLASHEx_Erase
                0x080058b0       0xa4 CMakeFiles/HelloWord-Keyboard-fw.elf.dir/Drivers/STM32F1xx_HAL_Driver/Src/stm32f1xx_hal_flash_ex.c.obj
                0x080058b0                HAL_FLASHEx_Erase
 .text.HAL_GPIO_Init
                0x08005954      0x224 CMakeFiles/HelloWord-Keyboard-fw.elf.dir/Drivers/STM32F1xx_HAL_Driver/Src/stm32f1xx_hal_gpio.c.obj
                0x08005954                HAL_GPIO_Init
 .text.HAL_GPIO_WritePin
                0x08005b78        0xc CMakeFiles/HelloWord-Keyboard-fw.elf.dir/Drivers/STM32F1xx_HAL_Driver/Src/stm32f1xx_hal_gpio.c.obj
                0x08005b78                HAL_GPIO_WritePin
 .text.HAL_PCD_EP_DB_Receive
                0x08005b84      0x11c CMakeFiles/HelloWord-Keyboard-fw.elf.dir/Drivers/STM32F1xx_HAL_Driver/Src/stm32f1xx_hal_pcd.c.obj
 .text.HAL_PCD_Init
                0x08005ca0      0x118 CMakeFiles/HelloWord-Keyboard-fw.elf.dir/Drivers/STM32F1xx_HAL_Driver/Src/stm32f1xx_hal_pcd.c.obj
                0x08005ca0                HAL_PCD_Init
 .text.HAL_PCD_Start
                0x08005db8       0x32 CMakeFiles/HelloWord-Keyboard-fw.elf.dir/Drivers/STM32F1xx_HAL_Driver/Src/stm32f1xx_hal_pcd.c.obj
                0x08005db8                HAL_PCD_Start
 .text.HAL_PCD_EP_DB_Transmit
                0x08005dea      0x420 CMakeFiles/HelloWord-Keyboard-fw.elf.dir/Drivers/STM32F1xx_HAL_Driver/Src/stm32f1xx_hal_pcd.c.obj
 .text.PCD_EP_ISR_Handler
                0x0800620a      0x438 CMakeFiles/HelloWord-Keyboard-fw.elf.dir/Drivers/STM32F1xx_HAL_Driver/Src/stm32f1xx_hal_pcd.c.obj
 .text.HAL_PCD_SetAddress
                0x08006642       0x28 CMakeFiles/HelloWord-Keyboard-fw.elf.dir/Drivers/STM32F1xx_HAL_Driver/Src/stm32f1xx_hal_pcd.c.obj
                0x08006642                HAL_PCD_SetAddress
 .text.HAL_PCD_IRQHandler
                0x0800666a      0x1d4 CMakeFiles/HelloWord-Keyboard-fw.elf.dir/Drivers/STM32F1xx_HAL_Driver/Src/stm32f1xx_hal_pcd.c.obj
                0x0800666a                HAL_PCD_IRQHandler
 .text.HAL_PCD_EP_Open
                0x0800683e       0x84 CMakeFiles/HelloWord-Keyboard-fw.elf.dir/Drivers/STM32F1xx_HAL_Driver/Src/stm32f1xx_hal_pcd.c.obj
                0x0800683e                HAL_PCD_EP_Open
 .text.HAL_PCD_EP_Close
                0x080068c2       0x64 CMakeFiles/HelloWord-Keyboard-fw.elf.dir/Drivers/STM32F1xx_HAL_Driver/Src/stm32f1xx_hal_pcd.c.obj
                0x080068c2                HAL_PCD_EP_Close
 .text.HAL_PCD_EP_Receive
                0x08006926       0x44 CMakeFiles/HelloWord-Keyboard-fw.elf.dir/Drivers/STM32F1xx_HAL_Driver/Src/stm32f1xx_hal_pcd.c.obj
                0x08006926                HAL_PCD_EP_Receive
 .text.HAL_PCD_EP_Transmit
                0x0800696a       0x50 CMakeFiles/HelloWord-Keyboard-fw.elf.dir/Drivers/STM32F1xx_HAL_Driver/Src/stm32f1xx_hal_pcd.c.obj
                0x0800696a                HAL_PCD_EP_Transmit
 .text.HAL_PCD_EP_SetStall
                0x080069ba       0x78 CMakeFiles/HelloWord-Keyboard-fw.elf.dir/Drivers/STM32F1xx_HAL_Driver/Src/stm32f1xx_hal_pcd.c.obj
                0x080069ba                HAL_PCD_EP_SetStall
 .text.HAL_PCD_EP_ClrStall
                0x08006a32       0x76 CMakeFiles/HelloWord-Keyboard-fw.elf.dir/Drivers/STM32F1xx_HAL_Driver/Src/stm32f1xx_hal_pcd.c.obj
                0x08006a32                HAL_PCD_EP_ClrStall
 .text.HAL_PCDEx_PMAConfig
                0x08006aa8       0x38 CMakeFiles/HelloWord-Keyboard-fw.elf.dir/Drivers/STM32F1xx_HAL_Driver/Src/stm32f1xx_hal_pcd_ex.c.obj
                0x08006aa8                HAL_PCDEx_PMAConfig
 .text.RCC_Delay
                0x08006ae0       0x2c CMakeFiles/HelloWord-Keyboard-fw.elf.dir/Drivers/STM32F1xx_HAL_Driver/Src/stm32f1xx_hal_rcc.c.obj
 .text.HAL_RCC_DeInit
                0x08006b0c       0xf4 CMakeFiles/HelloWord-Keyboard-fw.elf.dir/Drivers/STM32F1xx_HAL_Driver/Src/stm32f1xx_hal_rcc.c.obj
                0x08006b0c                HAL_RCC_DeInit
 .text.HAL_RCC_OscConfig
                0x08006c00      0x410 CMakeFiles/HelloWord-Keyboard-fw.elf.dir/Drivers/STM32F1xx_HAL_Driver/Src/stm32f1xx_hal_rcc.c.obj
                0x08006c00                HAL_RCC_OscConfig
 .text.HAL_RCC_GetSysClockFreq
                0x08007010       0x70 CMakeFiles/HelloWord-Keyboard-fw.elf.dir/Drivers/STM32F1xx_HAL_Driver/Src/stm32f1xx_hal_rcc.c.obj
                0x08007010                HAL_RCC_GetSysClockFreq
 .text.HAL_RCC_ClockConfig
                0x08007080      0x16c CMakeFiles/HelloWord-Keyboard-fw.elf.dir/Drivers/STM32F1xx_HAL_Driver/Src/stm32f1xx_hal_rcc.c.obj
                0x08007080                HAL_RCC_ClockConfig
 .text.HAL_RCC_GetHCLKFreq
                0x080071ec        0xc CMakeFiles/HelloWord-Keyboard-fw.elf.dir/Drivers/STM32F1xx_HAL_Driver/Src/stm32f1xx_hal_rcc.c.obj
                0x080071ec                HAL_RCC_GetHCLKFreq
 .text.HAL_RCC_GetPCLK1Freq
                0x080071f8       0x20 CMakeFiles/HelloWord-Keyboard-fw.elf.dir/Drivers/STM32F1xx_HAL_Driver/Src/stm32f1xx_hal_rcc.c.obj
                0x080071f8                HAL_RCC_GetPCLK1Freq
 .text.HAL_RCC_GetPCLK2Freq
                0x08007218       0x20 CMakeFiles/HelloWord-Keyboard-fw.elf.dir/Drivers/STM32F1xx_HAL_Driver/Src/stm32f1xx_hal_rcc.c.obj
                0x08007218                HAL_RCC_GetPCLK2Freq
 .text.HAL_RCCEx_PeriphCLKConfig
                0x08007238      0x118 CMakeFiles/HelloWord-Keyboard-fw.elf.dir/Drivers/STM32F1xx_HAL_Driver/Src/stm32f1xx_hal_rcc_ex.c.obj
                0x08007238                HAL_RCCEx_PeriphCLKConfig
 .text.SPI_WaitFlagStateUntilTimeout
                0x08007350       0xd4 CMakeFiles/HelloWord-Keyboard-fw.elf.dir/Drivers/STM32F1xx_HAL_Driver/Src/stm32f1xx_hal_spi.c.obj
 .text.SPI_EndRxTxTransaction
                0x08007424       0x24 CMakeFiles/HelloWord-Keyboard-fw.elf.dir/Drivers/STM32F1xx_HAL_Driver/Src/stm32f1xx_hal_spi.c.obj
 .text.HAL_SPI_Init
                0x08007448       0xb6 CMakeFiles/HelloWord-Keyboard-fw.elf.dir/Drivers/STM32F1xx_HAL_Driver/Src/stm32f1xx_hal_spi.c.obj
                0x08007448                HAL_SPI_Init
 *fill*         0x080074fe        0x2 
 .text.HAL_SPI_Transmit_DMA
                0x08007500       0xe0 CMakeFiles/HelloWord-Keyboard-fw.elf.dir/Drivers/STM32F1xx_HAL_Driver/Src/stm32f1xx_hal_spi.c.obj
                0x08007500                HAL_SPI_Transmit_DMA
 .text.HAL_SPI_TxHalfCpltCallback
                0x080075e0        0x2 CMakeFiles/HelloWord-Keyboard-fw.elf.dir/Drivers/STM32F1xx_HAL_Driver/Src/stm32f1xx_hal_spi.c.obj
                0x080075e0                HAL_SPI_TxHalfCpltCallback
 .text.SPI_DMAHalfTransmitCplt
                0x080075e2        0xa CMakeFiles/HelloWord-Keyboard-fw.elf.dir/Drivers/STM32F1xx_HAL_Driver/Src/stm32f1xx_hal_spi.c.obj
 .text.HAL_SPI_ErrorCallback
                0x080075ec        0x2 CMakeFiles/HelloWord-Keyboard-fw.elf.dir/Drivers/STM32F1xx_HAL_Driver/Src/stm32f1xx_hal_spi.c.obj
                0x080075ec                HAL_SPI_ErrorCallback
 .text.SPI_DMAError
                0x080075ee       0x22 CMakeFiles/HelloWord-Keyboard-fw.elf.dir/Drivers/STM32F1xx_HAL_Driver/Src/stm32f1xx_hal_spi.c.obj
 .text.SPI_DMATransmitCplt
                0x08007610       0x70 CMakeFiles/HelloWord-Keyboard-fw.elf.dir/Drivers/STM32F1xx_HAL_Driver/Src/stm32f1xx_hal_spi.c.obj
 .text.HAL_SPI_IRQHandler
                0x08007680      0x108 CMakeFiles/HelloWord-Keyboard-fw.elf.dir/Drivers/STM32F1xx_HAL_Driver/Src/stm32f1xx_hal_spi.c.obj
                0x08007680                HAL_SPI_IRQHandler
 .text.SPI_DMAAbortOnError
                0x08007788       0x10 CMakeFiles/HelloWord-Keyboard-fw.elf.dir/Drivers/STM32F1xx_HAL_Driver/Src/stm32f1xx_hal_spi.c.obj
 .text.TIM_TI1_ConfigInputStage
                0x08007798       0x24 CMakeFiles/HelloWord-Keyboard-fw.elf.dir/Drivers/STM32F1xx_HAL_Driver/Src/stm32f1xx_hal_tim.c.obj
 .text.TIM_TI2_ConfigInputStage
                0x080077bc       0x26 CMakeFiles/HelloWord-Keyboard-fw.elf.dir/Drivers/STM32F1xx_HAL_Driver/Src/stm32f1xx_hal_tim.c.obj
 .text.TIM_ITRx_SetConfig
                0x080077e2       0x10 CMakeFiles/HelloWord-Keyboard-fw.elf.dir/Drivers/STM32F1xx_HAL_Driver/Src/stm32f1xx_hal_tim.c.obj
 *fill*         0x080077f2        0x2 
 .text.HAL_TIM_Base_Start_IT
                0x080077f4       0x68 CMakeFiles/HelloWord-Keyboard-fw.elf.dir/Drivers/STM32F1xx_HAL_Driver/Src/stm32f1xx_hal_tim.c.obj
                0x080077f4                HAL_TIM_Base_Start_IT
 .text.HAL_TIM_PeriodElapsedCallback
                0x0800785c        0x2 CMakeFiles/HelloWord-Keyboard-fw.elf.dir/Drivers/STM32F1xx_HAL_Driver/Src/stm32f1xx_hal_tim.c.obj
                0x0800785c                HAL_TIM_PeriodElapsedCallback
 .text.HAL_TIM_OC_DelayElapsedCallback
                0x0800785e        0x2 CMakeFiles/HelloWord-Keyboard-fw.elf.dir/Drivers/STM32F1xx_HAL_Driver/Src/stm32f1xx_hal_tim.c.obj
                0x0800785e                HAL_TIM_OC_DelayElapsedCallback
 .text.HAL_TIM_IC_CaptureCallback
                0x08007860        0x2 CMakeFiles/HelloWord-Keyboard-fw.elf.dir/Drivers/STM32F1xx_HAL_Driver/Src/stm32f1xx_hal_tim.c.obj
                0x08007860                HAL_TIM_IC_CaptureCallback
 .text.HAL_TIM_PWM_PulseFinishedCallback
                0x08007862        0x2 CMakeFiles/HelloWord-Keyboard-fw.elf.dir/Drivers/STM32F1xx_HAL_Driver/Src/stm32f1xx_hal_tim.c.obj
                0x08007862                HAL_TIM_PWM_PulseFinishedCallback
 .text.HAL_TIM_TriggerCallback
                0x08007864        0x2 CMakeFiles/HelloWord-Keyboard-fw.elf.dir/Drivers/STM32F1xx_HAL_Driver/Src/stm32f1xx_hal_tim.c.obj
                0x08007864                HAL_TIM_TriggerCallback
 .text.HAL_TIM_IRQHandler
                0x08007866      0x17a CMakeFiles/HelloWord-Keyboard-fw.elf.dir/Drivers/STM32F1xx_HAL_Driver/Src/stm32f1xx_hal_tim.c.obj
                0x08007866                HAL_TIM_IRQHandler
 .text.TIM_Base_SetConfig
                0x080079e0       0x74 CMakeFiles/HelloWord-Keyboard-fw.elf.dir/Drivers/STM32F1xx_HAL_Driver/Src/stm32f1xx_hal_tim.c.obj
                0x080079e0                TIM_Base_SetConfig
 .text.HAL_TIM_Base_Init
                0x08007a54       0x58 CMakeFiles/HelloWord-Keyboard-fw.elf.dir/Drivers/STM32F1xx_HAL_Driver/Src/stm32f1xx_hal_tim.c.obj
                0x08007a54                HAL_TIM_Base_Init
 .text.TIM_ETR_SetConfig
                0x08007aac       0x18 CMakeFiles/HelloWord-Keyboard-fw.elf.dir/Drivers/STM32F1xx_HAL_Driver/Src/stm32f1xx_hal_tim.c.obj
                0x08007aac                TIM_ETR_SetConfig
 .text.HAL_TIM_ConfigClockSource
                0x08007ac4       0xda CMakeFiles/HelloWord-Keyboard-fw.elf.dir/Drivers/STM32F1xx_HAL_Driver/Src/stm32f1xx_hal_tim.c.obj
                0x08007ac4                HAL_TIM_ConfigClockSource
 *fill*         0x08007b9e        0x2 
 .text.HAL_TIMEx_MasterConfigSynchronization
                0x08007ba0       0x6c CMakeFiles/HelloWord-Keyboard-fw.elf.dir/Drivers/STM32F1xx_HAL_Driver/Src/stm32f1xx_hal_tim_ex.c.obj
                0x08007ba0                HAL_TIMEx_MasterConfigSynchronization
 .text.HAL_TIMEx_CommutCallback
                0x08007c0c        0x2 CMakeFiles/HelloWord-Keyboard-fw.elf.dir/Drivers/STM32F1xx_HAL_Driver/Src/stm32f1xx_hal_tim_ex.c.obj
                0x08007c0c                HAL_TIMEx_CommutCallback
 .text.HAL_TIMEx_BreakCallback
                0x08007c0e        0x2 CMakeFiles/HelloWord-Keyboard-fw.elf.dir/Drivers/STM32F1xx_HAL_Driver/Src/stm32f1xx_hal_tim_ex.c.obj
                0x08007c0e                HAL_TIMEx_BreakCallback
 .text.UART_EndRxTransfer
                0x08007c10       0x32 CMakeFiles/HelloWord-Keyboard-fw.elf.dir/Drivers/STM32F1xx_HAL_Driver/Src/stm32f1xx_hal_uart.c.obj
 .text.UART_Transmit_IT
                0x08007c42       0x60 CMakeFiles/HelloWord-Keyboard-fw.elf.dir/Drivers/STM32F1xx_HAL_Driver/Src/stm32f1xx_hal_uart.c.obj
 *fill*         0x08007ca2        0x2 
 .text.UART_SetConfig
                0x08007ca4       0x94 CMakeFiles/HelloWord-Keyboard-fw.elf.dir/Drivers/STM32F1xx_HAL_Driver/Src/stm32f1xx_hal_uart.c.obj
 .text.HAL_UART_Init
                0x08007d38       0x5e CMakeFiles/HelloWord-Keyboard-fw.elf.dir/Drivers/STM32F1xx_HAL_Driver/Src/stm32f1xx_hal_uart.c.obj
                0x08007d38                HAL_UART_Init
 .text.HAL_UART_TxCpltCallback
                0x08007d96        0x2 CMakeFiles/HelloWord-Keyboard-fw.elf.dir/Drivers/STM32F1xx_HAL_Driver/Src/stm32f1xx_hal_uart.c.obj
                0x08007d96                HAL_UART_TxCpltCallback
 .text.UART_EndTransmit_IT
                0x08007d98       0x1a CMakeFiles/HelloWord-Keyboard-fw.elf.dir/Drivers/STM32F1xx_HAL_Driver/Src/stm32f1xx_hal_uart.c.obj
 .text.HAL_UART_RxCpltCallback
                0x08007db2        0x2 CMakeFiles/HelloWord-Keyboard-fw.elf.dir/Drivers/STM32F1xx_HAL_Driver/Src/stm32f1xx_hal_uart.c.obj
                0x08007db2                HAL_UART_RxCpltCallback
 .text.HAL_UART_ErrorCallback
                0x08007db4        0x2 CMakeFiles/HelloWord-Keyboard-fw.elf.dir/Drivers/STM32F1xx_HAL_Driver/Src/stm32f1xx_hal_uart.c.obj
                0x08007db4                HAL_UART_ErrorCallback
 .text.UART_DMAAbortOnError
                0x08007db6       0x10 CMakeFiles/HelloWord-Keyboard-fw.elf.dir/Drivers/STM32F1xx_HAL_Driver/Src/stm32f1xx_hal_uart.c.obj
 .text.UART_Receive_IT
                0x08007dc6       0xd4 CMakeFiles/HelloWord-Keyboard-fw.elf.dir/Drivers/STM32F1xx_HAL_Driver/Src/stm32f1xx_hal_uart.c.obj
 *fill*         0x08007e9a        0x2 
 .text.HAL_UART_IRQHandler
                0x08007e9c      0x204 CMakeFiles/HelloWord-Keyboard-fw.elf.dir/Drivers/STM32F1xx_HAL_Driver/Src/stm32f1xx_hal_uart.c.obj
                0x08007e9c                HAL_UART_IRQHandler
 .text.UART_Start_Receive_IT
                0x080080a0       0x36 CMakeFiles/HelloWord-Keyboard-fw.elf.dir/Drivers/STM32F1xx_HAL_Driver/Src/stm32f1xx_hal_uart.c.obj
                0x080080a0                UART_Start_Receive_IT
 .text.HAL_UARTEx_ReceiveToIdle_IT
                0x080080d6       0x60 CMakeFiles/HelloWord-Keyboard-fw.elf.dir/Drivers/STM32F1xx_HAL_Driver/Src/stm32f1xx_hal_uart.c.obj
                0x080080d6                HAL_UARTEx_ReceiveToIdle_IT
 .text.USB_CoreInit
                0x08008136        0xe CMakeFiles/HelloWord-Keyboard-fw.elf.dir/Drivers/STM32F1xx_HAL_Driver/Src/stm32f1xx_ll_usb.c.obj
                0x08008136                USB_CoreInit
 .text.USB_EnableGlobalInt
                0x08008144       0x12 CMakeFiles/HelloWord-Keyboard-fw.elf.dir/Drivers/STM32F1xx_HAL_Driver/Src/stm32f1xx_ll_usb.c.obj
                0x08008144                USB_EnableGlobalInt
 .text.USB_DisableGlobalInt
                0x08008156       0x14 CMakeFiles/HelloWord-Keyboard-fw.elf.dir/Drivers/STM32F1xx_HAL_Driver/Src/stm32f1xx_ll_usb.c.obj
                0x08008156                USB_DisableGlobalInt
 .text.USB_SetCurrentMode
                0x0800816a        0x4 CMakeFiles/HelloWord-Keyboard-fw.elf.dir/Drivers/STM32F1xx_HAL_Driver/Src/stm32f1xx_ll_usb.c.obj
                0x0800816a                USB_SetCurrentMode
 .text.USB_DevInit
                0x0800816e       0x22 CMakeFiles/HelloWord-Keyboard-fw.elf.dir/Drivers/STM32F1xx_HAL_Driver/Src/stm32f1xx_ll_usb.c.obj
                0x0800816e                USB_DevInit
 .text.USB_ActivateEndpoint
                0x08008190      0x378 CMakeFiles/HelloWord-Keyboard-fw.elf.dir/Drivers/STM32F1xx_HAL_Driver/Src/stm32f1xx_ll_usb.c.obj
                0x08008190                USB_ActivateEndpoint
 .text.USB_DeactivateEndpoint
                0x08008508      0x1d6 CMakeFiles/HelloWord-Keyboard-fw.elf.dir/Drivers/STM32F1xx_HAL_Driver/Src/stm32f1xx_ll_usb.c.obj
                0x08008508                USB_DeactivateEndpoint
 .text.USB_EPSetStall
                0x080086de       0x4a CMakeFiles/HelloWord-Keyboard-fw.elf.dir/Drivers/STM32F1xx_HAL_Driver/Src/stm32f1xx_ll_usb.c.obj
                0x080086de                USB_EPSetStall
 .text.USB_EPClearStall
                0x08008728       0xa2 CMakeFiles/HelloWord-Keyboard-fw.elf.dir/Drivers/STM32F1xx_HAL_Driver/Src/stm32f1xx_ll_usb.c.obj
                0x08008728                USB_EPClearStall
 .text.USB_SetDevAddress
                0x080087ca        0xc CMakeFiles/HelloWord-Keyboard-fw.elf.dir/Drivers/STM32F1xx_HAL_Driver/Src/stm32f1xx_ll_usb.c.obj
                0x080087ca                USB_SetDevAddress
 .text.USB_DevConnect
                0x080087d6        0x4 CMakeFiles/HelloWord-Keyboard-fw.elf.dir/Drivers/STM32F1xx_HAL_Driver/Src/stm32f1xx_ll_usb.c.obj
                0x080087d6                USB_DevConnect
 .text.USB_DevDisconnect
                0x080087da        0x4 CMakeFiles/HelloWord-Keyboard-fw.elf.dir/Drivers/STM32F1xx_HAL_Driver/Src/stm32f1xx_ll_usb.c.obj
                0x080087da                USB_DevDisconnect
 .text.USB_ReadInterrupts
                0x080087de        0x8 CMakeFiles/HelloWord-Keyboard-fw.elf.dir/Drivers/STM32F1xx_HAL_Driver/Src/stm32f1xx_ll_usb.c.obj
                0x080087de                USB_ReadInterrupts
 .text.USB_EP0_OutStart
                0x080087e6        0x4 CMakeFiles/HelloWord-Keyboard-fw.elf.dir/Drivers/STM32F1xx_HAL_Driver/Src/stm32f1xx_ll_usb.c.obj
                0x080087e6                USB_EP0_OutStart
 .text.USB_WritePMA
                0x080087ea       0x28 CMakeFiles/HelloWord-Keyboard-fw.elf.dir/Drivers/STM32F1xx_HAL_Driver/Src/stm32f1xx_ll_usb.c.obj
                0x080087ea                USB_WritePMA
 .text.USB_EPStartXfer
                0x08008812      0x8b2 CMakeFiles/HelloWord-Keyboard-fw.elf.dir/Drivers/STM32F1xx_HAL_Driver/Src/stm32f1xx_ll_usb.c.obj
                0x08008812                USB_EPStartXfer
 .text.USB_ReadPMA
                0x080090c4       0x30 CMakeFiles/HelloWord-Keyboard-fw.elf.dir/Drivers/STM32F1xx_HAL_Driver/Src/stm32f1xx_ll_usb.c.obj
                0x080090c4                USB_ReadPMA
 .text.EEPROMReadBufferedByte
                0x080090f4        0xc CMakeFiles/HelloWord-Keyboard-fw.elf.dir/HelloWord/Utils/Memory/random_flash_utils.cpp.obj
                0x080090f4                EEPROMReadBufferedByte
 .text.EEPROMWriteBufferedByte
                0x08009100        0xc CMakeFiles/HelloWord-Keyboard-fw.elf.dir/HelloWord/Utils/Memory/random_flash_utils.cpp.obj
                0x08009100                EEPROMWriteBufferedByte
 .text.EEPROMFillBuffer
                0x0800910c       0x18 CMakeFiles/HelloWord-Keyboard-fw.elf.dir/HelloWord/Utils/Memory/random_flash_utils.cpp.obj
                0x0800910c                EEPROMFillBuffer
 .text.EEPROMBufferFlush
                0x08009124       0x68 CMakeFiles/HelloWord-Keyboard-fw.elf.dir/HelloWord/Utils/Memory/random_flash_utils.cpp.obj
                0x08009124                EEPROMBufferFlush
 .text._ZN10HWKeyboard13ScanKeyStatesEv
                0x0800918c       0x84 CMakeFiles/HelloWord-Keyboard-fw.elf.dir/HelloWord/hw_keyboard.cpp.obj
                0x0800918c                HWKeyboard::ScanKeyStates()
 .text._ZN10HWKeyboard19ApplyDebounceFilterEm
                0x08009210       0x5a CMakeFiles/HelloWord-Keyboard-fw.elf.dir/HelloWord/hw_keyboard.cpp.obj
                0x08009210                HWKeyboard::ApplyDebounceFilter(unsigned long)
 .text._ZN10HWKeyboard5RemapEh
                0x0800926a      0x11e CMakeFiles/HelloWord-Keyboard-fw.elf.dir/HelloWord/hw_keyboard.cpp.obj
                0x0800926a                HWKeyboard::Remap(unsigned char)
 .text._ZN10HWKeyboard9FnPressedEv
                0x08009388        0xa CMakeFiles/HelloWord-Keyboard-fw.elf.dir/HelloWord/hw_keyboard.cpp.obj
                0x08009388                HWKeyboard::FnPressed()
 .text._ZN10HWKeyboard16SetRgbBufferByIDEhNS_7Color_tEf
                0x08009392       0xcc CMakeFiles/HelloWord-Keyboard-fw.elf.dir/HelloWord/hw_keyboard.cpp.obj
                0x08009392                HWKeyboard::SetRgbBufferByID(unsigned char, HWKeyboard::Color_t, float)
 *fill*         0x0800945e        0x2 
 .text._ZN10HWKeyboard10SyncLightsEv
                0x08009460       0x40 CMakeFiles/HelloWord-Keyboard-fw.elf.dir/HelloWord/hw_keyboard.cpp.obj
                0x08009460                HWKeyboard::SyncLights()
 .text._ZN10HWKeyboard18GetHidReportBufferEh
                0x080094a0       0x26 CMakeFiles/HelloWord-Keyboard-fw.elf.dir/HelloWord/hw_keyboard.cpp.obj
                0x080094a0                HWKeyboard::GetHidReportBuffer(unsigned char)
 .text._ZN10HWKeyboard10KeyPressedENS_9KeyCode_tE
                0x080094c6       0x4c CMakeFiles/HelloWord-Keyboard-fw.elf.dir/HelloWord/hw_keyboard.cpp.obj
                0x080094c6                HWKeyboard::KeyPressed(HWKeyboard::KeyCode_t)
 .text._ZN10HWKeyboard5PressENS_9KeyCode_tE
                0x08009512       0x50 CMakeFiles/HelloWord-Keyboard-fw.elf.dir/HelloWord/hw_keyboard.cpp.obj
                0x08009512                HWKeyboard::Press(HWKeyboard::KeyCode_t)
 *fill*         0x08009562        0x2 
 .text.USBD_CUSTOM_HID_GetFSCfgDesc
                0x08009564        0xc CMakeFiles/HelloWord-Keyboard-fw.elf.dir/Middlewares/ST/STM32_USB_Device_Library/Class/CustomHID/Src/usbd_customhid.c.obj
 .text.USBD_CUSTOM_HID_GetHSCfgDesc
                0x08009570        0xc CMakeFiles/HelloWord-Keyboard-fw.elf.dir/Middlewares/ST/STM32_USB_Device_Library/Class/CustomHID/Src/usbd_customhid.c.obj
 .text.USBD_CUSTOM_HID_GetOtherSpeedCfgDesc
                0x0800957c        0xc CMakeFiles/HelloWord-Keyboard-fw.elf.dir/Middlewares/ST/STM32_USB_Device_Library/Class/CustomHID/Src/usbd_customhid.c.obj
 .text.USBD_CUSTOM_HID_DataIn
                0x08009588        0xc CMakeFiles/HelloWord-Keyboard-fw.elf.dir/Middlewares/ST/STM32_USB_Device_Library/Class/CustomHID/Src/usbd_customhid.c.obj
 .text.USBD_CUSTOM_HID_EP0_RxReady
                0x08009594       0x22 CMakeFiles/HelloWord-Keyboard-fw.elf.dir/Middlewares/ST/STM32_USB_Device_Library/Class/CustomHID/Src/usbd_customhid.c.obj
 *fill*         0x080095b6        0x2 
 .text.USBD_CUSTOM_HID_GetDeviceQualifierDesc
                0x080095b8        0xc CMakeFiles/HelloWord-Keyboard-fw.elf.dir/Middlewares/ST/STM32_USB_Device_Library/Class/CustomHID/Src/usbd_customhid.c.obj
 .text.USBD_CUSTOM_HID_DataOut
                0x080095c4       0x1e CMakeFiles/HelloWord-Keyboard-fw.elf.dir/Middlewares/ST/STM32_USB_Device_Library/Class/CustomHID/Src/usbd_customhid.c.obj
 *fill*         0x080095e2        0x2 
 .text.USBD_CUSTOM_HID_Setup
                0x080095e4      0x128 CMakeFiles/HelloWord-Keyboard-fw.elf.dir/Middlewares/ST/STM32_USB_Device_Library/Class/CustomHID/Src/usbd_customhid.c.obj
 .text.USBD_CUSTOM_HID_DeInit
                0x0800970c       0x38 CMakeFiles/HelloWord-Keyboard-fw.elf.dir/Middlewares/ST/STM32_USB_Device_Library/Class/CustomHID/Src/usbd_customhid.c.obj
 .text.USBD_CUSTOM_HID_Init
                0x08009744       0x52 CMakeFiles/HelloWord-Keyboard-fw.elf.dir/Middlewares/ST/STM32_USB_Device_Library/Class/CustomHID/Src/usbd_customhid.c.obj
 .text.USBD_CUSTOM_HID_SendReport
                0x08009796       0x30 CMakeFiles/HelloWord-Keyboard-fw.elf.dir/Middlewares/ST/STM32_USB_Device_Library/Class/CustomHID/Src/usbd_customhid.c.obj
                0x08009796                USBD_CUSTOM_HID_SendReport
 .text.USBD_CUSTOM_HID_RegisterInterface
                0x080097c6        0xe CMakeFiles/HelloWord-Keyboard-fw.elf.dir/Middlewares/ST/STM32_USB_Device_Library/Class/CustomHID/Src/usbd_customhid.c.obj
                0x080097c6                USBD_CUSTOM_HID_RegisterInterface
 .text.USBD_Init
                0x080097d4       0x2e CMakeFiles/HelloWord-Keyboard-fw.elf.dir/Middlewares/ST/STM32_USB_Device_Library/Core/Src/usbd_core.c.obj
                0x080097d4                USBD_Init
 .text.USBD_RegisterClass
                0x08009802        0xe CMakeFiles/HelloWord-Keyboard-fw.elf.dir/Middlewares/ST/STM32_USB_Device_Library/Core/Src/usbd_core.c.obj
                0x08009802                USBD_RegisterClass
 .text.USBD_Start
                0x08009810        0xa CMakeFiles/HelloWord-Keyboard-fw.elf.dir/Middlewares/ST/STM32_USB_Device_Library/Core/Src/usbd_core.c.obj
                0x08009810                USBD_Start
 .text.USBD_SetClassConfig
                0x0800981a       0x18 CMakeFiles/HelloWord-Keyboard-fw.elf.dir/Middlewares/ST/STM32_USB_Device_Library/Core/Src/usbd_core.c.obj
                0x0800981a                USBD_SetClassConfig
 .text.USBD_ClrClassConfig
                0x08009832        0xe CMakeFiles/HelloWord-Keyboard-fw.elf.dir/Middlewares/ST/STM32_USB_Device_Library/Core/Src/usbd_core.c.obj
                0x08009832                USBD_ClrClassConfig
 .text.USBD_LL_SetupStage
                0x08009840       0x5a CMakeFiles/HelloWord-Keyboard-fw.elf.dir/Middlewares/ST/STM32_USB_Device_Library/Core/Src/usbd_core.c.obj
                0x08009840                USBD_LL_SetupStage
 .text.USBD_LL_DataOutStage
                0x0800989a       0x8c CMakeFiles/HelloWord-Keyboard-fw.elf.dir/Middlewares/ST/STM32_USB_Device_Library/Core/Src/usbd_core.c.obj
                0x0800989a                USBD_LL_DataOutStage
 .text.USBD_LL_DataInStage
                0x08009926       0xd0 CMakeFiles/HelloWord-Keyboard-fw.elf.dir/Middlewares/ST/STM32_USB_Device_Library/Core/Src/usbd_core.c.obj
                0x08009926                USBD_LL_DataInStage
 .text.USBD_LL_Reset
                0x080099f6       0x50 CMakeFiles/HelloWord-Keyboard-fw.elf.dir/Middlewares/ST/STM32_USB_Device_Library/Core/Src/usbd_core.c.obj
                0x080099f6                USBD_LL_Reset
 .text.USBD_LL_SetSpeed
                0x08009a46        0x6 CMakeFiles/HelloWord-Keyboard-fw.elf.dir/Middlewares/ST/STM32_USB_Device_Library/Core/Src/usbd_core.c.obj
                0x08009a46                USBD_LL_SetSpeed
 .text.USBD_LL_Suspend
                0x08009a4c       0x12 CMakeFiles/HelloWord-Keyboard-fw.elf.dir/Middlewares/ST/STM32_USB_Device_Library/Core/Src/usbd_core.c.obj
                0x08009a4c                USBD_LL_Suspend
 .text.USBD_LL_Resume
                0x08009a5e       0x16 CMakeFiles/HelloWord-Keyboard-fw.elf.dir/Middlewares/ST/STM32_USB_Device_Library/Core/Src/usbd_core.c.obj
                0x08009a5e                USBD_LL_Resume
 .text.USBD_LL_SOF
                0x08009a74       0x1c CMakeFiles/HelloWord-Keyboard-fw.elf.dir/Middlewares/ST/STM32_USB_Device_Library/Core/Src/usbd_core.c.obj
                0x08009a74                USBD_LL_SOF
 .text.USBD_GetLen
                0x08009a90       0x14 CMakeFiles/HelloWord-Keyboard-fw.elf.dir/Middlewares/ST/STM32_USB_Device_Library/Core/Src/usbd_ctlreq.c.obj
 .text.USBD_SetFeature
                0x08009aa4       0x14 CMakeFiles/HelloWord-Keyboard-fw.elf.dir/Middlewares/ST/STM32_USB_Device_Library/Core/Src/usbd_ctlreq.c.obj
 .text.USBD_ParseSetupRequest
                0x08009ab8       0x28 CMakeFiles/HelloWord-Keyboard-fw.elf.dir/Middlewares/ST/STM32_USB_Device_Library/Core/Src/usbd_ctlreq.c.obj
                0x08009ab8                USBD_ParseSetupRequest
 .text.USBD_CtlError
                0x08009ae0       0x14 CMakeFiles/HelloWord-Keyboard-fw.elf.dir/Middlewares/ST/STM32_USB_Device_Library/Core/Src/usbd_ctlreq.c.obj
                0x08009ae0                USBD_CtlError
 .text.USBD_GetDescriptor
                0x08009af4      0x186 CMakeFiles/HelloWord-Keyboard-fw.elf.dir/Middlewares/ST/STM32_USB_Device_Library/Core/Src/usbd_ctlreq.c.obj
 .text.USBD_SetAddress
                0x08009c7a       0x4e CMakeFiles/HelloWord-Keyboard-fw.elf.dir/Middlewares/ST/STM32_USB_Device_Library/Core/Src/usbd_ctlreq.c.obj
 .text.USBD_SetConfig
                0x08009cc8       0xb0 CMakeFiles/HelloWord-Keyboard-fw.elf.dir/Middlewares/ST/STM32_USB_Device_Library/Core/Src/usbd_ctlreq.c.obj
 .text.USBD_GetConfig
                0x08009d78       0x3e CMakeFiles/HelloWord-Keyboard-fw.elf.dir/Middlewares/ST/STM32_USB_Device_Library/Core/Src/usbd_ctlreq.c.obj
 .text.USBD_GetStatus
                0x08009db6       0x38 CMakeFiles/HelloWord-Keyboard-fw.elf.dir/Middlewares/ST/STM32_USB_Device_Library/Core/Src/usbd_ctlreq.c.obj
 .text.USBD_ClrFeature
                0x08009dee       0x26 CMakeFiles/HelloWord-Keyboard-fw.elf.dir/Middlewares/ST/STM32_USB_Device_Library/Core/Src/usbd_ctlreq.c.obj
 .text.USBD_StdDevReq
                0x08009e14       0x68 CMakeFiles/HelloWord-Keyboard-fw.elf.dir/Middlewares/ST/STM32_USB_Device_Library/Core/Src/usbd_ctlreq.c.obj
                0x08009e14                USBD_StdDevReq
 .text.USBD_StdItfReq
                0x08009e7c       0x60 CMakeFiles/HelloWord-Keyboard-fw.elf.dir/Middlewares/ST/STM32_USB_Device_Library/Core/Src/usbd_ctlreq.c.obj
                0x08009e7c                USBD_StdItfReq
 .text.USBD_StdEPReq
                0x08009edc      0x1e2 CMakeFiles/HelloWord-Keyboard-fw.elf.dir/Middlewares/ST/STM32_USB_Device_Library/Core/Src/usbd_ctlreq.c.obj
                0x08009edc                USBD_StdEPReq
 .text.USBD_GetString
                0x0800a0be       0x3a CMakeFiles/HelloWord-Keyboard-fw.elf.dir/Middlewares/ST/STM32_USB_Device_Library/Core/Src/usbd_ctlreq.c.obj
                0x0800a0be                USBD_GetString
 .text.USBD_CtlSendData
                0x0800a0f8       0x1a CMakeFiles/HelloWord-Keyboard-fw.elf.dir/Middlewares/ST/STM32_USB_Device_Library/Core/Src/usbd_ioreq.c.obj
                0x0800a0f8                USBD_CtlSendData
 .text.USBD_CtlContinueSendData
                0x0800a112       0x10 CMakeFiles/HelloWord-Keyboard-fw.elf.dir/Middlewares/ST/STM32_USB_Device_Library/Core/Src/usbd_ioreq.c.obj
                0x0800a112                USBD_CtlContinueSendData
 .text.USBD_CtlPrepareRx
                0x0800a122       0x1e CMakeFiles/HelloWord-Keyboard-fw.elf.dir/Middlewares/ST/STM32_USB_Device_Library/Core/Src/usbd_ioreq.c.obj
                0x0800a122                USBD_CtlPrepareRx
 .text.USBD_CtlContinueRx
                0x0800a140       0x10 CMakeFiles/HelloWord-Keyboard-fw.elf.dir/Middlewares/ST/STM32_USB_Device_Library/Core/Src/usbd_ioreq.c.obj
                0x0800a140                USBD_CtlContinueRx
 .text.USBD_CtlSendStatus
                0x0800a150       0x16 CMakeFiles/HelloWord-Keyboard-fw.elf.dir/Middlewares/ST/STM32_USB_Device_Library/Core/Src/usbd_ioreq.c.obj
                0x0800a150                USBD_CtlSendStatus
 .text.USBD_CtlReceiveStatus
                0x0800a166       0x16 CMakeFiles/HelloWord-Keyboard-fw.elf.dir/Middlewares/ST/STM32_USB_Device_Library/Core/Src/usbd_ioreq.c.obj
                0x0800a166                USBD_CtlReceiveStatus
 .text.MX_USB_DEVICE_Init
                0x0800a17c       0x54 CMakeFiles/HelloWord-Keyboard-fw.elf.dir/USB_DEVICE/App/usb_device.c.obj
                0x0800a17c                MX_USB_DEVICE_Init
 .text.CUSTOM_HID_Init_FS
                0x0800a1d0        0x4 CMakeFiles/HelloWord-Keyboard-fw.elf.dir/USB_DEVICE/App/usbd_custom_hid_if.c.obj
 .text.CUSTOM_HID_DeInit_FS
                0x0800a1d4        0x4 CMakeFiles/HelloWord-Keyboard-fw.elf.dir/USB_DEVICE/App/usbd_custom_hid_if.c.obj
 .text.CUSTOM_HID_OutEvent_FS
                0x0800a1d8        0x4 CMakeFiles/HelloWord-Keyboard-fw.elf.dir/USB_DEVICE/App/usbd_custom_hid_if.c.obj
 .text.USBD_FS_DeviceDescriptor
                0x0800a1dc        0xc CMakeFiles/HelloWord-Keyboard-fw.elf.dir/USB_DEVICE/App/usbd_desc.c.obj
                0x0800a1dc                USBD_FS_DeviceDescriptor
 .text.USBD_FS_LangIDStrDescriptor
                0x0800a1e8        0xc CMakeFiles/HelloWord-Keyboard-fw.elf.dir/USB_DEVICE/App/usbd_desc.c.obj
                0x0800a1e8                USBD_FS_LangIDStrDescriptor
 .text.IntToUnicode
                0x0800a1f4       0x46 CMakeFiles/HelloWord-Keyboard-fw.elf.dir/USB_DEVICE/App/usbd_desc.c.obj
 *fill*         0x0800a23a        0x2 
 .text.Get_SerialNum
                0x0800a23c       0x38 CMakeFiles/HelloWord-Keyboard-fw.elf.dir/USB_DEVICE/App/usbd_desc.c.obj
 .text.USBD_FS_SerialStrDescriptor
                0x0800a274       0x14 CMakeFiles/HelloWord-Keyboard-fw.elf.dir/USB_DEVICE/App/usbd_desc.c.obj
                0x0800a274                USBD_FS_SerialStrDescriptor
 .text.USBD_FS_ProductStrDescriptor
                0x0800a288       0x24 CMakeFiles/HelloWord-Keyboard-fw.elf.dir/USB_DEVICE/App/usbd_desc.c.obj
                0x0800a288                USBD_FS_ProductStrDescriptor
 .text.USBD_FS_ManufacturerStrDescriptor
                0x0800a2ac       0x1c CMakeFiles/HelloWord-Keyboard-fw.elf.dir/USB_DEVICE/App/usbd_desc.c.obj
                0x0800a2ac                USBD_FS_ManufacturerStrDescriptor
 .text.USBD_FS_ConfigStrDescriptor
                0x0800a2c8       0x24 CMakeFiles/HelloWord-Keyboard-fw.elf.dir/USB_DEVICE/App/usbd_desc.c.obj
                0x0800a2c8                USBD_FS_ConfigStrDescriptor
 .text.USBD_FS_InterfaceStrDescriptor
                0x0800a2ec       0x24 CMakeFiles/HelloWord-Keyboard-fw.elf.dir/USB_DEVICE/App/usbd_desc.c.obj
                0x0800a2ec                USBD_FS_InterfaceStrDescriptor
 .text.USBD_Get_USB_Status
                0x0800a310       0x14 CMakeFiles/HelloWord-Keyboard-fw.elf.dir/USB_DEVICE/Target/usbd_conf.c.obj
 .text.HAL_PCD_MspInit
                0x0800a324       0x40 CMakeFiles/HelloWord-Keyboard-fw.elf.dir/USB_DEVICE/Target/usbd_conf.c.obj
                0x0800a324                HAL_PCD_MspInit
 .text.HAL_PCD_SetupStageCallback
                0x0800a364       0x10 CMakeFiles/HelloWord-Keyboard-fw.elf.dir/USB_DEVICE/Target/usbd_conf.c.obj
                0x0800a364                HAL_PCD_SetupStageCallback
 .text.HAL_PCD_DataOutStageCallback
                0x0800a374       0x18 CMakeFiles/HelloWord-Keyboard-fw.elf.dir/USB_DEVICE/Target/usbd_conf.c.obj
                0x0800a374                HAL_PCD_DataOutStageCallback
 .text.HAL_PCD_DataInStageCallback
                0x0800a38c       0x16 CMakeFiles/HelloWord-Keyboard-fw.elf.dir/USB_DEVICE/Target/usbd_conf.c.obj
                0x0800a38c                HAL_PCD_DataInStageCallback
 .text.HAL_PCD_SOFCallback
                0x0800a3a2        0xc CMakeFiles/HelloWord-Keyboard-fw.elf.dir/USB_DEVICE/Target/usbd_conf.c.obj
                0x0800a3a2                HAL_PCD_SOFCallback
 .text.HAL_PCD_ResetCallback
                0x0800a3ae       0x24 CMakeFiles/HelloWord-Keyboard-fw.elf.dir/USB_DEVICE/Target/usbd_conf.c.obj
                0x0800a3ae                HAL_PCD_ResetCallback
 *fill*         0x0800a3d2        0x2 
 .text.HAL_PCD_SuspendCallback
                0x0800a3d4       0x20 CMakeFiles/HelloWord-Keyboard-fw.elf.dir/USB_DEVICE/Target/usbd_conf.c.obj
                0x0800a3d4                HAL_PCD_SuspendCallback
 .text.HAL_PCD_ResumeCallback
                0x0800a3f4        0xc CMakeFiles/HelloWord-Keyboard-fw.elf.dir/USB_DEVICE/Target/usbd_conf.c.obj
                0x0800a3f4                HAL_PCD_ResumeCallback
 .text.USBD_LL_Init
                0x0800a400       0x74 CMakeFiles/HelloWord-Keyboard-fw.elf.dir/USB_DEVICE/Target/usbd_conf.c.obj
                0x0800a400                USBD_LL_Init
 .text.USBD_LL_Start
                0x0800a474       0x10 CMakeFiles/HelloWord-Keyboard-fw.elf.dir/USB_DEVICE/Target/usbd_conf.c.obj
                0x0800a474                USBD_LL_Start
 .text.USBD_LL_OpenEP
                0x0800a484       0x16 CMakeFiles/HelloWord-Keyboard-fw.elf.dir/USB_DEVICE/Target/usbd_conf.c.obj
                0x0800a484                USBD_LL_OpenEP
 .text.USBD_LL_CloseEP
                0x0800a49a       0x10 CMakeFiles/HelloWord-Keyboard-fw.elf.dir/USB_DEVICE/Target/usbd_conf.c.obj
                0x0800a49a                USBD_LL_CloseEP
 .text.USBD_LL_StallEP
                0x0800a4aa       0x10 CMakeFiles/HelloWord-Keyboard-fw.elf.dir/USB_DEVICE/Target/usbd_conf.c.obj
                0x0800a4aa                USBD_LL_StallEP
 .text.USBD_LL_ClearStallEP
                0x0800a4ba       0x10 CMakeFiles/HelloWord-Keyboard-fw.elf.dir/USB_DEVICE/Target/usbd_conf.c.obj
                0x0800a4ba                USBD_LL_ClearStallEP
 .text.USBD_LL_IsStallEP
                0x0800a4ca       0x2e CMakeFiles/HelloWord-Keyboard-fw.elf.dir/USB_DEVICE/Target/usbd_conf.c.obj
                0x0800a4ca                USBD_LL_IsStallEP
 .text.USBD_LL_SetUSBAddress
                0x0800a4f8       0x10 CMakeFiles/HelloWord-Keyboard-fw.elf.dir/USB_DEVICE/Target/usbd_conf.c.obj
                0x0800a4f8                USBD_LL_SetUSBAddress
 .text.USBD_LL_Transmit
                0x0800a508       0x10 CMakeFiles/HelloWord-Keyboard-fw.elf.dir/USB_DEVICE/Target/usbd_conf.c.obj
                0x0800a508                USBD_LL_Transmit
 .text.USBD_LL_PrepareReceive
                0x0800a518       0x10 CMakeFiles/HelloWord-Keyboard-fw.elf.dir/USB_DEVICE/Target/usbd_conf.c.obj
                0x0800a518                USBD_LL_PrepareReceive
 .text.USBD_static_malloc
                0x0800a528        0x8 CMakeFiles/HelloWord-Keyboard-fw.elf.dir/USB_DEVICE/Target/usbd_conf.c.obj
                0x0800a528                USBD_static_malloc
 .text.USBD_static_free
                0x0800a530        0x2 CMakeFiles/HelloWord-Keyboard-fw.elf.dir/USB_DEVICE/Target/usbd_conf.c.obj
                0x0800a530                USBD_static_free
 .text.HAL_PCDEx_SetConnectionState
                0x0800a532        0x2 CMakeFiles/HelloWord-Keyboard-fw.elf.dir/USB_DEVICE/Target/usbd_conf.c.obj
                0x0800a532                HAL_PCDEx_SetConnectionState
 .text._ZN10HWKeyboardC2EP19__SPI_HandleTypeDef
                0x0800a534      0x7b8 CMakeFiles/HelloWord-Keyboard-fw.elf.dir/UserApp/main.cpp.obj
                0x0800a534                HWKeyboard::HWKeyboard(__SPI_HandleTypeDef*)
                0x0800a534                HWKeyboard::HWKeyboard(__SPI_HandleTypeDef*)
 .text._Z41__static_initialization_and_destruction_0ii
                0x0800acec       0x24 CMakeFiles/HelloWord-Keyboard-fw.elf.dir/UserApp/main.cpp.obj
 .text.Main     0x0800ad10      0x1d8 CMakeFiles/HelloWord-Keyboard-fw.elf.dir/UserApp/main.cpp.obj
                0x0800ad10                Main
 .text.OnTimerCallback
                0x0800aee8       0x94 CMakeFiles/HelloWord-Keyboard-fw.elf.dir/UserApp/main.cpp.obj
                0x0800aee8                OnTimerCallback
 .text.HAL_SPI_TxCpltCallback
                0x0800af7c       0x10 CMakeFiles/HelloWord-Keyboard-fw.elf.dir/UserApp/main.cpp.obj
                0x0800af7c                HAL_SPI_TxCpltCallback
 .text.HID_RxCpltCallback
                0x0800af8c       0x10 CMakeFiles/HelloWord-Keyboard-fw.elf.dir/UserApp/main.cpp.obj
                0x0800af8c                HID_RxCpltCallback
 .text._GLOBAL__sub_I_config
                0x0800af9c        0xe CMakeFiles/HelloWord-Keyboard-fw.elf.dir/UserApp/main.cpp.obj
 *fill*         0x0800afaa        0x2 
 .text.Reset_Handler
                0x0800afac       0x48 CMakeFiles/HelloWord-Keyboard-fw.elf.dir/startup/startup_stm32f103xb.s.obj
                0x0800afac                Reset_Handler
 .text.Default_Handler
                0x0800aff4        0x2 CMakeFiles/HelloWord-Keyboard-fw.elf.dir/startup/startup_stm32f103xb.s.obj
                0x0800aff4                RTC_Alarm_IRQHandler
                0x0800aff4                EXTI2_IRQHandler
                0x0800aff4                TIM1_CC_IRQHandler
                0x0800aff4                PVD_IRQHandler
                0x0800aff4                EXTI3_IRQHandler
                0x0800aff4                EXTI0_IRQHandler
                0x0800aff4                I2C2_EV_IRQHandler
                0x0800aff4                ADC1_2_IRQHandler
                0x0800aff4                TAMPER_IRQHandler
                0x0800aff4                DMA1_Channel4_IRQHandler
                0x0800aff4                USART3_IRQHandler
                0x0800aff4                RTC_IRQHandler
                0x0800aff4                DMA1_Channel7_IRQHandler
                0x0800aff4                CAN1_RX1_IRQHandler
                0x0800aff4                I2C1_EV_IRQHandler
                0x0800aff4                DMA1_Channel6_IRQHandler
                0x0800aff4                TIM3_IRQHandler
                0x0800aff4                RCC_IRQHandler
                0x0800aff4                TIM1_TRG_COM_IRQHandler
                0x0800aff4                DMA1_Channel1_IRQHandler
                0x0800aff4                Default_Handler
                0x0800aff4                EXTI15_10_IRQHandler
                0x0800aff4                EXTI9_5_IRQHandler
                0x0800aff4                EXTI4_IRQHandler
                0x0800aff4                USB_HP_CAN1_TX_IRQHandler
                0x0800aff4                DMA1_Channel3_IRQHandler
                0x0800aff4                TIM1_UP_IRQHandler
                0x0800aff4                WWDG_IRQHandler
                0x0800aff4                TIM2_IRQHandler
                0x0800aff4                TIM1_BRK_IRQHandler
                0x0800aff4                EXTI1_IRQHandler
                0x0800aff4                USART2_IRQHandler
                0x0800aff4                I2C2_ER_IRQHandler
                0x0800aff4                CAN1_SCE_IRQHandler
                0x0800aff4                FLASH_IRQHandler
                0x0800aff4                I2C1_ER_IRQHandler
                0x0800aff4                USBWakeUp_IRQHandler
 *fill*         0x0800aff6        0x2 
 .text.__libc_init_array
                0x0800aff8       0x48 d:/software/gcc-arm-none-eabi-10.3-2021.10/bin/../lib/gcc/arm-none-eabi/10.3.1/../../../../arm-none-eabi/lib/thumb/v7-m/nofp\libg.a(lib_a-init.o)
                0x0800aff8                __libc_init_array
 .text.memset   0x0800b040       0xa4 d:/software/gcc-arm-none-eabi-10.3-2021.10/bin/../lib/gcc/arm-none-eabi/10.3.1/../../../../arm-none-eabi/lib/thumb/v7-m/nofp\libg.a(lib_a-memset.o)
                0x0800b040                memset
 .text.startup.register_fini
                0x0800b0e4       0x14 d:/software/gcc-arm-none-eabi-10.3-2021.10/bin/../lib/gcc/arm-none-eabi/10.3.1/../../../../arm-none-eabi/lib/thumb/v7-m/nofp\libg.a(lib_a-__call_atexit.o)
 .text.atexit   0x0800b0f8        0xc d:/software/gcc-arm-none-eabi-10.3-2021.10/bin/../lib/gcc/arm-none-eabi/10.3.1/../../../../arm-none-eabi/lib/thumb/v7-m/nofp\libg.a(lib_a-atexit.o)
                0x0800b0f8                atexit
 .text.__libc_fini_array
                0x0800b104       0x2c d:/software/gcc-arm-none-eabi-10.3-2021.10/bin/../lib/gcc/arm-none-eabi/10.3.1/../../../../arm-none-eabi/lib/thumb/v7-m/nofp\libg.a(lib_a-fini.o)
                0x0800b104                __libc_fini_array
 .text.__retarget_lock_acquire_recursive
                0x0800b130        0x4 d:/software/gcc-arm-none-eabi-10.3-2021.10/bin/../lib/gcc/arm-none-eabi/10.3.1/../../../../arm-none-eabi/lib/thumb/v7-m/nofp\libg.a(lib_a-lock.o)
                0x0800b130                __retarget_lock_acquire_recursive
 .text.__retarget_lock_release_recursive
                0x0800b134        0x4 d:/software/gcc-arm-none-eabi-10.3-2021.10/bin/../lib/gcc/arm-none-eabi/10.3.1/../../../../arm-none-eabi/lib/thumb/v7-m/nofp\libg.a(lib_a-lock.o)
                0x0800b134                __retarget_lock_release_recursive
 .text.__register_exitproc
                0x0800b138       0x8c d:/software/gcc-arm-none-eabi-10.3-2021.10/bin/../lib/gcc/arm-none-eabi/10.3.1/../../../../arm-none-eabi/lib/thumb/v7-m/nofp\libg.a(lib_a-__atexit.o)
                0x0800b138                __register_exitproc
 *(.glue_7)
 .glue_7        0x0800b1c4        0x0 linker stubs
 *(.glue_7t)
 .glue_7t       0x0800b1c4        0x0 linker stubs
 *(.eh_frame)
 .eh_frame      0x0800b1c4        0x0 d:/software/gcc-arm-none-eabi-10.3-2021.10/bin/../lib/gcc/arm-none-eabi/10.3.1/thumb/v7-m/nofp/crtbegin.o
 *(.init)
 .init          0x0800b1c4        0x4 d:/software/gcc-arm-none-eabi-10.3-2021.10/bin/../lib/gcc/arm-none-eabi/10.3.1/thumb/v7-m/nofp/crti.o
                0x0800b1c4                _init
 .init          0x0800b1c8        0x8 d:/software/gcc-arm-none-eabi-10.3-2021.10/bin/../lib/gcc/arm-none-eabi/10.3.1/thumb/v7-m/nofp/crtn.o
 *(.fini)
 .fini          0x0800b1d0        0x4 d:/software/gcc-arm-none-eabi-10.3-2021.10/bin/../lib/gcc/arm-none-eabi/10.3.1/thumb/v7-m/nofp/crti.o
                0x0800b1d0                _fini
 .fini          0x0800b1d4        0x8 d:/software/gcc-arm-none-eabi-10.3-2021.10/bin/../lib/gcc/arm-none-eabi/10.3.1/thumb/v7-m/nofp/crtn.o
                0x0800b1dc                . = ALIGN (0x4)
                0x0800b1dc                _etext = .

.vfp11_veneer   0x0800b1dc        0x0
 .vfp11_veneer  0x0800b1dc        0x0 linker stubs

.v4_bx          0x0800b1dc        0x0
 .v4_bx         0x0800b1dc        0x0 linker stubs

.iplt           0x0800b1dc        0x0
 .iplt          0x0800b1dc        0x0 d:/software/gcc-arm-none-eabi-10.3-2021.10/bin/../lib/gcc/arm-none-eabi/10.3.1/thumb/v7-m/nofp/crtbegin.o

.rodata         0x0800b1dc       0x90
                0x0800b1dc                . = ALIGN (0x4)
 *(.rodata)
 .rodata        0x0800b1dc        0xb CMakeFiles/HelloWord-Keyboard-fw.elf.dir/UserApp/main.cpp.obj
 *(.rodata*)
 *fill*         0x0800b1e7        0x1 
 .rodata.AHBPrescTable
                0x0800b1e8       0x10 CMakeFiles/HelloWord-Keyboard-fw.elf.dir/Core/Src/system_stm32f1xx.c.obj
                0x0800b1e8                AHBPrescTable
 .rodata.APBPrescTable
                0x0800b1f8        0x8 CMakeFiles/HelloWord-Keyboard-fw.elf.dir/Core/Src/system_stm32f1xx.c.obj
                0x0800b1f8                APBPrescTable
 .rodata.HAL_RCC_GetSysClockFreq.str1.4
                0x0800b200       0x11 CMakeFiles/HelloWord-Keyboard-fw.elf.dir/Drivers/STM32F1xx_HAL_Driver/Src/stm32f1xx_hal_rcc.c.obj
 *fill*         0x0800b211        0x3 
 .rodata.USBD_FS_ProductStrDescriptor.str1.4
                0x0800b214       0x19 CMakeFiles/HelloWord-Keyboard-fw.elf.dir/USB_DEVICE/App/usbd_desc.c.obj
 *fill*         0x0800b22d        0x3 
 .rodata.USBD_FS_ManufacturerStrDescriptor.str1.4
                0x0800b230        0xb CMakeFiles/HelloWord-Keyboard-fw.elf.dir/USB_DEVICE/App/usbd_desc.c.obj
 *fill*         0x0800b23b        0x1 
 .rodata.USBD_FS_ConfigStrDescriptor.str1.4
                0x0800b23c       0x12 CMakeFiles/HelloWord-Keyboard-fw.elf.dir/USB_DEVICE/App/usbd_desc.c.obj
 *fill*         0x0800b24e        0x2 
 .rodata.USBD_FS_InterfaceStrDescriptor.str1.4
                0x0800b250       0x15 CMakeFiles/HelloWord-Keyboard-fw.elf.dir/USB_DEVICE/App/usbd_desc.c.obj
 *fill*         0x0800b265        0x3 
 .rodata._global_impure_ptr
                0x0800b268        0x4 d:/software/gcc-arm-none-eabi-10.3-2021.10/bin/../lib/gcc/arm-none-eabi/10.3.1/../../../../arm-none-eabi/lib/thumb/v7-m/nofp\libg.a(lib_a-impure.o)
                0x0800b268                _global_impure_ptr
                0x0800b26c                . = ALIGN (0x4)

.rel.dyn        0x0800b26c        0x0
 .rel.iplt      0x0800b26c        0x0 d:/software/gcc-arm-none-eabi-10.3-2021.10/bin/../lib/gcc/arm-none-eabi/10.3.1/thumb/v7-m/nofp/crtbegin.o

.ARM.extab
 *(.ARM.extab* .gnu.linkonce.armextab.*)

.ARM            0x0800b26c        0x0
                0x0800b26c                __exidx_start = .
 *(.ARM.exidx*)
                0x0800b26c                __exidx_end = .

.preinit_array  0x0800b26c        0x0
                0x0800b26c                PROVIDE (__preinit_array_start = .)
 *(.preinit_array*)
                0x0800b26c                PROVIDE (__preinit_array_end = .)

.init_array     0x0800b26c        0xc
                0x0800b26c                PROVIDE (__init_array_start = .)
 *(SORT_BY_NAME(.init_array.*))
 .init_array.00000
                0x0800b26c        0x4 d:/software/gcc-arm-none-eabi-10.3-2021.10/bin/../lib/gcc/arm-none-eabi/10.3.1/../../../../arm-none-eabi/lib/thumb/v7-m/nofp\libg.a(lib_a-__call_atexit.o)
 *(.init_array*)
 .init_array    0x0800b270        0x4 d:/software/gcc-arm-none-eabi-10.3-2021.10/bin/../lib/gcc/arm-none-eabi/10.3.1/thumb/v7-m/nofp/crtbegin.o
 .init_array    0x0800b274        0x4 CMakeFiles/HelloWord-Keyboard-fw.elf.dir/UserApp/main.cpp.obj
                0x0800b278                PROVIDE (__init_array_end = .)

.fini_array     0x0800b278        0x4
                0x0800b278                PROVIDE (__fini_array_start = .)
 *(SORT_BY_NAME(.fini_array.*))
 *(.fini_array*)
 .fini_array    0x0800b278        0x4 d:/software/gcc-arm-none-eabi-10.3-2021.10/bin/../lib/gcc/arm-none-eabi/10.3.1/thumb/v7-m/nofp/crtbegin.o
                0x0800b27c                PROVIDE (__fini_array_end = .)
                0x0800b27c                _sidata = LOADADDR (.data)

.data           0x20000000      0x5d4 load address 0x0800b27c
                0x20000000                . = ALIGN (0x4)
                0x20000000                _sdata = .
 *(.data)
 *(.data*)
 .data.SystemCoreClock
                0x20000000        0x4 CMakeFiles/HelloWord-Keyboard-fw.elf.dir/Core/Src/system_stm32f1xx.c.obj
                0x20000000                SystemCoreClock
 .data.uwTickFreq
                0x20000004        0x1 CMakeFiles/HelloWord-Keyboard-fw.elf.dir/Drivers/STM32F1xx_HAL_Driver/Src/stm32f1xx_hal.c.obj
                0x20000004                uwTickFreq
 *fill*         0x20000005        0x3 
 .data.uwTickPrio
                0x20000008        0x4 CMakeFiles/HelloWord-Keyboard-fw.elf.dir/Drivers/STM32F1xx_HAL_Driver/Src/stm32f1xx_hal.c.obj
                0x20000008                uwTickPrio
 .data.USBD_CUSTOM_HID
                0x2000000c       0x38 CMakeFiles/HelloWord-Keyboard-fw.elf.dir/Middlewares/ST/STM32_USB_Device_Library/Class/CustomHID/Src/usbd_customhid.c.obj
                0x2000000c                USBD_CUSTOM_HID
 .data.USBD_CUSTOM_HID_CfgFSDesc
                0x20000044       0x29 CMakeFiles/HelloWord-Keyboard-fw.elf.dir/Middlewares/ST/STM32_USB_Device_Library/Class/CustomHID/Src/usbd_customhid.c.obj
 *fill*         0x2000006d        0x3 
 .data.USBD_CUSTOM_HID_CfgHSDesc
                0x20000070       0x29 CMakeFiles/HelloWord-Keyboard-fw.elf.dir/Middlewares/ST/STM32_USB_Device_Library/Class/CustomHID/Src/usbd_customhid.c.obj
 *fill*         0x20000099        0x3 
 .data.USBD_CUSTOM_HID_Desc
                0x2000009c        0x9 CMakeFiles/HelloWord-Keyboard-fw.elf.dir/Middlewares/ST/STM32_USB_Device_Library/Class/CustomHID/Src/usbd_customhid.c.obj
 *fill*         0x200000a5        0x3 
 .data.USBD_CUSTOM_HID_DeviceQualifierDesc
                0x200000a8        0xa CMakeFiles/HelloWord-Keyboard-fw.elf.dir/Middlewares/ST/STM32_USB_Device_Library/Class/CustomHID/Src/usbd_customhid.c.obj
 *fill*         0x200000b2        0x2 
 .data.USBD_CUSTOM_HID_OtherSpeedCfgDesc
                0x200000b4       0x29 CMakeFiles/HelloWord-Keyboard-fw.elf.dir/Middlewares/ST/STM32_USB_Device_Library/Class/CustomHID/Src/usbd_customhid.c.obj
 *fill*         0x200000dd        0x3 
 .data.CUSTOM_HID_ReportDesc_FS
                0x200000e0       0x59 CMakeFiles/HelloWord-Keyboard-fw.elf.dir/USB_DEVICE/App/usbd_custom_hid_if.c.obj
 *fill*         0x20000139        0x3 
 .data.USBD_CustomHID_fops_FS
                0x2000013c       0x10 CMakeFiles/HelloWord-Keyboard-fw.elf.dir/USB_DEVICE/App/usbd_custom_hid_if.c.obj
                0x2000013c                USBD_CustomHID_fops_FS
 .data.FS_Desc  0x2000014c       0x1c CMakeFiles/HelloWord-Keyboard-fw.elf.dir/USB_DEVICE/App/usbd_desc.c.obj
                0x2000014c                FS_Desc
 .data.USBD_FS_DeviceDesc
                0x20000168       0x12 CMakeFiles/HelloWord-Keyboard-fw.elf.dir/USB_DEVICE/App/usbd_desc.c.obj
                0x20000168                USBD_FS_DeviceDesc
 *fill*         0x2000017a        0x2 
 .data.USBD_LangIDDesc
                0x2000017c        0x4 CMakeFiles/HelloWord-Keyboard-fw.elf.dir/USB_DEVICE/App/usbd_desc.c.obj
                0x2000017c                USBD_LangIDDesc
 .data.USBD_StringSerial
                0x20000180       0x1a CMakeFiles/HelloWord-Keyboard-fw.elf.dir/USB_DEVICE/App/usbd_desc.c.obj
                0x20000180                USBD_StringSerial
 *fill*         0x2000019a        0x2 
 .data._ZZ4MainE10brightness
                0x2000019c        0x4 CMakeFiles/HelloWord-Keyboard-fw.elf.dir/UserApp/main.cpp.obj
 .data._ZZ4MainE14brightnessFlag
                0x200001a0        0x1 CMakeFiles/HelloWord-Keyboard-fw.elf.dir/UserApp/main.cpp.obj
 *fill*         0x200001a1        0x7 
 .data.impure_data
                0x200001a8      0x428 d:/software/gcc-arm-none-eabi-10.3-2021.10/bin/../lib/gcc/arm-none-eabi/10.3.1/../../../../arm-none-eabi/lib/thumb/v7-m/nofp\libg.a(lib_a-impure.o)
 .data.__atexit_recursive_mutex
                0x200005d0        0x4 d:/software/gcc-arm-none-eabi-10.3-2021.10/bin/../lib/gcc/arm-none-eabi/10.3.1/../../../../arm-none-eabi/lib/thumb/v7-m/nofp\libg.a(lib_a-__call_atexit.o)
                0x200005d0                __atexit_recursive_mutex
                0x200005d4                . = ALIGN (0x4)
                0x200005d4                _edata = .

.igot.plt       0x200005d4        0x0 load address 0x0800b850
 .igot.plt      0x200005d4        0x0 d:/software/gcc-arm-none-eabi-10.3-2021.10/bin/../lib/gcc/arm-none-eabi/10.3.1/thumb/v7-m/nofp/crtbegin.o
                0x200005d4                . = ALIGN (0x4)

.bss            0x200005d8     0x1c78 load address 0x0800b850
                0x200005d8                _sbss = .
                0x200005d8                __bss_start__ = _sbss
 *(.bss)
 .bss           0x200005d8       0x1c d:/software/gcc-arm-none-eabi-10.3-2021.10/bin/../lib/gcc/arm-none-eabi/10.3.1/thumb/v7-m/nofp/crtbegin.o
 *(.bss*)
 .bss.hdma_spi1_rx
                0x200005f4       0x44 CMakeFiles/HelloWord-Keyboard-fw.elf.dir/Core/Src/spi.c.obj
                0x200005f4                hdma_spi1_rx
 .bss.hdma_spi2_tx
                0x20000638       0x44 CMakeFiles/HelloWord-Keyboard-fw.elf.dir/Core/Src/spi.c.obj
                0x20000638                hdma_spi2_tx
 .bss.hspi1     0x2000067c       0x58 CMakeFiles/HelloWord-Keyboard-fw.elf.dir/Core/Src/spi.c.obj
                0x2000067c                hspi1
 .bss.hspi2     0x200006d4       0x58 CMakeFiles/HelloWord-Keyboard-fw.elf.dir/Core/Src/spi.c.obj
                0x200006d4                hspi2
 .bss.htim4     0x2000072c       0x48 CMakeFiles/HelloWord-Keyboard-fw.elf.dir/Core/Src/tim.c.obj
                0x2000072c                htim4
 .bss.buf       0x20000774       0x32 CMakeFiles/HelloWord-Keyboard-fw.elf.dir/Core/Src/usart.c.obj
                0x20000774                buf
 *fill*         0x200007a6        0x2 
 .bss.huart1    0x200007a8       0x44 CMakeFiles/HelloWord-Keyboard-fw.elf.dir/Core/Src/usart.c.obj
                0x200007a8                huart1
 .bss.uwTick    0x200007ec        0x4 CMakeFiles/HelloWord-Keyboard-fw.elf.dir/Drivers/STM32F1xx_HAL_Driver/Src/stm32f1xx_hal.c.obj
                0x200007ec                uwTick
 .bss.pFlash    0x200007f0       0x20 CMakeFiles/HelloWord-Keyboard-fw.elf.dir/Drivers/STM32F1xx_HAL_Driver/Src/stm32f1xx_hal_flash.c.obj
                0x200007f0                pFlash
 .bss._ZL12eepromBuffer
                0x20000810      0x400 CMakeFiles/HelloWord-Keyboard-fw.elf.dir/HelloWord/Utils/Memory/random_flash_utils.cpp.obj
 .bss.cfgidx.0  0x20000c10        0x1 CMakeFiles/HelloWord-Keyboard-fw.elf.dir/Middlewares/ST/STM32_USB_Device_Library/Core/Src/usbd_ctlreq.c.obj
 *fill*         0x20000c11        0x3 
 .bss.hUsbDeviceFS
                0x20000c14      0x2c4 CMakeFiles/HelloWord-Keyboard-fw.elf.dir/USB_DEVICE/App/usb_device.c.obj
                0x20000c14                hUsbDeviceFS
 .bss.USBD_StrDesc
                0x20000ed8      0x200 CMakeFiles/HelloWord-Keyboard-fw.elf.dir/USB_DEVICE/App/usbd_desc.c.obj
                0x20000ed8                USBD_StrDesc
 .bss.hpcd_USB_FS
                0x200010d8      0x2ec CMakeFiles/HelloWord-Keyboard-fw.elf.dir/USB_DEVICE/Target/usbd_conf.c.obj
                0x200010d8                hpcd_USB_FS
 .bss.mem.0     0x200013c4       0x58 CMakeFiles/HelloWord-Keyboard-fw.elf.dir/USB_DEVICE/Target/usbd_conf.c.obj
 .bss._ZL9sCapsFlag
                0x2000141c        0x1 CMakeFiles/HelloWord-Keyboard-fw.elf.dir/UserApp/main.cpp.obj
 .bss._ZL9sRandFlag
                0x2000141d        0x1 CMakeFiles/HelloWord-Keyboard-fw.elf.dir/UserApp/main.cpp.obj
 *fill*         0x2000141e        0x2 
 .bss._ZZ15OnTimerCallbackE5count
                0x20001420        0x4 CMakeFiles/HelloWord-Keyboard-fw.elf.dir/UserApp/main.cpp.obj
 .bss._ZZ4MainE8LedCache
                0x20001424        0x4 CMakeFiles/HelloWord-Keyboard-fw.elf.dir/UserApp/main.cpp.obj
 .bss.config    0x20001428       0x98 CMakeFiles/HelloWord-Keyboard-fw.elf.dir/UserApp/main.cpp.obj
                0x20001428                config
 .bss.keyboard  0x200014c0      0xd8c CMakeFiles/HelloWord-Keyboard-fw.elf.dir/UserApp/main.cpp.obj
                0x200014c0                keyboard
 .bss.__lock___atexit_recursive_mutex
                0x2000224c        0x1 d:/software/gcc-arm-none-eabi-10.3-2021.10/bin/../lib/gcc/arm-none-eabi/10.3.1/../../../../arm-none-eabi/lib/thumb/v7-m/nofp\libg.a(lib_a-lock.o)
                0x2000224c                __lock___atexit_recursive_mutex
 *(COMMON)
                0x20002250                . = ALIGN (0x4)
 *fill*         0x2000224d        0x3 
                0x20002250                _ebss = .
                0x20002250                __bss_end__ = _ebss

._user_heap_stack
                0x20002250      0xa00 load address 0x0800b850
                0x20002250                . = ALIGN (0x8)
                0x20002250                PROVIDE (end = .)
                [!provide]                PROVIDE (_end = .)
                0x20002450                . = (. + _Min_Heap_Size)
 *fill*         0x20002250      0x200 
                0x20002c50                . = (. + _Min_Stack_Size)
 *fill*         0x20002450      0x800 
                0x20002c50                . = ALIGN (0x8)

/DISCARD/
 libc.a(*)
 libm.a(*)
 libgcc.a(*)

.ARM.attributes
                0x00000000       0x29
 *(.ARM.attributes)
 .ARM.attributes
                0x00000000       0x1d d:/software/gcc-arm-none-eabi-10.3-2021.10/bin/../lib/gcc/arm-none-eabi/10.3.1/thumb/v7-m/nofp/crti.o
 .ARM.attributes
                0x0000001d       0x2d d:/software/gcc-arm-none-eabi-10.3-2021.10/bin/../lib/gcc/arm-none-eabi/10.3.1/thumb/v7-m/nofp/crtbegin.o
 .ARM.attributes
                0x0000004a       0x2d CMakeFiles/HelloWord-Keyboard-fw.elf.dir/Core/Src/dma.c.obj
 .ARM.attributes
                0x00000077       0x2d CMakeFiles/HelloWord-Keyboard-fw.elf.dir/Core/Src/gpio.c.obj
 .ARM.attributes
                0x000000a4       0x2d CMakeFiles/HelloWord-Keyboard-fw.elf.dir/Core/Src/main.c.obj
 .ARM.attributes
                0x000000d1       0x2d CMakeFiles/HelloWord-Keyboard-fw.elf.dir/Core/Src/spi.c.obj
 .ARM.attributes
                0x000000fe       0x2d CMakeFiles/HelloWord-Keyboard-fw.elf.dir/Core/Src/stm32f1xx_hal_msp.c.obj
 .ARM.attributes
                0x0000012b       0x2d CMakeFiles/HelloWord-Keyboard-fw.elf.dir/Core/Src/stm32f1xx_it.c.obj
 .ARM.attributes
                0x00000158       0x2d CMakeFiles/HelloWord-Keyboard-fw.elf.dir/Core/Src/system_stm32f1xx.c.obj
 .ARM.attributes
                0x00000185       0x2d CMakeFiles/HelloWord-Keyboard-fw.elf.dir/Core/Src/tim.c.obj
 .ARM.attributes
                0x000001b2       0x2d CMakeFiles/HelloWord-Keyboard-fw.elf.dir/Core/Src/usart.c.obj
 .ARM.attributes
                0x000001df       0x2d CMakeFiles/HelloWord-Keyboard-fw.elf.dir/Drivers/STM32F1xx_HAL_Driver/Src/stm32f1xx_hal.c.obj
 .ARM.attributes
                0x0000020c       0x2d CMakeFiles/HelloWord-Keyboard-fw.elf.dir/Drivers/STM32F1xx_HAL_Driver/Src/stm32f1xx_hal_cortex.c.obj
 .ARM.attributes
                0x00000239       0x2d CMakeFiles/HelloWord-Keyboard-fw.elf.dir/Drivers/STM32F1xx_HAL_Driver/Src/stm32f1xx_hal_dma.c.obj
 .ARM.attributes
                0x00000266       0x2d CMakeFiles/HelloWord-Keyboard-fw.elf.dir/Drivers/STM32F1xx_HAL_Driver/Src/stm32f1xx_hal_flash.c.obj
 .ARM.attributes
                0x00000293       0x2d CMakeFiles/HelloWord-Keyboard-fw.elf.dir/Drivers/STM32F1xx_HAL_Driver/Src/stm32f1xx_hal_flash_ex.c.obj
 .ARM.attributes
                0x000002c0       0x2d CMakeFiles/HelloWord-Keyboard-fw.elf.dir/Drivers/STM32F1xx_HAL_Driver/Src/stm32f1xx_hal_gpio.c.obj
 .ARM.attributes
                0x000002ed       0x2d CMakeFiles/HelloWord-Keyboard-fw.elf.dir/Drivers/STM32F1xx_HAL_Driver/Src/stm32f1xx_hal_pcd.c.obj
 .ARM.attributes
                0x0000031a       0x2d CMakeFiles/HelloWord-Keyboard-fw.elf.dir/Drivers/STM32F1xx_HAL_Driver/Src/stm32f1xx_hal_pcd_ex.c.obj
 .ARM.attributes
                0x00000347       0x2d CMakeFiles/HelloWord-Keyboard-fw.elf.dir/Drivers/STM32F1xx_HAL_Driver/Src/stm32f1xx_hal_rcc.c.obj
 .ARM.attributes
                0x00000374       0x2d CMakeFiles/HelloWord-Keyboard-fw.elf.dir/Drivers/STM32F1xx_HAL_Driver/Src/stm32f1xx_hal_rcc_ex.c.obj
 .ARM.attributes
                0x000003a1       0x2d CMakeFiles/HelloWord-Keyboard-fw.elf.dir/Drivers/STM32F1xx_HAL_Driver/Src/stm32f1xx_hal_spi.c.obj
 .ARM.attributes
                0x000003ce       0x2d CMakeFiles/HelloWord-Keyboard-fw.elf.dir/Drivers/STM32F1xx_HAL_Driver/Src/stm32f1xx_hal_tim.c.obj
 .ARM.attributes
                0x000003fb       0x2d CMakeFiles/HelloWord-Keyboard-fw.elf.dir/Drivers/STM32F1xx_HAL_Driver/Src/stm32f1xx_hal_tim_ex.c.obj
 .ARM.attributes
                0x00000428       0x2d CMakeFiles/HelloWord-Keyboard-fw.elf.dir/Drivers/STM32F1xx_HAL_Driver/Src/stm32f1xx_hal_uart.c.obj
 .ARM.attributes
                0x00000455       0x2d CMakeFiles/HelloWord-Keyboard-fw.elf.dir/Drivers/STM32F1xx_HAL_Driver/Src/stm32f1xx_ll_usb.c.obj
 .ARM.attributes
                0x00000482       0x2d CMakeFiles/HelloWord-Keyboard-fw.elf.dir/HelloWord/Utils/Memory/random_flash_utils.cpp.obj
 .ARM.attributes
                0x000004af       0x2d CMakeFiles/HelloWord-Keyboard-fw.elf.dir/HelloWord/hw_keyboard.cpp.obj
 .ARM.attributes
                0x000004dc       0x2d CMakeFiles/HelloWord-Keyboard-fw.elf.dir/Middlewares/ST/STM32_USB_Device_Library/Class/CustomHID/Src/usbd_customhid.c.obj
 .ARM.attributes
                0x00000509       0x2d CMakeFiles/HelloWord-Keyboard-fw.elf.dir/Middlewares/ST/STM32_USB_Device_Library/Core/Src/usbd_core.c.obj
 .ARM.attributes
                0x00000536       0x2d CMakeFiles/HelloWord-Keyboard-fw.elf.dir/Middlewares/ST/STM32_USB_Device_Library/Core/Src/usbd_ctlreq.c.obj
 .ARM.attributes
                0x00000563       0x2d CMakeFiles/HelloWord-Keyboard-fw.elf.dir/Middlewares/ST/STM32_USB_Device_Library/Core/Src/usbd_ioreq.c.obj
 .ARM.attributes
                0x00000590       0x2d CMakeFiles/HelloWord-Keyboard-fw.elf.dir/USB_DEVICE/App/usb_device.c.obj
 .ARM.attributes
                0x000005bd       0x2d CMakeFiles/HelloWord-Keyboard-fw.elf.dir/USB_DEVICE/App/usbd_custom_hid_if.c.obj
 .ARM.attributes
                0x000005ea       0x2d CMakeFiles/HelloWord-Keyboard-fw.elf.dir/USB_DEVICE/App/usbd_desc.c.obj
 .ARM.attributes
                0x00000617       0x2d CMakeFiles/HelloWord-Keyboard-fw.elf.dir/USB_DEVICE/Target/usbd_conf.c.obj
 .ARM.attributes
                0x00000644       0x2d CMakeFiles/HelloWord-Keyboard-fw.elf.dir/UserApp/main.cpp.obj
 .ARM.attributes
                0x00000671       0x21 CMakeFiles/HelloWord-Keyboard-fw.elf.dir/startup/startup_stm32f103xb.s.obj
 .ARM.attributes
                0x00000692       0x1d d:/software/gcc-arm-none-eabi-10.3-2021.10/bin/../lib/gcc/arm-none-eabi/10.3.1/thumb/v7-m/nofp\libgcc.a(_arm_mulsf3.o)
 .ARM.attributes
                0x000006af       0x1d d:/software/gcc-arm-none-eabi-10.3-2021.10/bin/../lib/gcc/arm-none-eabi/10.3.1/thumb/v7-m/nofp\libgcc.a(_arm_addsubdf3.o)
 .ARM.attributes
                0x000006cc       0x1d d:/software/gcc-arm-none-eabi-10.3-2021.10/bin/../lib/gcc/arm-none-eabi/10.3.1/thumb/v7-m/nofp\libgcc.a(_arm_cmpdf2.o)
 .ARM.attributes
                0x000006e9       0x1d d:/software/gcc-arm-none-eabi-10.3-2021.10/bin/../lib/gcc/arm-none-eabi/10.3.1/thumb/v7-m/nofp\libgcc.a(_arm_addsubsf3.o)
 .ARM.attributes
                0x00000706       0x1d d:/software/gcc-arm-none-eabi-10.3-2021.10/bin/../lib/gcc/arm-none-eabi/10.3.1/thumb/v7-m/nofp\libgcc.a(_arm_cmpsf2.o)
 .ARM.attributes
                0x00000723       0x1d d:/software/gcc-arm-none-eabi-10.3-2021.10/bin/../lib/gcc/arm-none-eabi/10.3.1/thumb/v7-m/nofp\libgcc.a(_arm_fixunssfsi.o)
 .ARM.attributes
                0x00000740       0x2d d:/software/gcc-arm-none-eabi-10.3-2021.10/bin/../lib/gcc/arm-none-eabi/10.3.1/../../../../arm-none-eabi/lib/thumb/v7-m/nofp\libg.a(lib_a-impure.o)
 .ARM.attributes
                0x0000076d       0x2d d:/software/gcc-arm-none-eabi-10.3-2021.10/bin/../lib/gcc/arm-none-eabi/10.3.1/../../../../arm-none-eabi/lib/thumb/v7-m/nofp\libg.a(lib_a-init.o)
 .ARM.attributes
                0x0000079a       0x1b d:/software/gcc-arm-none-eabi-10.3-2021.10/bin/../lib/gcc/arm-none-eabi/10.3.1/../../../../arm-none-eabi/lib/thumb/v7-m/nofp\libg.a(lib_a-memcpy.o)
 .ARM.attributes
                0x000007b5       0x2d d:/software/gcc-arm-none-eabi-10.3-2021.10/bin/../lib/gcc/arm-none-eabi/10.3.1/../../../../arm-none-eabi/lib/thumb/v7-m/nofp\libg.a(lib_a-memset.o)
 .ARM.attributes
                0x000007e2       0x2d d:/software/gcc-arm-none-eabi-10.3-2021.10/bin/../lib/gcc/arm-none-eabi/10.3.1/../../../../arm-none-eabi/lib/thumb/v7-m/nofp\libg.a(lib_a-__call_atexit.o)
 .ARM.attributes
                0x0000080f       0x2d d:/software/gcc-arm-none-eabi-10.3-2021.10/bin/../lib/gcc/arm-none-eabi/10.3.1/../../../../arm-none-eabi/lib/thumb/v7-m/nofp\libg.a(lib_a-atexit.o)
 .ARM.attributes
                0x0000083c       0x2d d:/software/gcc-arm-none-eabi-10.3-2021.10/bin/../lib/gcc/arm-none-eabi/10.3.1/../../../../arm-none-eabi/lib/thumb/v7-m/nofp\libg.a(lib_a-fini.o)
 .ARM.attributes
                0x00000869       0x2d d:/software/gcc-arm-none-eabi-10.3-2021.10/bin/../lib/gcc/arm-none-eabi/10.3.1/../../../../arm-none-eabi/lib/thumb/v7-m/nofp\libg.a(lib_a-lock.o)
 .ARM.attributes
                0x00000896       0x2d d:/software/gcc-arm-none-eabi-10.3-2021.10/bin/../lib/gcc/arm-none-eabi/10.3.1/../../../../arm-none-eabi/lib/thumb/v7-m/nofp\libg.a(lib_a-__atexit.o)
 .ARM.attributes
                0x000008c3       0x1d d:/software/gcc-arm-none-eabi-10.3-2021.10/bin/../lib/gcc/arm-none-eabi/10.3.1/thumb/v7-m/nofp/crtn.o
OUTPUT(HelloWord-Keyboard-fw.elf elf32-littlearm)
LOAD linker stubs
LOAD d:/software/gcc-arm-none-eabi-10.3-2021.10/bin/../lib/gcc/arm-none-eabi/10.3.1/../../../../arm-none-eabi/lib/thumb/v7-m/nofp\libc.a
LOAD d:/software/gcc-arm-none-eabi-10.3-2021.10/bin/../lib/gcc/arm-none-eabi/10.3.1/../../../../arm-none-eabi/lib/thumb/v7-m/nofp\libm.a
LOAD d:/software/gcc-arm-none-eabi-10.3-2021.10/bin/../lib/gcc/arm-none-eabi/10.3.1/thumb/v7-m/nofp\libgcc.a

.debug_info     0x00000000    0x1f08b
 .debug_info    0x00000000      0x324 CMakeFiles/HelloWord-Keyboard-fw.elf.dir/Core/Src/dma.c.obj
 .debug_info    0x00000324      0x3db CMakeFiles/HelloWord-Keyboard-fw.elf.dir/Core/Src/gpio.c.obj
 .debug_info    0x000006ff      0x454 CMakeFiles/HelloWord-Keyboard-fw.elf.dir/Core/Src/main.c.obj
 .debug_info    0x00000b53      0xbc3 CMakeFiles/HelloWord-Keyboard-fw.elf.dir/Core/Src/spi.c.obj
 .debug_info    0x00001716      0x211 CMakeFiles/HelloWord-Keyboard-fw.elf.dir/Core/Src/stm32f1xx_hal_msp.c.obj
 .debug_info    0x00001927     0x11b9 CMakeFiles/HelloWord-Keyboard-fw.elf.dir/Core/Src/stm32f1xx_it.c.obj
 .debug_info    0x00002ae0      0x403 CMakeFiles/HelloWord-Keyboard-fw.elf.dir/Core/Src/system_stm32f1xx.c.obj
 .debug_info    0x00002ee3      0xa57 CMakeFiles/HelloWord-Keyboard-fw.elf.dir/Core/Src/tim.c.obj
 .debug_info    0x0000393a      0xacc CMakeFiles/HelloWord-Keyboard-fw.elf.dir/Core/Src/usart.c.obj
 .debug_info    0x00004406      0x7a8 CMakeFiles/HelloWord-Keyboard-fw.elf.dir/Drivers/STM32F1xx_HAL_Driver/Src/stm32f1xx_hal.c.obj
 .debug_info    0x00004bae      0xd8a CMakeFiles/HelloWord-Keyboard-fw.elf.dir/Drivers/STM32F1xx_HAL_Driver/Src/stm32f1xx_hal_cortex.c.obj
 .debug_info    0x00005938      0x846 CMakeFiles/HelloWord-Keyboard-fw.elf.dir/Drivers/STM32F1xx_HAL_Driver/Src/stm32f1xx_hal_dma.c.obj
 .debug_info    0x0000617e      0x698 CMakeFiles/HelloWord-Keyboard-fw.elf.dir/Drivers/STM32F1xx_HAL_Driver/Src/stm32f1xx_hal_flash.c.obj
 .debug_info    0x00006816      0xafa CMakeFiles/HelloWord-Keyboard-fw.elf.dir/Drivers/STM32F1xx_HAL_Driver/Src/stm32f1xx_hal_flash_ex.c.obj
 .debug_info    0x00007310      0x66f CMakeFiles/HelloWord-Keyboard-fw.elf.dir/Drivers/STM32F1xx_HAL_Driver/Src/stm32f1xx_hal_gpio.c.obj
 .debug_info    0x0000797f     0x1b27 CMakeFiles/HelloWord-Keyboard-fw.elf.dir/Drivers/STM32F1xx_HAL_Driver/Src/stm32f1xx_hal_pcd.c.obj
 .debug_info    0x000094a6      0x737 CMakeFiles/HelloWord-Keyboard-fw.elf.dir/Drivers/STM32F1xx_HAL_Driver/Src/stm32f1xx_hal_pcd_ex.c.obj
 .debug_info    0x00009bdd      0xa36 CMakeFiles/HelloWord-Keyboard-fw.elf.dir/Drivers/STM32F1xx_HAL_Driver/Src/stm32f1xx_hal_rcc.c.obj
 .debug_info    0x0000a613      0x443 CMakeFiles/HelloWord-Keyboard-fw.elf.dir/Drivers/STM32F1xx_HAL_Driver/Src/stm32f1xx_hal_rcc_ex.c.obj
 .debug_info    0x0000aa56     0x1d70 CMakeFiles/HelloWord-Keyboard-fw.elf.dir/Drivers/STM32F1xx_HAL_Driver/Src/stm32f1xx_hal_spi.c.obj
 .debug_info    0x0000c7c6     0x3b00 CMakeFiles/HelloWord-Keyboard-fw.elf.dir/Drivers/STM32F1xx_HAL_Driver/Src/stm32f1xx_hal_tim.c.obj
 .debug_info    0x000102c6     0x19e9 CMakeFiles/HelloWord-Keyboard-fw.elf.dir/Drivers/STM32F1xx_HAL_Driver/Src/stm32f1xx_hal_tim_ex.c.obj
 .debug_info    0x00011caf     0x1c8b CMakeFiles/HelloWord-Keyboard-fw.elf.dir/Drivers/STM32F1xx_HAL_Driver/Src/stm32f1xx_hal_uart.c.obj
 .debug_info    0x0001393a     0x1cb2 CMakeFiles/HelloWord-Keyboard-fw.elf.dir/Drivers/STM32F1xx_HAL_Driver/Src/stm32f1xx_ll_usb.c.obj
 .debug_info    0x000155ec      0x5f4 CMakeFiles/HelloWord-Keyboard-fw.elf.dir/HelloWord/Utils/Memory/random_flash_utils.cpp.obj
 .debug_info    0x00015be0     0x1311 CMakeFiles/HelloWord-Keyboard-fw.elf.dir/HelloWord/hw_keyboard.cpp.obj
 .debug_info    0x00016ef1      0xcf0 CMakeFiles/HelloWord-Keyboard-fw.elf.dir/Middlewares/ST/STM32_USB_Device_Library/Class/CustomHID/Src/usbd_customhid.c.obj
 .debug_info    0x00017be1      0xd74 CMakeFiles/HelloWord-Keyboard-fw.elf.dir/Middlewares/ST/STM32_USB_Device_Library/Core/Src/usbd_core.c.obj
 .debug_info    0x00018955     0x1078 CMakeFiles/HelloWord-Keyboard-fw.elf.dir/Middlewares/ST/STM32_USB_Device_Library/Core/Src/usbd_ctlreq.c.obj
 .debug_info    0x000199cd      0x7e9 CMakeFiles/HelloWord-Keyboard-fw.elf.dir/Middlewares/ST/STM32_USB_Device_Library/Core/Src/usbd_ioreq.c.obj
 .debug_info    0x0001a1b6      0x692 CMakeFiles/HelloWord-Keyboard-fw.elf.dir/USB_DEVICE/App/usb_device.c.obj
 .debug_info    0x0001a848      0x1ea CMakeFiles/HelloWord-Keyboard-fw.elf.dir/USB_DEVICE/App/usbd_custom_hid_if.c.obj
 .debug_info    0x0001aa32      0x5eb CMakeFiles/HelloWord-Keyboard-fw.elf.dir/USB_DEVICE/App/usbd_desc.c.obj
 .debug_info    0x0001b01d     0x1b4f CMakeFiles/HelloWord-Keyboard-fw.elf.dir/USB_DEVICE/Target/usbd_conf.c.obj
 .debug_info    0x0001cb6c     0x24fd CMakeFiles/HelloWord-Keyboard-fw.elf.dir/UserApp/main.cpp.obj
 .debug_info    0x0001f069       0x22 CMakeFiles/HelloWord-Keyboard-fw.elf.dir/startup/startup_stm32f103xb.s.obj

.debug_abbrev   0x00000000     0x4c11
 .debug_abbrev  0x00000000      0x114 CMakeFiles/HelloWord-Keyboard-fw.elf.dir/Core/Src/dma.c.obj
 .debug_abbrev  0x00000114      0x14f CMakeFiles/HelloWord-Keyboard-fw.elf.dir/Core/Src/gpio.c.obj
 .debug_abbrev  0x00000263      0x182 CMakeFiles/HelloWord-Keyboard-fw.elf.dir/Core/Src/main.c.obj
 .debug_abbrev  0x000003e5      0x1dd CMakeFiles/HelloWord-Keyboard-fw.elf.dir/Core/Src/spi.c.obj
 .debug_abbrev  0x000005c2       0xe5 CMakeFiles/HelloWord-Keyboard-fw.elf.dir/Core/Src/stm32f1xx_hal_msp.c.obj
 .debug_abbrev  0x000006a7      0x1d9 CMakeFiles/HelloWord-Keyboard-fw.elf.dir/Core/Src/stm32f1xx_it.c.obj
 .debug_abbrev  0x00000880      0x13e CMakeFiles/HelloWord-Keyboard-fw.elf.dir/Core/Src/system_stm32f1xx.c.obj
 .debug_abbrev  0x000009be      0x1de CMakeFiles/HelloWord-Keyboard-fw.elf.dir/Core/Src/tim.c.obj
 .debug_abbrev  0x00000b9c      0x1ef CMakeFiles/HelloWord-Keyboard-fw.elf.dir/Core/Src/usart.c.obj
 .debug_abbrev  0x00000d8b      0x1f4 CMakeFiles/HelloWord-Keyboard-fw.elf.dir/Drivers/STM32F1xx_HAL_Driver/Src/stm32f1xx_hal.c.obj
 .debug_abbrev  0x00000f7f      0x341 CMakeFiles/HelloWord-Keyboard-fw.elf.dir/Drivers/STM32F1xx_HAL_Driver/Src/stm32f1xx_hal_cortex.c.obj
 .debug_abbrev  0x000012c0      0x223 CMakeFiles/HelloWord-Keyboard-fw.elf.dir/Drivers/STM32F1xx_HAL_Driver/Src/stm32f1xx_hal_dma.c.obj
 .debug_abbrev  0x000014e3      0x22d CMakeFiles/HelloWord-Keyboard-fw.elf.dir/Drivers/STM32F1xx_HAL_Driver/Src/stm32f1xx_hal_flash.c.obj
 .debug_abbrev  0x00001710      0x234 CMakeFiles/HelloWord-Keyboard-fw.elf.dir/Drivers/STM32F1xx_HAL_Driver/Src/stm32f1xx_hal_flash_ex.c.obj