Component: ARM Compiler 5.06 update 7 (build 960) Tool: armlink [4d3601]

==============================================================================

Section Cross References

    startup_stm32f103xb.o(STACK) refers (Special) to heapauxi.o(.text) for __use_two_region_memory
    startup_stm32f103xb.o(HEAP) refers (Special) to heapauxi.o(.text) for __use_two_region_memory
    startup_stm32f103xb.o(RESET) refers (Special) to heapauxi.o(.text) for __use_two_region_memory
    startup_stm32f103xb.o(RESET) refers to startup_stm32f103xb.o(STACK) for __initial_sp
    startup_stm32f103xb.o(RESET) refers to startup_stm32f103xb.o(.text) for Reset_Handler
    startup_stm32f103xb.o(RESET) refers to stm32f1xx_it.o(i.NMI_Handler) for NMI_Handler
    startup_stm32f103xb.o(RESET) refers to stm32f1xx_it.o(i.HardFault_Handler) for HardFault_Handler
    startup_stm32f103xb.o(RESET) refers to stm32f1xx_it.o(i.MemManage_Handler) for MemManage_Handler
    startup_stm32f103xb.o(RESET) refers to stm32f1xx_it.o(i.BusFault_Handler) for BusFault_Handler
    startup_stm32f103xb.o(RESET) refers to stm32f1xx_it.o(i.UsageFault_Handler) for UsageFault_Handler
    startup_stm32f103xb.o(RESET) refers to stm32f1xx_it.o(i.SVC_Handler) for SVC_Handler
    startup_stm32f103xb.o(RESET) refers to stm32f1xx_it.o(i.DebugMon_Handler) for DebugMon_Handler
    startup_stm32f103xb.o(RESET) refers to stm32f1xx_it.o(i.PendSV_Handler) for PendSV_Handler
    startup_stm32f103xb.o(RESET) refers to stm32f1xx_it.o(i.SysTick_Handler) for SysTick_Handler
    startup_stm32f103xb.o(RESET) refers to stm32f1xx_it.o(i.USB_LP_CAN1_RX0_IRQHandler) for USB_LP_CAN1_RX0_IRQHandler
    startup_stm32f103xb.o(RESET) refers to stm32f1xx_it.o(i.TIM2_IRQHandler) for TIM2_IRQHandler
    startup_stm32f103xb.o(.text) refers (Special) to heapauxi.o(.text) for __use_two_region_memory
    startup_stm32f103xb.o(.text) refers to system_stm32f1xx.o(i.SystemInit) for SystemInit
    startup_stm32f103xb.o(.text) refers to __main.o(!!!main) for __main
    startup_stm32f103xb.o(.text) refers to startup_stm32f103xb.o(HEAP) for Heap_Mem
    startup_stm32f103xb.o(.text) refers to startup_stm32f103xb.o(STACK) for Stack_Mem
    download.o(i.ClearFlags) refers to download.o(.data) for .data
    download.o(i.FLASH_If_Erase) refers to stm32f1xx_hal_flash.o(i.HAL_FLASH_Unlock) for HAL_FLASH_Unlock
    download.o(i.FLASH_If_Erase) refers to stm32f1xx_hal_flash_ex.o(i.HAL_FLASHEx_Erase) for HAL_FLASHEx_Erase
    download.o(i.FLASH_If_Erase) refers to stm32f1xx_hal_flash.o(i.HAL_FLASH_Lock) for HAL_FLASH_Lock
    download.o(i.FLASH_If_Init) refers to stm32f1xx_hal_flash.o(i.HAL_FLASH_Unlock) for HAL_FLASH_Unlock
    download.o(i.FLASH_If_Init) refers to stm32f1xx_hal_flash.o(i.HAL_FLASH_Lock) for HAL_FLASH_Lock
    download.o(i.FLASH_If_Write) refers to stm32f1xx_hal_flash.o(i.HAL_FLASH_Unlock) for HAL_FLASH_Unlock
    download.o(i.FLASH_If_Write) refers to stm32f1xx_hal_flash.o(i.HAL_FLASH_Program) for HAL_FLASH_Program
    download.o(i.FLASH_If_Write) refers to stm32f1xx_hal_flash.o(i.HAL_FLASH_Lock) for HAL_FLASH_Lock
    download.o(i.PacketParse) refers to rt_memcpy_v6.o(.text) for __aeabi_memcpy
    download.o(i.PacketParse) refers to download.o(i.PutBytes) for PutBytes
    download.o(i.PacketParse) refers to download.o(i.PutByte) for PutByte
    download.o(i.PacketParse) refers to download.o(i.ClearFlags) for ClearFlags
    download.o(i.PacketParse) refers to download.o(.data) for .data
    download.o(i.PacketParse) refers to download.o(.bss) for .bss
    download.o(i.PutByte) refers to usbd_cdc_if.o(i.CDC_Transmit_FS) for CDC_Transmit_FS
    download.o(i.PutBytes) refers to usbd_cdc_if.o(i.CDC_Transmit_FS) for CDC_Transmit_FS
    download.o(i.TransAbort) refers to download.o(i.PutBytes) for PutBytes
    download.o(i.YmodemHandshakeCb) refers to download.o(i.PutByte) for PutByte
    download.o(i.YmodemHandshakeCb) refers to download.o(i.ClearFlags) for ClearFlags
    download.o(i.YmodemHandshakeCb) refers to download.o(.data) for .data
    download.o(i.YmodemPacketHandle) refers to strlen.o(.text) for strlen
    download.o(i.YmodemPacketHandle) refers to atol.o(.text) for atol
    download.o(i.YmodemPacketHandle) refers to download.o(i.TransAbort) for TransAbort
    download.o(i.YmodemPacketHandle) refers to download.o(i.FLASH_If_Init) for FLASH_If_Init
    download.o(i.YmodemPacketHandle) refers to download.o(i.FLASH_If_Erase) for FLASH_If_Erase
    download.o(i.YmodemPacketHandle) refers to download.o(i.PutBytes) for PutBytes
    download.o(i.YmodemPacketHandle) refers to download.o(i.FLASH_If_Write) for FLASH_If_Write
    download.o(i.YmodemPacketHandle) refers to download.o(i.PutByte) for PutByte
    download.o(i.YmodemPacketHandle) refers to download.o(.data) for .data
    download.o(i.YmodemPacketHandle) refers to download.o(.bss) for .bss
    main.o(i.SystemClock_Config) refers to rt_memclr_w.o(.text) for __aeabi_memclr4
[...]
    i.NMI_Handler                            0x0800213a   Section        0  stm32f1xx_it.o(i.NMI_Handler)
    i.PCD_EP_ISR_Handler                     0x0800213c   Section        0  stm32f1xx_hal_pcd.o(i.PCD_EP_ISR_Handler)
    PCD_EP_ISR_Handler                       0x0800213d   Thumb Code   940  stm32f1xx_hal_pcd.o(i.PCD_EP_ISR_Handler)
    i.PacketParse                            0x080024e8   Section        0  download.o(i.PacketParse)
    i.PendSV_Handler                         0x080025f0   Section        0  stm32f1xx_it.o(i.PendSV_Handler)
    i.PutByte                                0x080025f2   Section        0  download.o(i.PutByte)
    i.PutBytes                               0x080025fe   Section        0  download.o(i.PutBytes)
    PutBytes                                 0x080025ff   Thumb Code     4  download.o(i.PutBytes)
    i.SVC_Handler                            0x08002602   Section        0  stm32f1xx_it.o(i.SVC_Handler)
    i.SysTick_Handler                        0x08002604   Section        0  stm32f1xx_it.o(i.SysTick_Handler)
    i.SystemClock_Config                     0x08002608   Section        0  main.o(i.SystemClock_Config)
    i.SystemInit                             0x0800267e   Section        0  system_stm32f1xx.o(i.SystemInit)
    i.TIM2_IRQHandler                        0x08002680   Section        0  stm32f1xx_it.o(i.TIM2_IRQHandler)
    i.TIM_Base_SetConfig                     0x0800268c   Section        0  stm32f1xx_hal_tim.o(i.TIM_Base_SetConfig)
    i.TIM_ETR_SetConfig                      0x080026f8   Section        0  stm32f1xx_hal_tim.o(i.TIM_ETR_SetConfig)
    i.TIM_ITRx_SetConfig                     0x0800270c   Section        0  stm32f1xx_hal_tim.o(i.TIM_ITRx_SetConfig)
    TIM_ITRx_SetConfig                       0x0800270d   Thumb Code    16  stm32f1xx_hal_tim.o(i.TIM_ITRx_SetConfig)
    i.TIM_TI1_ConfigInputStage               0x0800271c   Section        0  stm32f1xx_hal_tim.o(i.TIM_TI1_ConfigInputStage)
    TIM_TI1_ConfigInputStage                 0x0800271d   Thumb Code    34  stm32f1xx_hal_tim.o(i.TIM_TI1_ConfigInputStage)
    i.TIM_TI2_ConfigInputStage               0x0800273e   Section        0  stm32f1xx_hal_tim.o(i.TIM_TI2_ConfigInputStage)
    TIM_TI2_ConfigInputStage                 0x0800273f   Thumb Code    36  stm32f1xx_hal_tim.o(i.TIM_TI2_ConfigInputStage)
    i.TransAbort                             0x08002764   Section        0  download.o(i.TransAbort)
    TransAbort                               0x08002765   Thumb Code    18  download.o(i.TransAbort)
    i.USBD_CDC_DataIn                        0x0800277c   Section        0  usbd_cdc.o(i.USBD_CDC_DataIn)
    USBD_CDC_DataIn                          0x0800277d   Thumb Code    70  usbd_cdc.o(i.USBD_CDC_DataIn)
    i.USBD_CDC_DataOut                       0x080027c2   Section        0  usbd_cdc.o(i.USBD_CDC_DataOut)
    USBD_CDC_DataOut                         0x080027c3   Thumb Code    46  usbd_cdc.o(i.USBD_CDC_DataOut)
    i.USBD_CDC_DeInit                        0x080027f0   Section        0  usbd_cdc.o(i.USBD_CDC_DeInit)
    USBD_CDC_DeInit                          0x080027f1   Thumb Code    68  usbd_cdc.o(i.USBD_CDC_DeInit)
    i.USBD_CDC_EP0_RxReady                   0x08002834   Section        0  usbd_cdc.o(i.USBD_CDC_EP0_RxReady)
    USBD_CDC_EP0_RxReady                     0x08002835   Thumb Code    36  usbd_cdc.o(i.USBD_CDC_EP0_RxReady)
    i.USBD_CDC_GetDeviceQualifierDescriptor  0x08002858   Section        0  usbd_cdc.o(i.USBD_CDC_GetDeviceQualifierDescriptor)
    i.USBD_CDC_GetFSCfgDesc                  0x08002864   Section        0  usbd_cdc.o(i.USBD_CDC_GetFSCfgDesc)
    USBD_CDC_GetFSCfgDesc                    0x08002865   Thumb Code     8  usbd_cdc.o(i.USBD_CDC_GetFSCfgDesc)
    i.USBD_CDC_GetHSCfgDesc                  0x08002870   Section        0  usbd_cdc.o(i.USBD_CDC_GetHSCfgDesc)
    USBD_CDC_GetHSCfgDesc                    0x08002871   Thumb Code     8  usbd_cdc.o(i.USBD_CDC_GetHSCfgDesc)
    i.USBD_CDC_GetOtherSpeedCfgDesc          0x0800287c   Section        0  usbd_cdc.o(i.USBD_CDC_GetOtherSpeedCfgDesc)
    USBD_CDC_GetOtherSpeedCfgDesc            0x0800287d   Thumb Code     8  usbd_cdc.o(i.USBD_CDC_GetOtherSpeedCfgDesc)
    i.USBD_CDC_Init                          0x08002888   Section        0  usbd_cdc.o(i.USBD_CDC_Init)
    USBD_CDC_Init                            0x08002889   Thumb Code   148  usbd_cdc.o(i.USBD_CDC_Init)
    i.USBD_CDC_ReceivePacket                 0x0800291c   Section        0  usbd_cdc.o(i.USBD_CDC_ReceivePacket)
    i.USBD_CDC_RegisterInterface             0x08002944   Section        0  usbd_cdc.o(i.USBD_CDC_RegisterInterface)
    i.USBD_CDC_SetRxBuffer                   0x08002954   Section        0  usbd_cdc.o(i.USBD_CDC_SetRxBuffer)
    i.USBD_CDC_SetTxBuffer                   0x08002960   Section        0  usbd_cdc.o(i.USBD_CDC_SetTxBuffer)
    i.USBD_CDC_Setup                         0x08002970   Section        0  usbd_cdc.o(i.USBD_CDC_Setup)
    USBD_CDC_Setup                           0x08002971   Thumb Code   172  usbd_cdc.o(i.USBD_CDC_Setup)
    i.USBD_CDC_TransmitPacket                0x08002a1c   Section        0  usbd_cdc.o(i.USBD_CDC_TransmitPacket)
    i.USBD_ClrClassConfig                    0x08002a52   Section        0  usbd_core.o(i.USBD_ClrClassConfig)
    i.USBD_CtlContinueRx                     0x08002a60   Section        0  usbd_ioreq.o(i.USBD_CtlContinueRx)
    i.USBD_CtlContinueSendData               0x08002a70   Section        0  usbd_ioreq.o(i.USBD_CtlContinueSendData)
    i.USBD_CtlError                          0x08002a80   Section        0  usbd_ctlreq.o(i.USBD_CtlError)
    i.USBD_CtlPrepareRx                      0x08002a96   Section        0  usbd_ioreq.o(i.USBD_CtlPrepareRx)
    i.USBD_CtlReceiveStatus                  0x08002ab4   Section        0  usbd_ioreq.o(i.USBD_CtlReceiveStatus)
    i.USBD_CtlSendData                       0x08002aca   Section        0  usbd_ioreq.o(i.USBD_CtlSendData)
    i.USBD_CtlSendStatus                     0x08002ae4   Section        0  usbd_ioreq.o(i.USBD_CtlSendStatus)
    i.USBD_FS_ConfigStrDescriptor            0x08002afc   Section        0  usbd_desc.o(i.USBD_FS_ConfigStrDescriptor)
    i.USBD_FS_DeviceDescriptor               0x08002b1c   Section        0  usbd_desc.o(i.USBD_FS_DeviceDescriptor)
    i.USBD_FS_InterfaceStrDescriptor         0x08002b28   Section        0  usbd_desc.o(i.USBD_FS_InterfaceStrDescriptor)
    i.USBD_FS_LangIDStrDescriptor            0x08002b4c   Section        0  usbd_desc.o(i.USBD_FS_LangIDStrDescriptor)
    i.USBD_FS_ManufacturerStrDescriptor      0x08002b58   Section        0  usbd_desc.o(i.USBD_FS_ManufacturerStrDescriptor)
    i.USBD_FS_ProductStrDescriptor           0x08002b80   Section        0  usbd_desc.o(i.USBD_FS_ProductStrDescriptor)
    i.USBD_FS_SerialStrDescriptor            0x08002bac   Section        0  usbd_desc.o(i.USBD_FS_SerialStrDescriptor)
    i.USBD_GetDescriptor                     0x08002be4   Section        0  usbd_ctlreq.o(i.USBD_GetDescriptor)
    USBD_GetDescriptor                       0x08002be5   Thumb Code   232  usbd_ctlreq.o(i.USBD_GetDescriptor)
    i.USBD_GetString                         0x08002ccc   Section        0  usbd_ctlreq.o(i.USBD_GetString)
    i.USBD_Get_USB_Status                    0x08002d14   Section        0  usbd_conf.o(i.USBD_Get_USB_Status)
    USBD_Get_USB_Status                      0x08002d15   Thumb Code    24  usbd_conf.o(i.USBD_Get_USB_Status)
    i.USBD_Init                              0x08002d2c   Section        0  usbd_core.o(i.USBD_Init)
    i.USBD_LL_ClearStallEP                   0x08002d56   Section        0  usbd_conf.o(i.USBD_LL_ClearStallEP)
    i.USBD_LL_CloseEP                        0x08002d68   Section        0  usbd_conf.o(i.USBD_LL_CloseEP)
    i.USBD_LL_DataInStage                    0x08002d7a   Section        0  usbd_core.o(i.USBD_LL_DataInStage)
    i.USBD_LL_DataOutStage                   0x08002e40   Section        0  usbd_core.o(i.USBD_LL_DataOutStage)
    i.USBD_LL_GetRxDataSize                  0x08002ec2   Section        0  usbd_conf.o(i.USBD_LL_GetRxDataSize)
    i.USBD_LL_Init                           0x08002ecc   Section        0  usbd_conf.o(i.USBD_LL_Init)
    i.USBD_LL_IsStallEP                      0x08002f4c   Section        0  usbd_conf.o(i.USBD_LL_IsStallEP)
    i.USBD_LL_OpenEP                         0x08002f6c   Section        0  usbd_conf.o(i.USBD_LL_OpenEP)
    i.USBD_LL_PrepareReceive                 0x08002f84   Section        0  usbd_conf.o(i.USBD_LL_PrepareReceive)
    i.USBD_LL_Reset                          0x08002f96   Section        0  usbd_core.o(i.USBD_LL_Reset)
    i.USBD_LL_Resume                         0x08002fe6   Section        0  usbd_core.o(i.USBD_LL_Resume)
    i.USBD_LL_SOF                            0x08002ffa   Section        0  usbd_core.o(i.USBD_LL_SOF)
    i.USBD_LL_SetSpeed                       0x08003012   Section        0  usbd_core.o(i.USBD_LL_SetSpeed)
    i.USBD_LL_SetUSBAddress                  0x08003018   Section        0  usbd_conf.o(i.USBD_LL_SetUSBAddress)
    i.USBD_LL_SetupStage                     0x0800302a   Section        0  usbd_core.o(i.USBD_LL_SetupStage)
    i.USBD_LL_StallEP                        0x08003084   Section        0  usbd_conf.o(i.USBD_LL_StallEP)
    i.USBD_LL_Start                          0x08003096   Section        0  usbd_conf.o(i.USBD_LL_Start)
    i.USBD_LL_Suspend                        0x080030a8   Section        0  usbd_core.o(i.USBD_LL_Suspend)
    i.USBD_LL_Transmit                       0x080030ba   Section        0  usbd_conf.o(i.USBD_LL_Transmit)
    i.USBD_ParseSetupRequest                 0x080030cc   Section        0  usbd_ctlreq.o(i.USBD_ParseSetupRequest)
    i.USBD_RegisterClass                     0x080030f4   Section        0  usbd_core.o(i.USBD_RegisterClass)
    i.USBD_SetClassConfig                    0x08003104   Section        0  usbd_core.o(i.USBD_SetClassConfig)
    i.USBD_SetConfig                         0x0800311c   Section        0  usbd_ctlreq.o(i.USBD_SetConfig)
    USBD_SetConfig                           0x0800311d   Thumb Code   128  usbd_ctlreq.o(i.USBD_SetConfig)
    i.USBD_Start                             0x080031a0   Section        0  usbd_core.o(i.USBD_Start)
    i.USBD_StdDevReq                         0x080031aa   Section        0  usbd_ctlreq.o(i.USBD_StdDevReq)
    i.USBD_StdEPReq                          0x080032bc   Section        0  usbd_ctlreq.o(i.USBD_StdEPReq)
    i.USBD_StdItfReq                         0x0800340c   Section        0  usbd_ctlreq.o(i.USBD_StdItfReq)
    i.USBD_static_free                       0x0800345a   Section        0  usbd_conf.o(i.USBD_static_free)
    i.USBD_static_malloc                     0x0800345c   Section        0  usbd_conf.o(i.USBD_static_malloc)
    i.USB_ActivateEndpoint                   0x08003464   Section        0  stm32f1xx_ll_usb.o(i.USB_ActivateEndpoint)
    i.USB_CoreInit                           0x08003700   Section        0  stm32f1xx_ll_usb.o(i.USB_CoreInit)
    i.USB_DeactivateEndpoint                 0x08003704   Section        0  stm32f1xx_ll_usb.o(i.USB_DeactivateEndpoint)
    i.USB_DevConnect                         0x08003812   Section        0  stm32f1xx_ll_usb.o(i.USB_DevConnect)
    i.USB_DevDisconnect                      0x08003816   Section        0  stm32f1xx_ll_usb.o(i.USB_DevDisconnect)
    i.USB_DevInit                            0x0800381a   Section        0  stm32f1xx_ll_usb.o(i.USB_DevInit)
    i.USB_DisableGlobalInt                   0x0800382c   Section        0  stm32f1xx_ll_usb.o(i.USB_DisableGlobalInt)
    i.USB_EP0_OutStart                       0x0800383a   Section        0  stm32f1xx_ll_usb.o(i.USB_EP0_OutStart)
    i.USB_EPClearStall                       0x0800383e   Section        0  stm32f1xx_ll_usb.o(i.USB_EPClearStall)
    i.USB_EPSetStall                         0x080038b6   Section        0  stm32f1xx_ll_usb.o(i.USB_EPSetStall)
    i.USB_EPStartXfer                        0x080038e8   Section        0  stm32f1xx_ll_usb.o(i.USB_EPStartXfer)
    i.USB_EnableGlobalInt                    0x08003dca   Section        0  stm32f1xx_ll_usb.o(i.USB_EnableGlobalInt)
    i.USB_LP_CAN1_RX0_IRQHandler             0x08003ddc   Section        0  stm32f1xx_it.o(i.USB_LP_CAN1_RX0_IRQHandler)
    i.USB_ReadInterrupts                     0x08003de8   Section        0  stm32f1xx_ll_usb.o(i.USB_ReadInterrupts)
    i.USB_ReadPMA                            0x08003df0   Section        0  stm32f1xx_ll_usb.o(i.USB_ReadPMA)
    i.USB_Reset                              0x08003e1c   Section        0  main.o(i.USB_Reset)
    i.USB_SetCurrentMode                     0x08003e74   Section        0  stm32f1xx_ll_usb.o(i.USB_SetCurrentMode)
    i.USB_SetDevAddress                      0x08003e78   Section        0  stm32f1xx_ll_usb.o(i.USB_SetDevAddress)
    i.USB_WritePMA                           0x08003e84   Section        0  stm32f1xx_ll_usb.o(i.USB_WritePMA)
    i.UsageFault_Handler                     0x08003eaa   Section        0  stm32f1xx_it.o(i.UsageFault_Handler)
    i.YmodemHandshakeCb                      0x08003eac   Section        0  download.o(i.YmodemHandshakeCb)
    i.YmodemPacketHandle                     0x08003edc   Section        0  download.o(i.YmodemPacketHandle)
    i.__NVIC_SetPriority                     0x08003fc0   Section        0  stm32f1xx_hal_cortex.o(i.__NVIC_SetPriority)
    __NVIC_SetPriority                       0x08003fc1   Thumb Code    32  stm32f1xx_hal_cortex.o(i.__NVIC_SetPriority)
    i.main                                   0x08003fe0   Section        0  main.o(i.main)
    locale$$code                             0x0800401c   Section       44  lc_ctype_c.o(locale$$code)
    .constdata                               0x08004048   Section       16  system_stm32f1xx.o(.constdata)
    .constdata                               0x08004058   Section       18  stm32f1xx_hal_rcc.o(.constdata)
    aPredivFactorTable                       0x08004058   Data           2  stm32f1xx_hal_rcc.o(.constdata)
    aPLLMULFactorTable                       0x0800405a   Data          16  stm32f1xx_hal_rcc.o(.constdata)
    locale$$data                             0x0800408c   Section      272  lc_ctype_c.o(locale$$data)
    __lcctype_c_name                         0x08004090   Data           2  lc_ctype_c.o(locale$$data)
    __lcctype_c_start                        0x08004098   Data           0  lc_ctype_c.o(locale$$data)
    __lcctype_c_end                          0x0800419c   Data           0  lc_ctype_c.o(locale$$data)
    .data                                    0x20000000   Section       28  download.o(.data)
    state                                    0x20000000   Data           1  download.o(.data)
    connect_established                      0x20000001   Data           1  download.o(.data)
    end_of_transmission                      0x20000002   Data           1  download.o(.data)
    received_begin                           0x20000003   Data           1  download.o(.data)
    received_data                            0x20000004   Data           1  download.o(.data)
    received_end                             0x20000005   Data           1  download.o(.data)
    got_file_disc                            0x20000006   Data           1  download.o(.data)
    packet_size                              0x20000008   Data           2  download.o(.data)
    ack_and_c                                0x2000000a   Data           2  download.o(.data)
    index                                    0x2000000c   Data           2  download.o(.data)
    current_write_size                       0x20000010   Data           4  download.o(.data)
    write_ptr                                0x20000014   Data           4  download.o(.data)
    update_file_total_size                   0x20000018   Data           4  download.o(.data)
    .data                                    0x2000001c   Section        1  main.o(.data)
    .data                                    0x20000020   Section        4  system_stm32f1xx.o(.data)
    .data                                    0x20000024   Section       28  usbd_desc.o(.data)
    .data                                    0x20000040   Section       50  usbd_desc.o(.data)
    .data                                    0x20000074   Section       16  usbd_cdc_if.o(.data)
    .data                                    0x20000084   Section       12  stm32f1xx_hal.o(.data)
    .data                                    0x20000090   Section        1  usbd_ctlreq.o(.data)
    cfgidx                                   0x20000090   Data           1  usbd_ctlreq.o(.data)
    .data                                    0x20000094   Section      215  usbd_cdc.o(.data)
    USBD_CDC_DeviceQualifierDesc             0x20000094   Data          10  usbd_cdc.o(.data)
    .data                                    0x2000016c   Section       56  usbd_cdc.o(.data)
    .bss                                     0x200001a4   Section     1029  download.o(.bss)
    .bss                                     0x200005ac   Section       72  tim.o(.bss)
    .bss                                     0x200005f4   Section      708  usb_device.o(.bss)
    .bss                                     0x200008b8   Section      512  usbd_desc.o(.bss)
    .bss                                     0x20000ab8   Section     2048  usbd_cdc_if.o(.bss)
    .bss                                     0x200012b8   Section     1296  usbd_conf.o(.bss)
    mem                                      0x200012b8   Data         544  usbd_conf.o(.bss)
    .bss                                     0x200017c8   Section       32  stm32f1xx_hal_flash.o(.bss)
    .bss                                     0x200017e8   Section       96  libspace.o(.bss)
    HEAP                                     0x20001848   Section      512  startup_stm32f103xb.o(HEAP)
    Heap_Mem                                 0x20001848   Data         512  startup_stm32f103xb.o(HEAP)
    STACK                                    0x20001a48   Section     1024  startup_stm32f103xb.o(STACK)
    Stack_Mem                                0x20001a48   Data        1024  startup_stm32f103xb.o(STACK)
    __initial_sp                             0x20001e48   Data           0  startup_stm32f103xb.o(STACK)

    Global Symbols

    Symbol Name                              Value     Ov Type        Size  Object(Section)

    BuildAttributes$$THM_ISAv4$P$D$K$B$S$PE$A:L22UL41UL21$X:L11$S22US41US21$IEEE1$IW$USESV6$~STKCKD$USESV7$~SHL$OSPACE$ROPI$EBA8$UX$STANDARDLIB$REQ8$PRES8$EABIv2 0x00000000   Number         0  anon$$obj.o ABSOLUTE
    __ARM_use_no_argv                        0x00000000   Number         0  main.o ABSOLUTE
    __ARM_exceptions_init                     - Undefined Weak Reference
    __alloca_initialize                       - Undefined Weak Reference
    __arm_fini_                               - Undefined Weak Reference
    __arm_preinit_                            - Undefined Weak Reference
    __cpp_initialize__aeabi_                  - Undefined Weak Reference
    __cxa_finalize                            - Undefined Weak Reference
    __sigvec_lookup                           - Undefined Weak Reference
    _atexit_init                              - Undefined Weak Reference
    _call_atexit_fns                          - Undefined Weak Reference
    _clock_init                               - Undefined Weak Reference
    _fp_trap_init                             - Undefined Weak Reference
    _fp_trap_shutdown                         - Undefined Weak Reference
    _get_lc_collate                           - Undefined Weak Reference
    _get_lc_monetary                          - Undefined Weak Reference
    _get_lc_numeric                           - Undefined Weak Reference
    _get_lc_time                              - Undefined Weak Reference
    _getenv_init                              - Undefined Weak Reference
    _handle_redirection                       - Undefined Weak Reference
    _init_alloc                               - Undefined Weak Reference
    _init_user_alloc                          - Undefined Weak Reference
    _initio                                   - Undefined Weak Reference
    _rand_init                                - Undefined Weak Reference
    _signal_finish                            - Undefined Weak Reference
    _signal_init                              - Undefined Weak Reference
    _terminate_alloc                          - Undefined Weak Reference
    _terminate_user_alloc                     - Undefined Weak Reference
    _terminateio                              - Undefined Weak Reference
    __Vectors_Size                           0x000000ec   Number         0  startup_stm32f103xb.o ABSOLUTE
    __Vectors                                0x08000000   Data           4  startup_stm32f103xb.o(RESET)
    __Vectors_End                            0x080000ec   Data           0  startup_stm32f103xb.o(RESET)
    __main                                   0x080000ed   Thumb Code     8  __main.o(!!!main)
    __scatterload                            0x080000f5   Thumb Code     0  __scatter.o(!!!scatter)
    __scatterload_rt2                        0x080000f5   Thumb Code    44  __scatter.o(!!!scatter)
    __scatterload_rt2_thumb_only             0x080000f5   Thumb Code     0  __scatter.o(!!!scatter)
    __scatterload_null                       0x08000103   Thumb Code     0  __scatter.o(!!!scatter)
    __decompress                             0x08000129   Thumb Code    90  __dczerorl2.o(!!dczerorl2)
    __decompress1                            0x08000129   Thumb Code     0  __dczerorl2.o(!!dczerorl2)
    __scatterload_zeroinit                   0x08000185   Thumb Code    28  __scatter_zi.o(!!handler_zi)
    __rt_lib_init                            0x080001a1   Thumb Code     0  libinit.o(.ARM.Collect$$libinit$$00000000)
    __rt_lib_init_fp_1                       0x080001a3   Thumb Code     0  libinit2.o(.ARM.Collect$$libinit$$00000002)
    __rt_lib_init_heap_1                     0x080001a3   Thumb Code     0  libinit2.o(.ARM.Collect$$libinit$$0000000A)
    __rt_lib_init_lc_common                  0x080001a3   Thumb Code     0  libinit2.o(.ARM.Collect$$libinit$$0000000F)
    __rt_lib_init_preinit_1                  0x080001a3   Thumb Code     0  libinit2.o(.ARM.Collect$$libinit$$00000004)
    __rt_lib_init_rand_1                     0x080001a3   Thumb Code     0  libinit2.o(.ARM.Collect$$libinit$$0000000E)
    __rt_lib_init_user_alloc_1               0x080001a3   Thumb Code     0  libinit2.o(.ARM.Collect$$libinit$$0000000C)
    __rt_lib_init_lc_collate_1               0x080001a9   Thumb Code     0  libinit2.o(.ARM.Collect$$libinit$$00000011)
    __rt_lib_init_lc_ctype_2                 0x080001a9   Thumb Code     0  libinit2.o(.ARM.Collect$$libinit$$00000012)
    __rt_lib_init_alloca_1                   0x080001b5   Thumb Code     0  libinit2.o(.ARM.Collect$$libinit$$0000002E)
    __rt_lib_init_argv_1                     0x080001b5   Thumb Code     0  libinit2.o(.ARM.Collect$$libinit$$0000002C)
    __rt_lib_init_atexit_1                   0x080001b5   Thumb Code     0  libinit2.o(.ARM.Collect$$libinit$$0000001B)
    __rt_lib_init_clock_1                    0x080001b5   Thumb Code     0  libinit2.o(.ARM.Collect$$libinit$$00000021)
    __rt_lib_init_cpp_1                      0x080001b5   Thumb Code     0  libinit2.o(.ARM.Collect$$libinit$$00000032)
    __rt_lib_init_exceptions_1               0x080001b5   Thumb Code     0  libinit2.o(.ARM.Collect$$libinit$$00000030)
    __rt_lib_init_fp_trap_1                  0x080001b5   Thumb Code     0  libinit2.o(.ARM.Collect$$libinit$$0000001F)
    __rt_lib_init_getenv_1                   0x080001b5   Thumb Code     0  libinit2.o(.ARM.Collect$$libinit$$00000023)
    __rt_lib_init_lc_ctype_1                 0x080001b5   Thumb Code     0  libinit2.o(.ARM.Collect$$libinit$$00000013)
    __rt_lib_init_lc_monetary_1              0x080001b5   Thumb Code     0  libinit2.o(.ARM.Collect$$libinit$$00000015)
    __rt_lib_init_lc_numeric_1               0x080001b5   Thumb Code     0  libinit2.o(.ARM.Collect$$libinit$$00000017)
    __rt_lib_init_lc_time_1                  0x080001b5   Thumb Code     0  libinit2.o(.ARM.Collect$$libinit$$00000019)
    __rt_lib_init_return                     0x080001b5   Thumb Code     0  libinit2.o(.ARM.Collect$$libinit$$00000033)
    __rt_lib_init_signal_1                   0x080001b5   Thumb Code     0  libinit2.o(.ARM.Collect$$libinit$$0000001D)
    __rt_lib_init_stdio_1                    0x080001b5   Thumb Code     0  libinit2.o(.ARM.Collect$$libinit$$00000025)
    __rt_lib_shutdown                        0x080001b7   Thumb Code     0  libshutdown.o(.ARM.Collect$$libshutdown$$00000000)
    __rt_lib_shutdown_cpp_1                  0x080001b9   Thumb Code     0  libshutdown2.o(.ARM.Collect$$libshutdown$$00000004)
    __rt_lib_shutdown_fini_1                 0x080001b9   Thumb Code     0  libshutdown2.o(.ARM.Collect$$libshutdown$$00000002)
    __rt_lib_shutdown_fp_trap_1              0x080001b9   Thumb Code     0  libshutdown2.o(.ARM.Collect$$libshutdown$$00000009)
    __rt_lib_shutdown_heap_1                 0x080001b9   Thumb Code     0  libshutdown2.o(.ARM.Collect$$libshutdown$$00000011)
    __rt_lib_shutdown_return                 0x080001b9   Thumb Code     0  libshutdown2.o(.ARM.Collect$$libshutdown$$00000012)
    __rt_lib_shutdown_signal_1               0x080001b9   Thumb Code     0  libshutdown2.o(.ARM.Collect$$libshutdown$$0000000C)
    __rt_lib_shutdown_stdio_1                0x080001b9   Thumb Code     0  libshutdown2.o(.ARM.Collect$$libshutdown$$00000006)
    __rt_lib_shutdown_user_alloc_1           0x080001b9   Thumb Code     0  libshutdown2.o(.ARM.Collect$$libshutdown$$0000000E)
    __rt_entry                               0x080001bb   Thumb Code     0  __rtentry.o(.ARM.Collect$$rtentry$$00000000)
    __rt_entry_presh_1                       0x080001bb   Thumb Code     0  __rtentry2.o(.ARM.Collect$$rtentry$$00000002)
    __rt_entry_sh                            0x080001bb   Thumb Code     0  __rtentry4.o(.ARM.Collect$$rtentry$$00000004)
    __rt_entry_li                            0x080001c1   Thumb Code     0  __rtentry2.o(.ARM.Collect$$rtentry$$0000000A)
    __rt_entry_postsh_1                      0x080001c1   Thumb Code     0  __rtentry2.o(.ARM.Collect$$rtentry$$00000009)
    __rt_entry_main                          0x080001c5   Thumb Code     0  __rtentry2.o(.ARM.Collect$$rtentry$$0000000D)
    __rt_entry_postli_1                      0x080001c5   Thumb Code     0  __rtentry2.o(.ARM.Collect$$rtentry$$0000000C)
    __rt_exit                                0x080001cd   Thumb Code     0  rtexit.o(.ARM.Collect$$rtexit$$00000000)
    __rt_exit_ls                             0x080001cf   Thumb Code     0  rtexit2.o(.ARM.Collect$$rtexit$$00000003)
    __rt_exit_prels_1                        0x080001cf   Thumb Code     0  rtexit2.o(.ARM.Collect$$rtexit$$00000002)
    __rt_exit_exit                           0x080001d3   Thumb Code     0  rtexit2.o(.ARM.Collect$$rtexit$$00000004)
    Reset_Handler                            0x080001d9   Thumb Code     8  startup_stm32f103xb.o(.text)
    ADC1_2_IRQHandler                        0x080001f3   Thumb Code     0  startup_stm32f103xb.o(.text)
    CAN1_RX1_IRQHandler                      0x080001f3   Thumb Code     0  startup_stm32f103xb.o(.text)
    CAN1_SCE_IRQHandler                      0x080001f3   Thumb Code     0  startup_stm32f103xb.o(.text)
    DMA1_Channel1_IRQHandler                 0x080001f3   Thumb Code     0  startup_stm32f103xb.o(.text)
    DMA1_Channel2_IRQHandler                 0x080001f3   Thumb Code     0  startup_stm32f103xb.o(.text)
    DMA1_Channel3_IRQHandler                 0x080001f3   Thumb Code     0  startup_stm32f103xb.o(.text)
    DMA1_Channel4_IRQHandler                 0x080001f3   Thumb Code     0  startup_stm32f103xb.o(.text)
    DMA1_Channel5_IRQHandler                 0x080001f3   Thumb Code     0  startup_stm32f103xb.o(.text)
    DMA1_Channel6_IRQHandler                 0x080001f3   Thumb Code     0  startup_stm32f103xb.o(.text)
    DMA1_Channel7_IRQHandler                 0x080001f3   Thumb Code     0  startup_stm32f103xb.o(.text)
    EXTI0_IRQHandler                         0x080001f3   Thumb Code     0  startup_stm32f103xb.o(.text)
    EXTI15_10_IRQHandler                     0x080001f3   Thumb Code     0  startup_stm32f103xb.o(.text)
    EXTI1_IRQHandler                         0x080001f3   Thumb Code     0  startup_stm32f103xb.o(.text)
    EXTI2_IRQHandler                         0x080001f3   Thumb Code     0  startup_stm32f103xb.o(.text)
    EXTI3_IRQHandler                         0x080001f3   Thumb Code     0  startup_stm32f103xb.o(.text)
    EXTI4_IRQHandler                         0x080001f3   Thumb Code     0  startup_stm32f103xb.o(.text)
    EXTI9_5_IRQHandler                       0x080001f3   Thumb Code     0  startup_stm32f103xb.o(.text)
    FLASH_IRQHandler                         0x080001f3   Thumb Code     0  startup_stm32f103xb.o(.text)
    I2C1_ER_IRQHandler                       0x080001f3   Thumb Code     0  startup_stm32f103xb.o(.text)
    I2C1_EV_IRQHandler                       0x080001f3   Thumb Code     0  startup_stm32f103xb.o(.text)
    I2C2_ER_IRQHandler                       0x080001f3   Thumb Code     0  startup_stm32f103xb.o(.text)
    I2C2_EV_IRQHandler                       0x080001f3   Thumb Code     0  startup_stm32f103xb.o(.text)
    PVD_IRQHandler                           0x080001f3   Thumb Code     0  startup_stm32f103xb.o(.text)
    RCC_IRQHandler                           0x080001f3   Thumb Code     0  startup_stm32f103xb.o(.text)
    RTC_Alarm_IRQHandler                     0x080001f3   Thumb Code     0  startup_stm32f103xb.o(.text)
    RTC_IRQHandler                           0x080001f3   Thumb Code     0  startup_stm32f103xb.o(.text)
    SPI1_IRQHandler                          0x080001f3   Thumb Code     0  startup_stm32f103xb.o(.text)
    SPI2_IRQHandler                          0x080001f3   Thumb Code     0  startup_stm32f103xb.o(.text)
    TAMPER_IRQHandler                        0x080001f3   Thumb Code     0  startup_stm32f103xb.o(.text)
    TIM1_BRK_IRQHandler                      0x080001f3   Thumb Code     0  startup_stm32f103xb.o(.text)
    TIM1_CC_IRQHandler                       0x080001f3   Thumb Code     0  startup_stm32f103xb.o(.text)
    TIM1_TRG_COM_IRQHandler                  0x080001f3   Thumb Code     0  startup_stm32f103xb.o(.text)
    TIM1_UP_IRQHandler                       0x080001f3   Thumb Code     0  startup_stm32f103xb.o(.text)
    TIM3_IRQHandler                          0x080001f3   Thumb Code     0  startup_stm32f103xb.o(.text)
    TIM4_IRQHandler                          0x080001f3   Thumb Code     0  startup_stm32f103xb.o(.text)
    USART1_IRQHandler                        0x080001f3   Thumb Code     0  startup_stm32f103xb.o(.text)
    USART2_IRQHandler                        0x080001f3   Thumb Code     0  startup_stm32f103xb.o(.text)
    USART3_IRQHandler                        0x080001f3   Thumb Code     0  startup_stm32f103xb.o(.text)
    USBWakeUp_IRQHandler                     0x080001f3   Thumb Code     0  startup_stm32f103xb.o(.text)
    USB_HP_CAN1_TX_IRQHandler                0x080001f3   Thumb Code     0  startup_stm32f103xb.o(.text)
    WWDG_IRQHandler                          0x080001f3   Thumb Code     0  startup_stm32f103xb.o(.text)
    __user_initial_stackheap                 0x080001f5   Thumb Code     0  startup_stm32f103xb.o(.text)
    __aeabi_llsr                             0x08000219   Thumb Code     0  llushr.o(.text)
    _ll_ushift_r                             0x08000219   Thumb Code    38  llushr.o(.text)
    atol                                     0x0800023f   Thumb Code    26  atol.o(.text)
    strlen                                   0x08000259   Thumb Code    62  strlen.o(.text)
    __aeabi_memcpy                           0x08000297   Thumb Code     0  rt_memcpy_v6.o(.text)
    __rt_memcpy                              0x08000297   Thumb Code   138  rt_memcpy_v6.o(.text)
    _memcpy_lastbytes                        0x080002fd   Thumb Code     0  rt_memcpy_v6.o(.text)
    __aeabi_memcpy4                          0x08000321   Thumb Code     0  rt_memcpy_w.o(.text)
    __aeabi_memcpy8                          0x08000321   Thumb Code     0  rt_memcpy_w.o(.text)
    __rt_memcpy_w                            0x08000321   Thumb Code   100  rt_memcpy_w.o(.text)
    _memcpy_lastbytes_aligned                0x08000369   Thumb Code     0  rt_memcpy_w.o(.text)
    __aeabi_memclr4                          0x08000385   Thumb Code     0  rt_memclr_w.o(.text)
    __aeabi_memclr8                          0x08000385   Thumb Code     0  rt_memclr_w.o(.text)
    __rt_memclr_w                            0x08000385   Thumb Code    78  rt_memclr_w.o(.text)
    _memset_w                                0x08000389   Thumb Code     0  rt_memclr_w.o(.text)
    __use_two_region_memory                  0x080003d3   Thumb Code     2  heapauxi.o(.text)
    __rt_heap_escrow$2region                 0x080003d5   Thumb Code     2  heapauxi.o(.text)
    __rt_heap_expand$2region                 0x080003d7   Thumb Code     2  heapauxi.o(.text)
    __aeabi_errno_addr                       0x080003d9   Thumb Code     8  rt_errno_addr_intlibspace.o(.text)
    __errno$intlibspace                      0x080003d9   Thumb Code     0  rt_errno_addr_intlibspace.o(.text)
    __rt_errno_addr$intlibspace              0x080003d9   Thumb Code     0  rt_errno_addr_intlibspace.o(.text)
    strtol                                   0x080003e1   Thumb Code   112  strtol.o(.text)
    __user_libspace                          0x08000451   Thumb Code     8  libspace.o(.text)
    __user_perproc_libspace                  0x08000451   Thumb Code     0  libspace.o(.text)
    __user_perthread_libspace                0x08000451   Thumb Code     0  libspace.o(.text)
    __rt_ctype_table                         0x08000459   Thumb Code    16  rt_ctype_table.o(.text)
    _strtoul                                 0x08000469   Thumb Code   158  _strtoul.o(.text)
    __user_setup_stackheap                   0x08000507   Thumb Code    74  sys_stackheap_outer.o(.text)
    __rt_locale                              0x08000551   Thumb Code     8  rt_locale_intlibspace.o(.text)
    _chval                                   0x08000559   Thumb Code    28  _chval.o(.text)
    exit                                     0x08000575   Thumb Code    18  exit.o(.text)
    strcmp                                   0x08000589   Thumb Code   128  strcmpv7m.o(.text)
    _sys_exit                                0x08000609   Thumb Code     8  sys_exit.o(.text)
    __I$use$semihosting                      0x08000615   Thumb Code     0  use_no_semi.o(.text)
    __use_no_semihosting_swi                 0x08000615   Thumb Code     2  use_no_semi.o(.text)
    BusFault_Handler                         0x08000617   Thumb Code     2  stm32f1xx_it.o(i.BusFault_Handler)
    __semihosting_library_function           0x08000617   Thumb Code     0  indicate_semi.o(.text)
    CDC_Transmit_FS                          0x08000665   Thumb Code    38  usbd_cdc_if.o(i.CDC_Transmit_FS)
    DebugMon_Handler                         0x080006a5   Thumb Code     2  stm32f1xx_it.o(i.DebugMon_Handler)
    Error_Handler                            0x080006a7   Thumb Code     4  main.o(i.Error_Handler)
    FLASH_If_Erase                           0x080006ab   Thumb Code    52  download.o(i.FLASH_If_Erase)
    FLASH_If_Init                            0x080006e1   Thumb Code    20  download.o(i.FLASH_If_Init)
    FLASH_If_Write                           0x080006f9   Thumb Code    76  download.o(i.FLASH_If_Write)
    FLASH_PageErase                          0x0800076d   Thumb Code    28  stm32f1xx_hal_flash_ex.o(i.FLASH_PageErase)
    FLASH_WaitForLastOperation               0x08000809   Thumb Code    80  stm32f1xx_hal_flash.o(i.FLASH_WaitForLastOperation)
    HAL_Delay                                0x0800085d   Thumb Code    32  stm32f1xx_hal.o(i.HAL_Delay)
    HAL_FLASHEx_Erase                        0x08000881   Thumb Code   160  stm32f1xx_hal_flash_ex.o(i.HAL_FLASHEx_Erase)
    HAL_FLASH_Lock                           0x08000929   Thumb Code    14  stm32f1xx_hal_flash.o(i.HAL_FLASH_Lock)
    HAL_FLASH_Program                        0x0800093d   Thumb Code   120  stm32f1xx_hal_flash.o(i.HAL_FLASH_Program)
    HAL_FLASH_Unlock                         0x080009bd   Thumb Code    28  stm32f1xx_hal_flash.o(i.HAL_FLASH_Unlock)
    HAL_GPIO_Init                            0x080009e5   Thumb Code   446  stm32f1xx_hal_gpio.o(i.HAL_GPIO_Init)
    HAL_GPIO_WritePin                        0x08000bc5   Thumb Code    10  stm32f1xx_hal_gpio.o(i.HAL_GPIO_WritePin)
    HAL_GetTick                              0x08000bd1   Thumb Code     6  stm32f1xx_hal.o(i.HAL_GetTick)
    HAL_IncTick                              0x08000bdd   Thumb Code    12  stm32f1xx_hal.o(i.HAL_IncTick)
    HAL_Init                                 0x08000bed   Thumb Code    32  stm32f1xx_hal.o(i.HAL_Init)
    HAL_InitTick                             0x08000c11   Thumb Code    54  stm32f1xx_hal.o(i.HAL_InitTick)
    HAL_MspInit                              0x08000c51   Thumb Code    52  stm32f1xx_hal_msp.o(i.HAL_MspInit)
    HAL_NVIC_EnableIRQ                       0x08000c8d   Thumb Code    26  stm32f1xx_hal_cortex.o(i.HAL_NVIC_EnableIRQ)
    HAL_NVIC_SetPriority                     0x08000ca9   Thumb Code    60  stm32f1xx_hal_cortex.o(i.HAL_NVIC_SetPriority)
    HAL_NVIC_SetPriorityGrouping             0x08000ce9   Thumb Code    26  stm32f1xx_hal_cortex.o(i.HAL_NVIC_SetPriorityGrouping)
    HAL_PCDEx_PMAConfig                      0x08000d0d   Thumb Code    60  stm32f1xx_hal_pcd_ex.o(i.HAL_PCDEx_PMAConfig)
    HAL_PCDEx_SetConnectionState             0x08000d49   Thumb Code     2  usbd_conf.o(i.HAL_PCDEx_SetConnectionState)
    HAL_PCD_DataInStageCallback              0x08000d4b   Thumb Code    18  usbd_conf.o(i.HAL_PCD_DataInStageCallback)
    HAL_PCD_DataOutStageCallback             0x08000d5d   Thumb Code    20  usbd_conf.o(i.HAL_PCD_DataOutStageCallback)
    HAL_PCD_EP_Close                         0x08000d71   Thumb Code    76  stm32f1xx_hal_pcd.o(i.HAL_PCD_EP_Close)
    HAL_PCD_EP_ClrStall                      0x08000dbd   Thumb Code    92  stm32f1xx_hal_pcd.o(i.HAL_PCD_EP_ClrStall)
    HAL_PCD_EP_GetRxCount                    0x08001237   Thumb Code    18  stm32f1xx_hal_pcd.o(i.HAL_PCD_EP_GetRxCount)
    HAL_PCD_EP_Open                          0x08001249   Thumb Code    90  stm32f1xx_hal_pcd.o(i.HAL_PCD_EP_Open)
    HAL_PCD_EP_Receive                       0x080012a3   Thumb Code    46  stm32f1xx_hal_pcd.o(i.HAL_PCD_EP_Receive)
    HAL_PCD_EP_SetStall                      0x080012d1   Thumb Code   114  stm32f1xx_hal_pcd.o(i.HAL_PCD_EP_SetStall)
    HAL_PCD_EP_Transmit                      0x08001343   Thumb Code    48  stm32f1xx_hal_pcd.o(i.HAL_PCD_EP_Transmit)
    HAL_PCD_IRQHandler                       0x08001375   Thumb Code   308  stm32f1xx_hal_pcd.o(i.HAL_PCD_IRQHandler)
    HAL_PCD_Init                             0x080014a9   Thumb Code   218  stm32f1xx_hal_pcd.o(i.HAL_PCD_Init)
    HAL_PCD_MspInit                          0x08001585   Thumb Code    50  usbd_conf.o(i.HAL_PCD_MspInit)
    HAL_PCD_ResetCallback                    0x080015c1   Thumb Code    38  usbd_conf.o(i.HAL_PCD_ResetCallback)
    HAL_PCD_ResumeCallback                   0x080015e7   Thumb Code     8  usbd_conf.o(i.HAL_PCD_ResumeCallback)
    HAL_PCD_SOFCallback                      0x080015ef   Thumb Code     8  usbd_conf.o(i.HAL_PCD_SOFCallback)
    HAL_PCD_SetAddress                       0x080015f7   Thumb Code    40  stm32f1xx_hal_pcd.o(i.HAL_PCD_SetAddress)
    HAL_PCD_SetupStageCallback               0x0800161f   Thumb Code    14  usbd_conf.o(i.HAL_PCD_SetupStageCallback)
    HAL_PCD_Start                            0x0800162d   Thumb Code    50  stm32f1xx_hal_pcd.o(i.HAL_PCD_Start)
    HAL_PCD_SuspendCallback                  0x08001661   Thumb Code    30  usbd_conf.o(i.HAL_PCD_SuspendCallback)
    HAL_RCCEx_PeriphCLKConfig                0x08001685   Thumb Code   224  stm32f1xx_hal_rcc_ex.o(i.HAL_RCCEx_PeriphCLKConfig)
    HAL_RCC_ClockConfig                      0x08001771   Thumb Code   280  stm32f1xx_hal_rcc.o(i.HAL_RCC_ClockConfig)
    HAL_RCC_GetSysClockFreq                  0x0800189d   Thumb Code    58  stm32f1xx_hal_rcc.o(i.HAL_RCC_GetSysClockFreq)
    HAL_RCC_OscConfig                        0x080018e9   Thumb Code   778  stm32f1xx_hal_rcc.o(i.HAL_RCC_OscConfig)
    HAL_SYSTICK_Config                       0x08001c09   Thumb Code    40  stm32f1xx_hal_cortex.o(i.HAL_SYSTICK_Config)
    HAL_TIMEx_BreakCallback                  0x08001c31   Thumb Code     2  stm32f1xx_hal_tim_ex.o(i.HAL_TIMEx_BreakCallback)
    HAL_TIMEx_CommutCallback                 0x08001c33   Thumb Code     2  stm32f1xx_hal_tim_ex.o(i.HAL_TIMEx_CommutCallback)
    HAL_TIMEx_MasterConfigSynchronization    0x08001c35   Thumb Code    92  stm32f1xx_hal_tim_ex.o(i.HAL_TIMEx_MasterConfigSynchronization)
    HAL_TIM_Base_Init                        0x08001c9d   Thumb Code    90  stm32f1xx_hal_tim.o(i.HAL_TIM_Base_Init)
    HAL_TIM_Base_MspInit                     0x08001cf9   Thumb Code    50  tim.o(i.HAL_TIM_Base_MspInit)
    HAL_TIM_Base_Start_IT                    0x08001d31   Thumb Code    76  stm32f1xx_hal_tim.o(i.HAL_TIM_Base_Start_IT)
    HAL_TIM_ConfigClockSource                0x08001d89   Thumb Code   220  stm32f1xx_hal_tim.o(i.HAL_TIM_ConfigClockSource)
    HAL_TIM_IC_CaptureCallback               0x08001e65   Thumb Code     2  stm32f1xx_hal_tim.o(i.HAL_TIM_IC_CaptureCallback)
    HAL_TIM_IRQHandler                       0x08001e67   Thumb Code   358  stm32f1xx_hal_tim.o(i.HAL_TIM_IRQHandler)
    HAL_TIM_OC_DelayElapsedCallback          0x08001fcd   Thumb Code     2  stm32f1xx_hal_tim.o(i.HAL_TIM_OC_DelayElapsedCallback)
    HAL_TIM_PWM_PulseFinishedCallback        0x08001fcf   Thumb Code     2  stm32f1xx_hal_tim.o(i.HAL_TIM_PWM_PulseFinishedCallback)
    HAL_TIM_PeriodElapsedCallback            0x08001fd1   Thumb Code    14  tim.o(i.HAL_TIM_PeriodElapsedCallback)
    HAL_TIM_TriggerCallback                  0x08001fe9   Thumb Code     2  stm32f1xx_hal_tim.o(i.HAL_TIM_TriggerCallback)
    HardFault_Handler                        0x08001feb   Thumb Code     2  stm32f1xx_it.o(i.HardFault_Handler)
    MX_GPIO_Init                             0x08002025   Thumb Code    78  gpio.o(i.MX_GPIO_Init)
    MX_TIM2_Init                             0x0800207d   Thumb Code    98  tim.o(i.MX_TIM2_Init)
    MX_USB_DEVICE_Init                       0x080020e5   Thumb Code    66  usb_device.o(i.MX_USB_DEVICE_Init)
    MemManage_Handler                        0x08002139   Thumb Code     2  stm32f1xx_it.o(i.MemManage_Handler)
    NMI_Handler                              0x0800213b   Thumb Code     2  stm32f1xx_it.o(i.NMI_Handler)
    PacketParse                              0x080024e9   Thumb Code   254  download.o(i.PacketParse)
    PendSV_Handler                           0x080025f1   Thumb Code     2  stm32f1xx_it.o(i.PendSV_Handler)
    PutByte                                  0x080025f3   Thumb Code    12  download.o(i.PutByte)
    SVC_Handler                              0x08002603   Thumb Code     2  stm32f1xx_it.o(i.SVC_Handler)
    SysTick_Handler                          0x08002605   Thumb Code     4  stm32f1xx_it.o(i.SysTick_Handler)
    SystemClock_Config                       0x08002609   Thumb Code   118  main.o(i.SystemClock_Config)
    SystemInit                               0x0800267f   Thumb Code     2  system_stm32f1xx.o(i.SystemInit)
    TIM2_IRQHandler                          0x08002681   Thumb Code     6  stm32f1xx_it.o(i.TIM2_IRQHandler)
    TIM_Base_SetConfig                       0x0800268d   Thumb Code    94  stm32f1xx_hal_tim.o(i.TIM_Base_SetConfig)
    TIM_ETR_SetConfig                        0x080026f9   Thumb Code    20  stm32f1xx_hal_tim.o(i.TIM_ETR_SetConfig)
    USBD_CDC_GetDeviceQualifierDescriptor    0x08002859   Thumb Code     8  usbd_cdc.o(i.USBD_CDC_GetDeviceQualifierDescriptor)
    USBD_CDC_ReceivePacket                   0x0800291d   Thumb Code    40  usbd_cdc.o(i.USBD_CDC_ReceivePacket)
    USBD_CDC_RegisterInterface               0x08002945   Thumb Code    16  usbd_cdc.o(i.USBD_CDC_RegisterInterface)
    USBD_CDC_SetRxBuffer                     0x08002955   Thumb Code    12  usbd_cdc.o(i.USBD_CDC_SetRxBuffer)
    USBD_CDC_SetTxBuffer                     0x08002961   Thumb Code    16  usbd_cdc.o(i.USBD_CDC_SetTxBuffer)
    USBD_CDC_TransmitPacket                  0x08002a1d   Thumb Code    54  usbd_cdc.o(i.USBD_CDC_TransmitPacket)
    USBD_ClrClassConfig                      0x08002a53   Thumb Code    14  usbd_core.o(i.USBD_ClrClassConfig)
    USBD_CtlContinueRx                       0x08002a61   Thumb Code    16  usbd_ioreq.o(i.USBD_CtlContinueRx)
    USBD_CtlContinueSendData                 0x08002a71   Thumb Code    16  usbd_ioreq.o(i.USBD_CtlContinueSendData)
    USBD_CtlError                            0x08002a81   Thumb Code    22  usbd_ctlreq.o(i.USBD_CtlError)
    USBD_CtlPrepareRx                        0x08002a97   Thumb Code    30  usbd_ioreq.o(i.USBD_CtlPrepareRx)
    USBD_CtlReceiveStatus                    0x08002ab5   Thumb Code    22  usbd_ioreq.o(i.USBD_CtlReceiveStatus)
    USBD_CtlSendData                         0x08002acb   Thumb Code    26  usbd_ioreq.o(i.USBD_CtlSendData)
    USBD_CtlSendStatus                       0x08002ae5   Thumb Code    22  usbd_ioreq.o(i.USBD_CtlSendStatus)
    USBD_FS_ConfigStrDescriptor              0x08002afd   Thumb Code    16  usbd_desc.o(i.USBD_FS_ConfigStrDescriptor)
    USBD_FS_DeviceDescriptor                 0x08002b1d   Thumb Code     8  usbd_desc.o(i.USBD_FS_DeviceDescriptor)
    USBD_FS_InterfaceStrDescriptor           0x08002b29   Thumb Code    16  usbd_desc.o(i.USBD_FS_InterfaceStrDescriptor)
    USBD_FS_LangIDStrDescriptor              0x08002b4d   Thumb Code     8  usbd_desc.o(i.USBD_FS_LangIDStrDescriptor)
    USBD_FS_ManufacturerStrDescriptor        0x08002b59   Thumb Code    16  usbd_desc.o(i.USBD_FS_ManufacturerStrDescriptor)
    USBD_FS_ProductStrDescriptor             0x08002b81   Thumb Code    16  usbd_desc.o(i.USBD_FS_ProductStrDescriptor)
    USBD_FS_SerialStrDescriptor              0x08002bad   Thumb Code    48  usbd_desc.o(i.USBD_FS_SerialStrDescriptor)
    USBD_GetString                           0x08002ccd   Thumb Code    72  usbd_ctlreq.o(i.USBD_GetString)
    USBD_Init                                0x08002d2d   Thumb Code    42  usbd_core.o(i.USBD_Init)
    USBD_LL_ClearStallEP                     0x08002d57   Thumb Code    18  usbd_conf.o(i.USBD_LL_ClearStallEP)
    USBD_LL_CloseEP                          0x08002d69   Thumb Code    18  usbd_conf.o(i.USBD_LL_CloseEP)
    USBD_LL_DataInStage                      0x08002d7b   Thumb Code   198  usbd_core.o(i.USBD_LL_DataInStage)
    USBD_LL_DataOutStage                     0x08002e41   Thumb Code   130  usbd_core.o(i.USBD_LL_DataOutStage)
    USBD_LL_GetRxDataSize                    0x08002ec3   Thumb Code     8  usbd_conf.o(i.USBD_LL_GetRxDataSize)
    USBD_LL_Init                             0x08002ecd   Thumb Code   118  usbd_conf.o(i.USBD_LL_Init)
    USBD_LL_IsStallEP                        0x08002f4d   Thumb Code    32  usbd_conf.o(i.USBD_LL_IsStallEP)
    USBD_LL_OpenEP                           0x08002f6d   Thumb Code    24  usbd_conf.o(i.USBD_LL_OpenEP)
    USBD_LL_PrepareReceive                   0x08002f85   Thumb Code    18  usbd_conf.o(i.USBD_LL_PrepareReceive)
    USBD_LL_Reset                            0x08002f97   Thumb Code    80  usbd_core.o(i.USBD_LL_Reset)
    USBD_LL_Resume                           0x08002fe7   Thumb Code    20  usbd_core.o(i.USBD_LL_Resume)
    USBD_LL_SOF                              0x08002ffb   Thumb Code    24  usbd_core.o(i.USBD_LL_SOF)
    USBD_LL_SetSpeed                         0x08003013   Thumb Code     6  usbd_core.o(i.USBD_LL_SetSpeed)
    USBD_LL_SetUSBAddress                    0x08003019   Thumb Code    18  usbd_conf.o(i.USBD_LL_SetUSBAddress)
    USBD_LL_SetupStage                       0x0800302b   Thumb Code    90  usbd_core.o(i.USBD_LL_SetupStage)
    USBD_LL_StallEP                          0x08003085   Thumb Code    18  usbd_conf.o(i.USBD_LL_StallEP)
    USBD_LL_Start                            0x08003097   Thumb Code    18  usbd_conf.o(i.USBD_LL_Start)
    USBD_LL_Suspend                          0x080030a9   Thumb Code    18  usbd_core.o(i.USBD_LL_Suspend)
    USBD_LL_Transmit                         0x080030bb   Thumb Code    18  usbd_conf.o(i.USBD_LL_Transmit)
    USBD_ParseSetupRequest                   0x080030cd   Thumb Code    40  usbd_ctlreq.o(i.USBD_ParseSetupRequest)
    USBD_RegisterClass                       0x080030f5   Thumb Code    16  usbd_core.o(i.USBD_RegisterClass)
    USBD_SetClassConfig                      0x08003105   Thumb Code    22  usbd_core.o(i.USBD_SetClassConfig)
    USBD_Start                               0x080031a1   Thumb Code    10  usbd_core.o(i.USBD_Start)
    USBD_StdDevReq                           0x080031ab   Thumb Code   274  usbd_ctlreq.o(i.USBD_StdDevReq)
    USBD_StdEPReq                            0x080032bd   Thumb Code   336  usbd_ctlreq.o(i.USBD_StdEPReq)
    USBD_StdItfReq                           0x0800340d   Thumb Code    78  usbd_ctlreq.o(i.USBD_StdItfReq)
    USBD_static_free                         0x0800345b   Thumb Code     2  usbd_conf.o(i.USBD_static_free)
    USBD_static_malloc                       0x0800345d   Thumb Code     4  usbd_conf.o(i.USBD_static_malloc)
    USB_ActivateEndpoint                     0x08003465   Thumb Code   668  stm32f1xx_ll_usb.o(i.USB_ActivateEndpoint)
    USB_CoreInit                             0x08003701   Thumb Code     4  stm32f1xx_ll_usb.o(i.USB_CoreInit)
    USB_DeactivateEndpoint                   0x08003705   Thumb Code   270  stm32f1xx_ll_usb.o(i.USB_DeactivateEndpoint)
    USB_DevConnect                           0x08003813   Thumb Code     4  stm32f1xx_ll_usb.o(i.USB_DevConnect)
    USB_DevDisconnect                        0x08003817   Thumb Code     4  stm32f1xx_ll_usb.o(i.USB_DevDisconnect)
    USB_DevInit                              0x0800381b   Thumb Code    18  stm32f1xx_ll_usb.o(i.USB_DevInit)
    USB_DisableGlobalInt                     0x0800382d   Thumb Code    14  stm32f1xx_ll_usb.o(i.USB_DisableGlobalInt)
    USB_EP0_OutStart                         0x0800383b   Thumb Code     4  stm32f1xx_ll_usb.o(i.USB_EP0_OutStart)
    USB_EPClearStall                         0x0800383f   Thumb Code   120  stm32f1xx_ll_usb.o(i.USB_EPClearStall)
    USB_EPSetStall                           0x080038b7   Thumb Code    50  stm32f1xx_ll_usb.o(i.USB_EPSetStall)
    USB_EPStartXfer                          0x080038e9   Thumb Code  1250  stm32f1xx_ll_usb.o(i.USB_EPStartXfer)
    USB_EnableGlobalInt                      0x08003dcb   Thumb Code    18  stm32f1xx_ll_usb.o(i.USB_EnableGlobalInt)
    USB_LP_CAN1_RX0_IRQHandler               0x08003ddd   Thumb Code     6  stm32f1xx_it.o(i.USB_LP_CAN1_RX0_IRQHandler)
    USB_ReadInterrupts                       0x08003de9   Thumb Code     6  stm32f1xx_ll_usb.o(i.USB_ReadInterrupts)
    USB_ReadPMA                              0x08003df1   Thumb Code    44  stm32f1xx_ll_usb.o(i.USB_ReadPMA)
    USB_Reset                                0x08003e1d   Thumb Code    80  main.o(i.USB_Reset)
    USB_SetCurrentMode                       0x08003e75   Thumb Code     4  stm32f1xx_ll_usb.o(i.USB_SetCurrentMode)
    USB_SetDevAddress                        0x08003e79   Thumb Code    12  stm32f1xx_ll_usb.o(i.USB_SetDevAddress)
    USB_WritePMA                             0x08003e85   Thumb Code    38  stm32f1xx_ll_usb.o(i.USB_WritePMA)
    UsageFault_Handler                       0x08003eab   Thumb Code     2  stm32f1xx_it.o(i.UsageFault_Handler)
    YmodemHandshakeCb                        0x08003ead   Thumb Code    42  download.o(i.YmodemHandshakeCb)
    YmodemPacketHandle                       0x08003edd   Thumb Code   208  download.o(i.YmodemPacketHandle)
    main                                     0x08003fe1   Thumb Code    50  main.o(i.main)
    _get_lc_ctype                            0x0800401d   Thumb Code    44  lc_ctype_c.o(locale$$code)
    AHBPrescTable                            0x08004048   Data          16  system_stm32f1xx.o(.constdata)
    Region$$Table$$Base                      0x0800406c   Number         0  anon$$obj.o(Region$$Table)
    Region$$Table$$Limit                     0x0800408c   Number         0  anon$$obj.o(Region$$Table)
    __ctype                                  0x08004099   Data           0  lc_ctype_c.o(locale$$data)
    wait_second_eot                          0x20000007   Data           1  download.o(.data)
    SendStatus                               0x2000001c   Data           1  main.o(.data)
    SystemCoreClock                          0x20000020   Data           4  system_stm32f1xx.o(.data)
    FS_Desc                                  0x20000024   Data          28  usbd_desc.o(.data)
    USBD_LangIDDesc                          0x20000040   Data           4  usbd_desc.o(.data)
    USBD_FS_DeviceDesc                       0x20000044   Data          18  usbd_desc.o(.data)
    USBD_StringSerial                        0x20000058   Data          26  usbd_desc.o(.data)
    USBD_Interface_fops_FS                   0x20000074   Data          16  usbd_cdc_if.o(.data)
    uwTickFreq                               0x20000084   Data           1  stm32f1xx_hal.o(.data)
    uwTickPrio                               0x20000088   Data           4  stm32f1xx_hal.o(.data)
    uwTick                                   0x2000008c   Data           4  stm32f1xx_hal.o(.data)
    USBD_CDC_CfgHSDesc                       0x200000a0   Data          67  usbd_cdc.o(.data)
    USBD_CDC_CfgFSDesc                       0x200000e4   Data          67  usbd_cdc.o(.data)
    USBD_CDC_OtherSpeedCfgDesc               0x20000128   Data          67  usbd_cdc.o(.data)
    USBD_CDC                                 0x2000016c   Data          56  usbd_cdc.o(.data)
    ymodem_packet                            0x200001a4   Data        1029  download.o(.bss)
    htim2                                    0x200005ac   Data          72  tim.o(.bss)
    hUsbDeviceFS                             0x200005f4   Data         708  usb_device.o(.bss)
    USBD_StrDesc                             0x200008b8   Data         512  usbd_desc.o(.bss)
    UserRxBufferFS                           0x20000ab8   Data        1024  usbd_cdc_if.o(.bss)
    UserTxBufferFS                           0x20000eb8   Data        1024  usbd_cdc_if.o(.bss)
    hpcd_USB_FS                              0x200014d8   Data         752  usbd_conf.o(.bss)
    pFlash                                   0x200017c8   Data          32  stm32f1xx_hal_flash.o(.bss)
    __libspace_start                         0x200017e8   Data          96  libspace.o(.bss)
    __temporary_stack_top$libspace           0x20001848   Data           0  libspace.o(.bss)



==============================================================================

Memory Map of the image

  Image Entry point : 0x080000ed

  Load Region LR_IROM1 (Base: 0x08000000, Size: 0x00004340, Max: 0x00007000, ABSOLUTE, COMPRESSED[0x00004260])

    Execution Region ER_IROM1 (Exec base: 0x08000000, Load base: 0x08000000, Size: 0x0000419c, Max: 0x00007000, ABSOLUTE)

    Exec Addr    Load Addr    Size         Type   Attr      Idx    E Section Name        Object

    0x08000000   0x08000000   0x000000ec   Data   RO            3    RESET               startup_stm32f103xb.o
    0x080000ec   0x080000ec   0x00000008   Code   RO         3727  * !!!main             c_w.l(__main.o)
    0x080000f4   0x080000f4   0x00000034   Code   RO         3911    !!!scatter          c_w.l(__scatter.o)
    0x08000128   0x08000128   0x0000005a   Code   RO         3909    !!dczerorl2         c_w.l(__dczerorl2.o)
    0x08000182   0x08000182   0x00000002   PAD
    0x08000184   0x08000184   0x0000001c   Code   RO         3913    !!handler_zi        c_w.l(__scatter_zi.o)
    0x080001a0   0x080001a0   0x00000002   Code   RO         3778    .ARM.Collect$$libinit$$00000000  c_w.l(libinit.o)
    0x080001a2   0x080001a2   0x00000000   Code   RO         3784    .ARM.Collect$$libinit$$00000002  c_w.l(libinit2.o)
    0x080001a2   0x080001a2   0x00000000   Code   RO         3786    .ARM.Collect$$libinit$$00000004  c_w.l(libinit2.o)
    0x080001a2   0x080001a2   0x00000000   Code   RO         3789    .ARM.Collect$$libinit$$0000000A  c_w.l(libinit2.o)
    0x080001a2   0x080001a2   0x00000000   Code   RO         3791    .ARM.Collect$$libinit$$0000000C  c_w.l(libinit2.o)
    0x080001a2   0x080001a2   0x00000000   Code   RO         3793    .ARM.Collect$$libinit$$0000000E  c_w.l(libinit2.o)
    0x080001a2   0x080001a2   0x00000006   Code   RO         3794    .ARM.Collect$$libinit$$0000000F  c_w.l(libinit2.o)
    0x080001a8   0x080001a8   0x00000000   Code   RO         3796    .ARM.Collect$$libinit$$00000011  c_w.l(libinit2.o)
    0x080001a8   0x080001a8   0x0000000c   Code   RO         3797    .ARM.Collect$$libinit$$00000012  c_w.l(libinit2.o)
    0x080001b4   0x080001b4   0x00000000   Code   RO         3798    .ARM.Collect$$libinit$$00000013  c_w.l(libinit2.o)
    0x080001b4   0x080001b4   0x00000000   Code   RO         3800    .ARM.Collect$$libinit$$00000015  c_w.l(libinit2.o)
    0x080001b4   0x080001b4   0x00000000   Code   RO         3802    .ARM.Collect$$libinit$$00000017  c_w.l(libinit2.o)
    0x080001b4   0x080001b4   0x00000000   Code   RO         3804    .ARM.Collect$$libinit$$00000019  c_w.l(libinit2.o)
    0x080001b4   0x080001b4   0x00000000   Code   RO         3806    .ARM.Collect$$libinit$$0000001B  c_w.l(libinit2.o)
    0x080001b4   0x080001b4   0x00000000   Code   RO         3808    .ARM.Collect$$libinit$$0000001D  c_w.l(libinit2.o)
    0x080001b4   0x080001b4   0x00000000   Code   RO         3810    .ARM.Collect$$libinit$$0000001F  c_w.l(libinit2.o)
    0x080001b4   0x080001b4   0x00000000   Code   RO         3812    .ARM.Collect$$libinit$$00000021  c_w.l(libinit2.o)
    0x080001b4   0x080001b4   0x00000000   Code   RO         3814    .ARM.Collect$$libinit$$00000023  c_w.l(libinit2.o)
    0x080001b4   0x080001b4   0x00000000   Code   RO         3816    .ARM.Collect$$libinit$$00000025  c_w.l(libinit2.o)
    0x080001b4   0x080001b4   0x00000000   Code   RO         3820    .ARM.Collect$$libinit$$0000002C  c_w.l(libinit2.o)
    0x080001b4   0x080001b4   0x00000000   Code   RO         3822    .ARM.Collect$$libinit$$0000002E  c_w.l(libinit2.o)
    0x080001b4   0x080001b4   0x00000000   Code   RO         3824    .ARM.Collect$$libinit$$00000030  c_w.l(libinit2.o)
    0x080001b4   0x080001b4   0x00000000   Code   RO         3826    .ARM.Collect$$libinit$$00000032  c_w.l(libinit2.o)
    0x080001b4   0x080001b4   0x00000002   Code   RO         3827    .ARM.Collect$$libinit$$00000033  c_w.l(libinit2.o)
    0x080001b6   0x080001b6   0x00000002   Code   RO         3847    .ARM.Collect$$libshutdown$$00000000  c_w.l(libshutdown.o)
    0x080001b8   0x080001b8   0x00000000   Code   RO         3860    .ARM.Collect$$libshutdown$$00000002  c_w.l(libshutdown2.o)
    0x080001b8   0x080001b8   0x00000000   Code   RO         3862    .ARM.Collect$$libshutdown$$00000004  c_w.l(libshutdown2.o)
    0x080001b8   0x080001b8   0x00000000   Code   RO         3864    .ARM.Collect$$libshutdown$$00000006  c_w.l(libshutdown2.o)
    0x080001b8   0x080001b8   0x00000000   Code   RO         3867    .ARM.Collect$$libshutdown$$00000009  c_w.l(libshutdown2.o)
    0x080001b8   0x080001b8   0x00000000   Code   RO         3870    .ARM.Collect$$libshutdown$$0000000C  c_w.l(libshutdown2.o)
    0x080001b8   0x080001b8   0x00000000   Code   RO         3872    .ARM.Collect$$libshutdown$$0000000E  c_w.l(libshutdown2.o)
    0x080001b8   0x080001b8   0x00000000   Code   RO         3875    .ARM.Collect$$libshutdown$$00000011  c_w.l(libshutdown2.o)
    0x080001b8   0x080001b8   0x00000002   Code   RO         3876    .ARM.Collect$$libshutdown$$00000012  c_w.l(libshutdown2.o)
    0x080001ba   0x080001ba   0x00000000   Code   RO         3729    .ARM.Collect$$rtentry$$00000000  c_w.l(__rtentry.o)
    0x080001ba   0x080001ba   0x00000000   Code   RO         3741    .ARM.Collect$$rtentry$$00000002  c_w.l(__rtentry2.o)
    0x080001ba   0x080001ba   0x00000006   Code   RO         3753    .ARM.Collect$$rtentry$$00000004  c_w.l(__rtentry4.o)
    0x080001c0   0x080001c0   0x00000000   Code   RO         3743    .ARM.Collect$$rtentry$$00000009  c_w.l(__rtentry2.o)
    0x080001c0   0x080001c0   0x00000004   Code   RO         3744    .ARM.Collect$$rtentry$$0000000A  c_w.l(__rtentry2.o)
    0x080001c4   0x080001c4   0x00000000   Code   RO         3746    .ARM.Collect$$rtentry$$0000000C  c_w.l(__rtentry2.o)
    0x080001c4   0x080001c4   0x00000008   Code   RO         3747    .ARM.Collect$$rtentry$$0000000D  c_w.l(__rtentry2.o)
    0x080001cc   0x080001cc   0x00000002   Code   RO         3779    .ARM.Collect$$rtexit$$00000000  c_w.l(rtexit.o)
    0x080001ce   0x080001ce   0x00000000   Code   RO         3829    .ARM.Collect$$rtexit$$00000002  c_w.l(rtexit2.o)
    0x080001ce   0x080001ce   0x00000004   Code   RO         3830    .ARM.Collect$$rtexit$$00000003  c_w.l(rtexit2.o)
    0x080001d2   0x080001d2   0x00000006   Code   RO         3831    .ARM.Collect$$rtexit$$00000004  c_w.l(rtexit2.o)
    0x080001d8   0x080001d8   0x00000040   Code   RO            4    .text               startup_stm32f103xb.o
    0x08000218   0x08000218   0x00000026   Code   RO         3713    .text               c_w.l(llushr.o)
    0x0800023e   0x0800023e   0x0000001a   Code   RO         3715    .text               c_w.l(atol.o)
    0x08000258   0x08000258   0x0000003e   Code   RO         3717    .text               c_w.l(strlen.o)
    0x08000296   0x08000296   0x0000008a   Code   RO         3719    .text               c_w.l(rt_memcpy_v6.o)
    0x08000320   0x08000320   0x00000064   Code   RO         3721    .text               c_w.l(rt_memcpy_w.o)
    0x08000384   0x08000384   0x0000004e   Code   RO         3723    .text               c_w.l(rt_memclr_w.o)
    0x080003d2   0x080003d2   0x00000006   Code   RO         3725    .text               c_w.l(heapauxi.o)
    0x080003d8   0x080003d8   0x00000008   Code   RO         3733    .text               c_w.l(rt_errno_addr_intlibspace.o)
    0x080003e0   0x080003e0   0x00000070   Code   RO         3735    .text               c_w.l(strtol.o)
    0x08000450   0x08000450   0x00000008   Code   RO         3737    .text               c_w.l(libspace.o)
    0x08000458   0x08000458   0x00000010   Code   RO         3755    .text               c_w.l(rt_ctype_table.o)
    0x08000468   0x08000468   0x0000009e   Code   RO         3757    .text               c_w.l(_strtoul.o)
    0x08000506   0x08000506   0x0000004a   Code   RO         3759    .text               c_w.l(sys_stackheap_outer.o)
    0x08000550   0x08000550   0x00000008   Code   RO         3764    .text               c_w.l(rt_locale_intlibspace.o)
    0x08000558   0x08000558   0x0000001c   Code   RO         3766    .text               c_w.l(_chval.o)
    0x08000574   0x08000574   0x00000012   Code   RO         3771    .text               c_w.l(exit.o)
    0x08000586   0x08000586   0x00000002   PAD
    0x08000588   0x08000588   0x00000080   Code   RO         3781    .text               c_w.l(strcmpv7m.o)
    0x08000608   0x08000608   0x0000000c   Code   RO         3839    .text               c_w.l(sys_exit.o)
    0x08000614   0x08000614   0x00000002   Code   RO         3850    .text               c_w.l(use_no_semi.o)
    0x08000616   0x08000616   0x00000000   Code   RO         3852    .text               c_w.l(indicate_semi.o)
    0x08000616   0x08000616   0x00000002   Code   RO          363    i.BusFault_Handler  stm32f1xx_it.o
    0x08000618   0x08000618   0x00000004   Code   RO          630    i.CDC_Control_FS    usbd_cdc_if.o
    0x0800061c   0x0800061c   0x00000004   Code   RO          631    i.CDC_DeInit_FS     usbd_cdc_if.o
    0x08000620   0x08000620   0x00000024   Code   RO          632    i.CDC_Init_FS       usbd_cdc_if.o
    0x08000644   0x08000644   0x00000020   Code   RO          633    i.CDC_Receive_FS    usbd_cdc_if.o
    0x08000664   0x08000664   0x0000002c   Code   RO          634    i.CDC_Transmit_FS   usbd_cdc_if.o
    0x08000690   0x08000690   0x00000014   Code   RO           13    i.ClearFlags        download.o
    0x080006a4   0x080006a4   0x00000002   Code   RO          364    i.DebugMon_Handler  stm32f1xx_it.o
    0x080006a6   0x080006a6   0x00000004   Code   RO          224    i.Error_Handler     main.o
    0x080006aa   0x080006aa   0x00000034   Code   RO           14    i.FLASH_If_Erase    download.o
    0x080006de   0x080006de   0x00000002   PAD
    0x080006e0   0x080006e0   0x00000018   Code   RO           15    i.FLASH_If_Init     download.o
    0x080006f8   0x080006f8   0x00000050   Code   RO           16    i.FLASH_If_Write    download.o
    0x08000748   0x08000748   0x00000024   Code   RO         2215    i.FLASH_MassErase   stm32f1xx_hal_flash_ex.o
    0x0800076c   0x0800076c   0x00000024   Code   RO         2220    i.FLASH_PageErase   stm32f1xx_hal_flash_ex.o
    0x08000790   0x08000790   0x0000001c   Code   RO         2112    i.FLASH_Program_HalfWord  stm32f1xx_hal_flash.o
    0x080007ac   0x080007ac   0x0000005c   Code   RO         2113    i.FLASH_SetErrorCode  stm32f1xx_hal_flash.o
    0x08000808   0x08000808   0x00000054   Code   RO         2114    i.FLASH_WaitForLastOperation  stm32f1xx_hal_flash.o
    0x0800085c   0x0800085c   0x00000024   Code   RO         1402    i.HAL_Delay         stm32f1xx_hal.o
    0x08000880   0x08000880   0x000000a8   Code   RO         2221    i.HAL_FLASHEx_Erase  stm32f1xx_hal_flash_ex.o
    0x08000928   0x08000928   0x00000014   Code   RO         2118    i.HAL_FLASH_Lock    stm32f1xx_hal_flash.o
    0x0800093c   0x0800093c   0x00000080   Code   RO         2123    i.HAL_FLASH_Program  stm32f1xx_hal_flash.o
    0x080009bc   0x080009bc   0x00000028   Code   RO         2125    i.HAL_FLASH_Unlock  stm32f1xx_hal_flash.o
    0x080009e4   0x080009e4   0x000001e0   Code   RO         1712    i.HAL_GPIO_Init     stm32f1xx_hal_gpio.o
    0x08000bc4   0x08000bc4   0x0000000a   Code   RO         1716    i.HAL_GPIO_WritePin  stm32f1xx_hal_gpio.o
    0x08000bce   0x08000bce   0x00000002   PAD
    0x08000bd0   0x08000bd0   0x0000000c   Code   RO         1406    i.HAL_GetTick       stm32f1xx_hal.o
    0x08000bdc   0x08000bdc   0x00000010   Code   RO         1412    i.HAL_IncTick       stm32f1xx_hal.o
    0x08000bec   0x08000bec   0x00000024   Code   RO         1413    i.HAL_Init          stm32f1xx_hal.o
    0x08000c10   0x08000c10   0x00000040   Code   RO         1414    i.HAL_InitTick      stm32f1xx_hal.o
    0x08000c50   0x08000c50   0x0000003c   Code   RO          451    i.HAL_MspInit       stm32f1xx_hal_msp.o
    0x08000c8c   0x08000c8c   0x0000001a   Code   RO         1872    i.HAL_NVIC_EnableIRQ  stm32f1xx_hal_cortex.o
    0x08000ca6   0x08000ca6   0x00000002   PAD
    0x08000ca8   0x08000ca8   0x00000040   Code   RO         1878    i.HAL_NVIC_SetPriority  stm32f1xx_hal_cortex.o
    0x08000ce8   0x08000ce8   0x00000024   Code   RO         1879    i.HAL_NVIC_SetPriorityGrouping  stm32f1xx_hal_cortex.o
    0x08000d0c   0x08000d0c   0x0000003c   Code   RO         1169    i.HAL_PCDEx_PMAConfig  stm32f1xx_hal_pcd_ex.o
    0x08000d48   0x08000d48   0x00000002   Code   RO          682    i.HAL_PCDEx_SetConnectionState  usbd_conf.o
    0x08000d4a   0x08000d4a   0x00000012   Code   RO          684    i.HAL_PCD_DataInStageCallback  usbd_conf.o
    0x08000d5c   0x08000d5c   0x00000014   Code   RO          685    i.HAL_PCD_DataOutStageCallback  usbd_conf.o
    0x08000d70   0x08000d70   0x0000004c   Code   RO          940    i.HAL_PCD_EP_Close  stm32f1xx_hal_pcd.o
    0x08000dbc   0x08000dbc   0x0000005c   Code   RO          941    i.HAL_PCD_EP_ClrStall  stm32f1xx_hal_pcd.o
    0x08000e18   0x08000e18   0x000000e6   Code   RO          942    i.HAL_PCD_EP_DB_Receive  stm32f1xx_hal_pcd.o
    0x08000efe   0x08000efe   0x00000338   Code   RO          943    i.HAL_PCD_EP_DB_Transmit  stm32f1xx_hal_pcd.o
    0x08001236   0x08001236   0x00000012   Code   RO          945    i.HAL_PCD_EP_GetRxCount  stm32f1xx_hal_pcd.o
    0x08001248   0x08001248   0x0000005a   Code   RO          946    i.HAL_PCD_EP_Open   stm32f1xx_hal_pcd.o
    0x080012a2   0x080012a2   0x0000002e   Code   RO          947    i.HAL_PCD_EP_Receive  stm32f1xx_hal_pcd.o
    0x080012d0   0x080012d0   0x00000072   Code   RO          948    i.HAL_PCD_EP_SetStall  stm32f1xx_hal_pcd.o
    0x08001342   0x08001342   0x00000030   Code   RO          949    i.HAL_PCD_EP_Transmit  stm32f1xx_hal_pcd.o
    0x08001372   0x08001372   0x00000002   PAD
    0x08001374   0x08001374   0x00000134   Code   RO          951    i.HAL_PCD_IRQHandler  stm32f1xx_hal_pcd.o
    0x080014a8   0x080014a8   0x000000da   Code   RO          954    i.HAL_PCD_Init      stm32f1xx_hal_pcd.o
    0x08001582   0x08001582   0x00000002   PAD
    0x08001584   0x08001584   0x0000003c   Code   RO          690    i.HAL_PCD_MspInit   usbd_conf.o
    0x080015c0   0x080015c0   0x00000026   Code   RO          691    i.HAL_PCD_ResetCallback  usbd_conf.o
    0x080015e6   0x080015e6   0x00000008   Code   RO          692    i.HAL_PCD_ResumeCallback  usbd_conf.o
    0x080015ee   0x080015ee   0x00000008   Code   RO          693    i.HAL_PCD_SOFCallback  usbd_conf.o
    0x080015f6   0x080015f6   0x00000028   Code   RO          960    i.HAL_PCD_SetAddress  stm32f1xx_hal_pcd.o
    0x0800161e   0x0800161e   0x0000000e   Code   RO          694    i.HAL_PCD_SetupStageCallback  usbd_conf.o
    0x0800162c   0x0800162c   0x00000032   Code   RO          962    i.HAL_PCD_Start     stm32f1xx_hal_pcd.o
    0x0800165e   0x0800165e   0x00000002   PAD
    0x08001660   0x08001660   0x00000024   Code   RO          695    i.HAL_PCD_SuspendCallback  usbd_conf.o
    0x08001684   0x08001684   0x000000ec   Code   RO         1674    i.HAL_RCCEx_PeriphCLKConfig  stm32f1xx_hal_rcc_ex.o
    0x08001770   0x08001770   0x0000012c   Code   RO         1570    i.HAL_RCC_ClockConfig  stm32f1xx_hal_rcc.o
    0x0800189c   0x0800189c   0x0000004c   Code   RO         1579    i.HAL_RCC_GetSysClockFreq  stm32f1xx_hal_rcc.o
    0x080018e8   0x080018e8   0x00000320   Code   RO         1582    i.HAL_RCC_OscConfig  stm32f1xx_hal_rcc.o
    0x08001c08   0x08001c08   0x00000028   Code   RO         1883    i.HAL_SYSTICK_Config  stm32f1xx_hal_cortex.o
    0x08001c30   0x08001c30   0x00000002   Code   RO         3078    i.HAL_TIMEx_BreakCallback  stm32f1xx_hal_tim_ex.o
    0x08001c32   0x08001c32   0x00000002   Code   RO         3079    i.HAL_TIMEx_CommutCallback  stm32f1xx_hal_tim_ex.o
    0x08001c34   0x08001c34   0x00000068   Code   RO         3097    i.HAL_TIMEx_MasterConfigSynchronization  stm32f1xx_hal_tim_ex.o
    0x08001c9c   0x08001c9c   0x0000005a   Code   RO         2374    i.HAL_TIM_Base_Init  stm32f1xx_hal_tim.o
    0x08001cf6   0x08001cf6   0x00000002   PAD
    0x08001cf8   0x08001cf8   0x00000038   Code   RO          315    i.HAL_TIM_Base_MspInit  tim.o
    0x08001d30   0x08001d30   0x00000058   Code   RO         2379    i.HAL_TIM_Base_Start_IT  stm32f1xx_hal_tim.o
    0x08001d88   0x08001d88   0x000000dc   Code   RO         2383    i.HAL_TIM_ConfigClockSource  stm32f1xx_hal_tim.o
    0x08001e64   0x08001e64   0x00000002   Code   RO         2408    i.HAL_TIM_IC_CaptureCallback  stm32f1xx_hal_tim.o
    0x08001e66   0x08001e66   0x00000166   Code   RO         2422    i.HAL_TIM_IRQHandler  stm32f1xx_hal_tim.o
    0x08001fcc   0x08001fcc   0x00000002   Code   RO         2425    i.HAL_TIM_OC_DelayElapsedCallback  stm32f1xx_hal_tim.o
    0x08001fce   0x08001fce   0x00000002   Code   RO         2452    i.HAL_TIM_PWM_PulseFinishedCallback  stm32f1xx_hal_tim.o
    0x08001fd0   0x08001fd0   0x00000018   Code   RO          316    i.HAL_TIM_PeriodElapsedCallback  tim.o
    0x08001fe8   0x08001fe8   0x00000002   Code   RO         2465    i.HAL_TIM_TriggerCallback  stm32f1xx_hal_tim.o
    0x08001fea   0x08001fea   0x00000002   Code   RO          365    i.HardFault_Handler  stm32f1xx_it.o
    0x08001fec   0x08001fec   0x00000038   Code   RO          544    i.IntToUnicode      usbd_desc.o
    0x08002024   0x08002024   0x00000058   Code   RO          290    i.MX_GPIO_Init      gpio.o
    0x0800207c   0x0800207c   0x00000068   Code   RO          317    i.MX_TIM2_Init      tim.o
    0x080020e4   0x080020e4   0x00000054   Code   RO          513    i.MX_USB_DEVICE_Init  usb_device.o
    0x08002138   0x08002138   0x00000002   Code   RO          366    i.MemManage_Handler  stm32f1xx_it.o
    0x0800213a   0x0800213a   0x00000002   Code   RO          367    i.NMI_Handler       stm32f1xx_it.o
    0x0800213c   0x0800213c   0x000003ac   Code   RO          966    i.PCD_EP_ISR_Handler  stm32f1xx_hal_pcd.o
    0x080024e8   0x080024e8   0x00000108   Code   RO           17    i.PacketParse       download.o
    0x080025f0   0x080025f0   0x00000002   Code   RO          368    i.PendSV_Handler    stm32f1xx_it.o
    0x080025f2   0x080025f2   0x0000000c   Code   RO           18    i.PutByte           download.o
    0x080025fe   0x080025fe   0x00000004   Code   RO           19    i.PutBytes          download.o
    0x08002602   0x08002602   0x00000002   Code   RO          369    i.SVC_Handler       stm32f1xx_it.o
    0x08002604   0x08002604   0x00000004   Code   RO          370    i.SysTick_Handler   stm32f1xx_it.o
    0x08002608   0x08002608   0x00000076   Code   RO          225    i.SystemClock_Config  main.o
    0x0800267e   0x0800267e   0x00000002   Code   RO          476    i.SystemInit        system_stm32f1xx.o
    0x08002680   0x08002680   0x0000000c   Code   RO          371    i.TIM2_IRQHandler   stm32f1xx_it.o
    0x0800268c   0x0800268c   0x0000006c   Code   RO         2467    i.TIM_Base_SetConfig  stm32f1xx_hal_tim.o
    0x080026f8   0x080026f8   0x00000014   Code   RO         2478    i.TIM_ETR_SetConfig  stm32f1xx_hal_tim.o
    0x0800270c   0x0800270c   0x00000010   Code   RO         2479    i.TIM_ITRx_SetConfig  stm32f1xx_hal_tim.o
    0x0800271c   0x0800271c   0x00000022   Code   RO         2485    i.TIM_TI1_ConfigInputStage  stm32f1xx_hal_tim.o
    0x0800273e   0x0800273e   0x00000024   Code   RO         2487    i.TIM_TI2_ConfigInputStage  stm32f1xx_hal_tim.o
    0x08002762   0x08002762   0x00000002   PAD
    0x08002764   0x08002764   0x00000018   Code   RO           20    i.TransAbort        download.o
    0x0800277c   0x0800277c   0x00000046   Code   RO         3608    i.USBD_CDC_DataIn   usbd_cdc.o
    0x080027c2   0x080027c2   0x0000002e   Code   RO         3609    i.USBD_CDC_DataOut  usbd_cdc.o
    0x080027f0   0x080027f0   0x00000044   Code   RO         3610    i.USBD_CDC_DeInit   usbd_cdc.o
    0x08002834   0x08002834   0x00000024   Code   RO         3611    i.USBD_CDC_EP0_RxReady  usbd_cdc.o
    0x08002858   0x08002858   0x0000000c   Code   RO         3612    i.USBD_CDC_GetDeviceQualifierDescriptor  usbd_cdc.o
    0x08002864   0x08002864   0x0000000c   Code   RO         3613    i.USBD_CDC_GetFSCfgDesc  usbd_cdc.o
    0x08002870   0x08002870   0x0000000c   Code   RO         3614    i.USBD_CDC_GetHSCfgDesc  usbd_cdc.o
    0x0800287c   0x0800287c   0x0000000c   Code   RO         3615    i.USBD_CDC_GetOtherSpeedCfgDesc  usbd_cdc.o
    0x08002888   0x08002888   0x00000094   Code   RO         3616    i.USBD_CDC_Init     usbd_cdc.o
    0x0800291c   0x0800291c   0x00000028   Code   RO         3617    i.USBD_CDC_ReceivePacket  usbd_cdc.o
    0x08002944   0x08002944   0x00000010   Code   RO         3618    i.USBD_CDC_RegisterInterface  usbd_cdc.o
    0x08002954   0x08002954   0x0000000c   Code   RO         3619    i.USBD_CDC_SetRxBuffer  usbd_cdc.o
    0x08002960   0x08002960   0x00000010   Code   RO         3620    i.USBD_CDC_SetTxBuffer  usbd_cdc.o
    0x08002970   0x08002970   0x000000ac   Code   RO         3621    i.USBD_CDC_Setup    usbd_cdc.o
    0x08002a1c   0x08002a1c   0x00000036   Code   RO         3622    i.USBD_CDC_TransmitPacket  usbd_cdc.o
    0x08002a52   0x08002a52   0x0000000e   Code   RO         3345    i.USBD_ClrClassConfig  usbd_core.o
    0x08002a60   0x08002a60   0x00000010   Code   RO         3548    i.USBD_CtlContinueRx  usbd_ioreq.o
    0x08002a70   0x08002a70   0x00000010   Code   RO         3549    i.USBD_CtlContinueSendData  usbd_ioreq.o
    0x08002a80   0x08002a80   0x00000016   Code   RO         3483    i.USBD_CtlError     usbd_ctlreq.o
    0x08002a96   0x08002a96   0x0000001e   Code   RO         3550    i.USBD_CtlPrepareRx  usbd_ioreq.o
    0x08002ab4   0x08002ab4   0x00000016   Code   RO         3551    i.USBD_CtlReceiveStatus  usbd_ioreq.o
    0x08002aca   0x08002aca   0x0000001a   Code   RO         3552    i.USBD_CtlSendData  usbd_ioreq.o
    0x08002ae4   0x08002ae4   0x00000016   Code   RO         3553    i.USBD_CtlSendStatus  usbd_ioreq.o
    0x08002afa   0x08002afa   0x00000002   PAD
    0x08002afc   0x08002afc   0x00000020   Code   RO          545    i.USBD_FS_ConfigStrDescriptor  usbd_desc.o
    0x08002b1c   0x08002b1c   0x0000000c   Code   RO          546    i.USBD_FS_DeviceDescriptor  usbd_desc.o
    0x08002b28   0x08002b28   0x00000024   Code   RO          547    i.USBD_FS_InterfaceStrDescriptor  usbd_desc.o
    0x08002b4c   0x08002b4c   0x0000000c   Code   RO          548    i.USBD_FS_LangIDStrDescriptor  usbd_desc.o
    0x08002b58   0x08002b58   0x00000028   Code   RO          549    i.USBD_FS_ManufacturerStrDescriptor  usbd_desc.o
    0x08002b80   0x08002b80   0x0000002c   Code   RO          550    i.USBD_FS_ProductStrDescriptor  usbd_desc.o
    0x08002bac   0x08002bac   0x00000038   Code   RO          551    i.USBD_FS_SerialStrDescriptor  usbd_desc.o
    0x08002be4   0x08002be4   0x000000e8   Code   RO         3484    i.USBD_GetDescriptor  usbd_ctlreq.o
    0x08002ccc   0x08002ccc   0x00000048   Code   RO         3485    i.USBD_GetString    usbd_ctlreq.o
    0x08002d14   0x08002d14   0x00000018   Code   RO          696    i.USBD_Get_USB_Status  usbd_conf.o
    0x08002d2c   0x08002d2c   0x0000002a   Code   RO         3347    i.USBD_Init         usbd_core.o
    0x08002d56   0x08002d56   0x00000012   Code   RO          697    i.USBD_LL_ClearStallEP  usbd_conf.o
    0x08002d68   0x08002d68   0x00000012   Code   RO          698    i.USBD_LL_CloseEP   usbd_conf.o
    0x08002d7a   0x08002d7a   0x000000c6   Code   RO         3348    i.USBD_LL_DataInStage  usbd_core.o
    0x08002e40   0x08002e40   0x00000082   Code   RO         3349    i.USBD_LL_DataOutStage  usbd_core.o
    0x08002ec2   0x08002ec2   0x00000008   Code   RO          702    i.USBD_LL_GetRxDataSize  usbd_conf.o
    0x08002eca   0x08002eca   0x00000002   PAD
    0x08002ecc   0x08002ecc   0x00000080   Code   RO          703    i.USBD_LL_Init      usbd_conf.o
    0x08002f4c   0x08002f4c   0x00000020   Code   RO          704    i.USBD_LL_IsStallEP  usbd_conf.o
    0x08002f6c   0x08002f6c   0x00000018   Code   RO          705    i.USBD_LL_OpenEP    usbd_conf.o
    0x08002f84   0x08002f84   0x00000012   Code   RO          706    i.USBD_LL_PrepareReceive  usbd_conf.o
    0x08002f96   0x08002f96   0x00000050   Code   RO         3354    i.USBD_LL_Reset     usbd_core.o
    0x08002fe6   0x08002fe6   0x00000014   Code   RO         3355    i.USBD_LL_Resume    usbd_core.o
    0x08002ffa   0x08002ffa   0x00000018   Code   RO         3356    i.USBD_LL_SOF       usbd_core.o
    0x08003012   0x08003012   0x00000006   Code   RO         3357    i.USBD_LL_SetSpeed  usbd_core.o
    0x08003018   0x08003018   0x00000012   Code   RO          707    i.USBD_LL_SetUSBAddress  usbd_conf.o
    0x0800302a   0x0800302a   0x0000005a   Code   RO         3358    i.USBD_LL_SetupStage  usbd_core.o
    0x08003084   0x08003084   0x00000012   Code   RO          708    i.USBD_LL_StallEP   usbd_conf.o
    0x08003096   0x08003096   0x00000012   Code   RO          709    i.USBD_LL_Start     usbd_conf.o
    0x080030a8   0x080030a8   0x00000012   Code   RO         3359    i.USBD_LL_Suspend   usbd_core.o
    0x080030ba   0x080030ba   0x00000012   Code   RO          711    i.USBD_LL_Transmit  usbd_conf.o
    0x080030cc   0x080030cc   0x00000028   Code   RO         3486    i.USBD_ParseSetupRequest  usbd_ctlreq.o
    0x080030f4   0x080030f4   0x00000010   Code   RO         3360    i.USBD_RegisterClass  usbd_core.o
    0x08003104   0x08003104   0x00000016   Code   RO         3362    i.USBD_SetClassConfig  usbd_core.o
    0x0800311a   0x0800311a   0x00000002   PAD
    0x0800311c   0x0800311c   0x00000084   Code   RO         3487    i.USBD_SetConfig    usbd_ctlreq.o
    0x080031a0   0x080031a0   0x0000000a   Code   RO         3363    i.USBD_Start        usbd_core.o
    0x080031aa   0x080031aa   0x00000112   Code   RO         3488    i.USBD_StdDevReq    usbd_ctlreq.o
    0x080032bc   0x080032bc   0x00000150   Code   RO         3489    i.USBD_StdEPReq     usbd_ctlreq.o
    0x0800340c   0x0800340c   0x0000004e   Code   RO         3490    i.USBD_StdItfReq    usbd_ctlreq.o
    0x0800345a   0x0800345a   0x00000002   Code   RO          712    i.USBD_static_free  usbd_conf.o
    0x0800345c   0x0800345c   0x00000008   Code   RO          713    i.USBD_static_malloc  usbd_conf.o
    0x08003464   0x08003464   0x0000029c   Code   RO         1209    i.USB_ActivateEndpoint  stm32f1xx_ll_usb.o
    0x08003700   0x08003700   0x00000004   Code   RO         1212    i.USB_CoreInit      stm32f1xx_ll_usb.o
    0x08003704   0x08003704   0x0000010e   Code   RO         1214    i.USB_DeactivateEndpoint  stm32f1xx_ll_usb.o
    0x08003812   0x08003812   0x00000004   Code   RO         1215    i.USB_DevConnect    stm32f1xx_ll_usb.o
    0x08003816   0x08003816   0x00000004   Code   RO         1216    i.USB_DevDisconnect  stm32f1xx_ll_usb.o
    0x0800381a   0x0800381a   0x00000012   Code   RO         1217    i.USB_DevInit       stm32f1xx_ll_usb.o
    0x0800382c   0x0800382c   0x0000000e   Code   RO         1218    i.USB_DisableGlobalInt  stm32f1xx_ll_usb.o
    0x0800383a   0x0800383a   0x00000004   Code   RO         1219    i.USB_EP0_OutStart  stm32f1xx_ll_usb.o
    0x0800383e   0x0800383e   0x00000078   Code   RO         1220    i.USB_EPClearStall  stm32f1xx_ll_usb.o
    0x080038b6   0x080038b6   0x00000032   Code   RO         1221    i.USB_EPSetStall    stm32f1xx_ll_usb.o
    0x080038e8   0x080038e8   0x000004e2   Code   RO         1222    i.USB_EPStartXfer   stm32f1xx_ll_usb.o
    0x08003dca   0x08003dca   0x00000012   Code   RO         1224    i.USB_EnableGlobalInt  stm32f1xx_ll_usb.o
    0x08003ddc   0x08003ddc   0x0000000c   Code   RO          372    i.USB_LP_CAN1_RX0_IRQHandler  stm32f1xx_it.o
    0x08003de8   0x08003de8   0x00000006   Code   RO         1231    i.USB_ReadInterrupts  stm32f1xx_ll_usb.o
    0x08003dee   0x08003dee   0x00000002   PAD
    0x08003df0   0x08003df0   0x0000002c   Code   RO         1232    i.USB_ReadPMA       stm32f1xx_ll_usb.o
    0x08003e1c   0x08003e1c   0x00000058   Code   RO          226    i.USB_Reset         main.o
    0x08003e74   0x08003e74   0x00000004   Code   RO         1233    i.USB_SetCurrentMode  stm32f1xx_ll_usb.o
    0x08003e78   0x08003e78   0x0000000c   Code   RO         1234    i.USB_SetDevAddress  stm32f1xx_ll_usb.o
    0x08003e84   0x08003e84   0x00000026   Code   RO         1236    i.USB_WritePMA      stm32f1xx_ll_usb.o
    0x08003eaa   0x08003eaa   0x00000002   Code   RO          373    i.UsageFault_Handler  stm32f1xx_it.o
    0x08003eac   0x08003eac   0x00000030   Code   RO           21    i.YmodemHandshakeCb  download.o
    0x08003edc   0x08003edc   0x000000e4   Code   RO           22    i.YmodemPacketHandle  download.o
    0x08003fc0   0x08003fc0   0x00000020   Code   RO         1885    i.__NVIC_SetPriority  stm32f1xx_hal_cortex.o
    0x08003fe0   0x08003fe0   0x0000003c   Code   RO          227    i.main              main.o
    0x0800401c   0x0800401c   0x0000002c   Code   RO         3769    locale$$code        c_w.l(lc_ctype_c.o)
    0x08004048   0x08004048   0x00000010   Data   RO          477    .constdata          system_stm32f1xx.o
    0x08004058   0x08004058   0x00000012   Data   RO         1583    .constdata          stm32f1xx_hal_rcc.o
    0x0800406a   0x0800406a   0x00000002   PAD
    0x0800406c   0x0800406c   0x00000020   Data   RO         3907    Region$$Table       anon$$obj.o
    0x0800408c   0x0800408c   0x00000110   Data   RO         3768    locale$$data        c_w.l(lc_ctype_c.o)


    Execution Region RW_IRAM1 (Exec base: 0x20000000, Load base: 0x0800419c, Size: 0x00001e48, Max: 0x00005000, ABSOLUTE, COMPRESSED[0x000000c4])

    Exec Addr    Load Addr    Size         Type   Attr      Idx    E Section Name        Object

    0x20000000   COMPRESSED   0x0000001c   Data   RW           24    .data               download.o
    0x2000001c   COMPRESSED   0x00000001   Data   RW          228    .data               main.o
    0x2000001d   COMPRESSED   0x00000003   PAD
    0x20000020   COMPRESSED   0x00000004   Data   RW          479    .data               system_stm32f1xx.o
    0x20000024   COMPRESSED   0x0000001c   Data   RW          553    .data               usbd_desc.o
    0x20000040   COMPRESSED   0x00000032   Data   RW          554    .data               usbd_desc.o
    0x20000072   COMPRESSED   0x00000002   PAD
    0x20000074   COMPRESSED   0x00000010   Data   RW          636    .data               usbd_cdc_if.o
    0x20000084   COMPRESSED   0x0000000c   Data   RW         1420    .data               stm32f1xx_hal.o
    0x20000090   COMPRESSED   0x00000001   Data   RW         3491    .data               usbd_ctlreq.o
    0x20000091   COMPRESSED   0x00000003   PAD
    0x20000094   COMPRESSED   0x000000d7   Data   RW         3623    .data               usbd_cdc.o
    0x2000016b   COMPRESSED   0x00000001   PAD
    0x2000016c   COMPRESSED   0x00000038   Data   RW         3624    .data               usbd_cdc.o
    0x200001a4        -       0x00000405   Zero   RW           23    .bss                download.o
    0x200005a9   COMPRESSED   0x00000003   PAD
    0x200005ac        -       0x00000048   Zero   RW          318    .bss                tim.o
    0x200005f4        -       0x000002c4   Zero   RW          514    .bss                usb_device.o
    0x200008b8        -       0x00000200   Zero   RW          552    .bss                usbd_desc.o
    0x20000ab8        -       0x00000800   Zero   RW          635    .bss                usbd_cdc_if.o
    0x200012b8        -       0x00000510   Zero   RW          714    .bss                usbd_conf.o
    0x200017c8        -       0x00000020   Zero   RW         2126    .bss                stm32f1xx_hal_flash.o
    0x200017e8        -       0x00000060   Zero   RW         3738    .bss                c_w.l(libspace.o)
    0x20001848        -       0x00000200   Zero   RW            2    HEAP                startup_stm32f103xb.o
    0x20001a48        -       0x00000400   Zero   RW            1    STACK               startup_stm32f103xb.o


==============================================================================

Image component sizes


      Code (inc. data)   RO Data    RW Data    ZI Data      Debug   Object Name

       756         56          0         28       1029     479251   download.o
        88         10          0          0          0        823   gpio.o
       270         18          0          1          0       2753   main.o
        64         26        236          0       1536        776   startup_stm32f103xb.o
       164         28          0         12          0       5621   stm32f1xx_hal.o
       198         14          0          0          0      28739   stm32f1xx_hal_cortex.o
       392         46          0          0         32       4450   stm32f1xx_hal_flash.o
       240         26          0          0          0       3109   stm32f1xx_hal_flash_ex.o
       490         34          0          0          0       2784   stm32f1xx_hal_gpio.o
        60          8          0          0          0        802   stm32f1xx_hal_msp.o
      3094          0          0          0          0      13777   stm32f1xx_hal_pcd.o
        60          0          0          0          0       1102   stm32f1xx_hal_pcd_ex.o
      1176         60         18          0          0       3846   stm32f1xx_hal_rcc.o
       236         12          0          0          0       1316   stm32f1xx_hal_rcc_ex.o
       978         26          0          0          0       9253   stm32f1xx_hal_tim.o
       108         12          0          0          0       2261   stm32f1xx_hal_tim_ex.o
        44         12          0          0          0       4365   stm32f1xx_it.o
      2528          0          0          0          0      15491   stm32f1xx_ll_usb.o
         2          0         16          4          0       1011   system_stm32f1xx.o
       184         22          0          0         72       2031   tim.o
        84         18          0          0        708        724   usb_device.o
       726         16          0        271          0      12402   usbd_cdc.o
       120         22          0         16       2048       3096   usbd_cdc_if.o
       556         30          0          0       1296      13325   usbd_conf.o
       670          0          0          0          0       8971   usbd_core.o
      1186         28          0          1          0       7600   usbd_ctlreq.o
       288        104          0         78        512       5577   usbd_desc.o
       132          0          0          0          0       4080   usbd_ioreq.o

    ----------------------------------------------------------------------
     14918        628        304        420       7236     639336   Object Totals
         0          0         32          0          0          0   (incl. Generated)
        24          0          2          9          3          0   (incl. Padding)

    ----------------------------------------------------------------------

      Code (inc. data)   RO Data    RW Data    ZI Data      Debug   Library Member Name

        90          0          0          0          0          0   __dczerorl2.o
         8          0          0          0          0         68   __main.o
         0          0          0          0          0          0   __rtentry.o
        12          0          0          0          0          0   __rtentry2.o
         6          0          0          0          0          0   __rtentry4.o
        52          8          0          0          0          0   __scatter.o
        28          0          0          0          0          0   __scatter_zi.o
        28          0          0          0          0         68   _chval.o
       158          0          0          0          0         92   _strtoul.o
        26          0          0          0          0         80   atol.o
        18          0          0          0          0         80   exit.o
         6          0          0          0          0        152   heapauxi.o
         0          0          0          0          0          0   indicate_semi.o
        44         10        272          0          0         76   lc_ctype_c.o
         2          0          0          0          0          0   libinit.o
        20          0          0          0          0          0   libinit2.o
         2          0          0          0          0          0   libshutdown.o
         2          0          0          0          0          0   libshutdown2.o
         8          4          0          0         96         68   libspace.o
        38          0          0          0          0         68   llushr.o
        16          4          0          0          0         76   rt_ctype_table.o
         8          4          0          0          0         68   rt_errno_addr_intlibspace.o
         8          4          0          0          0         68   rt_locale_intlibspace.o
        78          0          0          0          0         80   rt_memclr_w.o
       138          0          0          0          0         68   rt_memcpy_v6.o
       100          0          0          0          0         80   rt_memcpy_w.o
         2          0          0          0          0          0   rtexit.o
        10          0          0          0          0          0   rtexit2.o
       128          0          0          0          0         68   strcmpv7m.o
        62          0          0          0          0         76   strlen.o
       112          0          0          0          0         88   strtol.o
        12          4          0          0          0         68   sys_exit.o
        74          0          0          0          0         80   sys_stackheap_outer.o
         2          0          0          0          0         68   use_no_semi.o

    ----------------------------------------------------------------------
      1302         38        272          0         96       1640   Library Totals
         4          0          0          0          0          0   (incl. Padding)

    ----------------------------------------------------------------------

      Code (inc. data)   RO Data    RW Data    ZI Data      Debug   Library Name

      1298         38        272          0         96       1640   c_w.l

    ----------------------------------------------------------------------
      1302         38        272          0         96       1640   Library Totals

    ----------------------------------------------------------------------

==============================================================================


      Code (inc. data)   RO Data    RW Data    ZI Data      Debug   

     16220        666        576        420       7332     630884   Grand Totals
     16220        666        576        196       7332     630884   ELF Image Totals (compressed)
     16220        666        576        196          0          0   ROM Totals

==============================================================================

    Total RO  Size (Code + RO Data)                16796 (  16.40kB)
    Total RW  Size (RW Data + ZI Data)              7752 (   7.57kB)
    Total ROM Size (Code + RO Data + RW Data)      16992 (  16.59kB)

==============================================================================

